../user_app/motor_function.c:18:6:motor_function_init	8	static
../user_app/motor_function.c:25:6:motor_stop	8	static
../user_app/motor_function.c:30:6:Motor_Align	128	static
../user_app/motor_function.c:93:6:motor_open_loop_control	112	static
../user_app/motor_function.c:122:6:motor_current_loop_control	16	static
../user_app/motor_function.c:142:7:motor_ramp	24	static
../user_app/motor_function.c:174:6:motor_speed_loop_control	24	static
../user_app/motor_function.c:210:6:motor_position_loop_control	16	static
../user_app/motor_function.c:216:6:HAL_TIM_PeriodElapsedCallback	16	static
