Archive member included to satisfy reference by file (symbol)

D:/ST/STM32CubeIDE_1.13.1/STM32CubeIDE/plugins/com.st.stm32cube.ide.mcu.externaltools.gnu-tools-for-stm32.11.3.rel1.win32_1.1.0.202305231506/tools/bin/../lib/gcc/arm-none-eabi/11.3.1/../../../../arm-none-eabi/lib/thumb/v7e-m+fp/hard\libc_nano.a(libc_a-exit.o)
                              D:/ST/STM32CubeIDE_1.13.1/STM32CubeIDE/plugins/com.st.stm32cube.ide.mcu.externaltools.gnu-tools-for-stm32.11.3.rel1.win32_1.1.0.202305231506/tools/bin/../lib/gcc/arm-none-eabi/11.3.1/../../../../arm-none-eabi/lib/thumb/v7e-m+fp/hard/crt0.o (exit)
D:/ST/STM32CubeIDE_1.13.1/STM32CubeIDE/plugins/com.st.stm32cube.ide.mcu.externaltools.gnu-tools-for-stm32.11.3.rel1.win32_1.1.0.202305231506/tools/bin/../lib/gcc/arm-none-eabi/11.3.1/../../../../arm-none-eabi/lib/thumb/v7e-m+fp/hard\libc_nano.a(libc_a-findfp.o)
                              D:/ST/STM32CubeIDE_1.13.1/STM32CubeIDE/plugins/com.st.stm32cube.ide.mcu.externaltools.gnu-tools-for-stm32.11.3.rel1.win32_1.1.0.202305231506/tools/bin/../lib/gcc/arm-none-eabi/11.3.1/../../../../arm-none-eabi/lib/thumb/v7e-m+fp/hard\libc_nano.a(libc_a-exit.o) (__stdio_exit_handler)
D:/ST/STM32CubeIDE_1.13.1/STM32CubeIDE/plugins/com.st.stm32cube.ide.mcu.externaltools.gnu-tools-for-stm32.11.3.rel1.win32_1.1.0.202305231506/tools/bin/../lib/gcc/arm-none-eabi/11.3.1/../../../../arm-none-eabi/lib/thumb/v7e-m+fp/hard\libc_nano.a(libc_a-fwalk.o)
                              D:/ST/STM32CubeIDE_1.13.1/STM32CubeIDE/plugins/com.st.stm32cube.ide.mcu.externaltools.gnu-tools-for-stm32.11.3.rel1.win32_1.1.0.202305231506/tools/bin/../lib/gcc/arm-none-eabi/11.3.1/../../../../arm-none-eabi/lib/thumb/v7e-m+fp/hard\libc_nano.a(libc_a-findfp.o) (_fwalk_sglue)
D:/ST/STM32CubeIDE_1.13.1/STM32CubeIDE/plugins/com.st.stm32cube.ide.mcu.externaltools.gnu-tools-for-stm32.11.3.rel1.win32_1.1.0.202305231506/tools/bin/../lib/gcc/arm-none-eabi/11.3.1/../../../../arm-none-eabi/lib/thumb/v7e-m+fp/hard\libc_nano.a(libc_a-stdio.o)
                              D:/ST/STM32CubeIDE_1.13.1/STM32CubeIDE/plugins/com.st.stm32cube.ide.mcu.externaltools.gnu-tools-for-stm32.11.3.rel1.win32_1.1.0.202305231506/tools/bin/../lib/gcc/arm-none-eabi/11.3.1/../../../../arm-none-eabi/lib/thumb/v7e-m+fp/hard\libc_nano.a(libc_a-findfp.o) (__sread)
D:/ST/STM32CubeIDE_1.13.1/STM32CubeIDE/plugins/com.st.stm32cube.ide.mcu.externaltools.gnu-tools-for-stm32.11.3.rel1.win32_1.1.0.202305231506/tools/bin/../lib/gcc/arm-none-eabi/11.3.1/../../../../arm-none-eabi/lib/thumb/v7e-m+fp/hard\libc_nano.a(libc_a-memset.o)
                              D:/ST/STM32CubeIDE_1.13.1/STM32CubeIDE/plugins/com.st.stm32cube.ide.mcu.externaltools.gnu-tools-for-stm32.11.3.rel1.win32_1.1.0.202305231506/tools/bin/../lib/gcc/arm-none-eabi/11.3.1/../../../../arm-none-eabi/lib/thumb/v7e-m+fp/hard/crt0.o (memset)
D:/ST/STM32CubeIDE_1.13.1/STM32CubeIDE/plugins/com.st.stm32cube.ide.mcu.externaltools.gnu-tools-for-stm32.11.3.rel1.win32_1.1.0.202305231506/tools/bin/../lib/gcc/arm-none-eabi/11.3.1/../../../../arm-none-eabi/lib/thumb/v7e-m+fp/hard\libc_nano.a(libc_a-closer.o)
                              D:/ST/STM32CubeIDE_1.13.1/STM32CubeIDE/plugins/com.st.stm32cube.ide.mcu.externaltools.gnu-tools-for-stm32.11.3.rel1.win32_1.1.0.202305231506/tools/bin/../lib/gcc/arm-none-eabi/11.3.1/../../../../arm-none-eabi/lib/thumb/v7e-m+fp/hard\libc_nano.a(libc_a-stdio.o) (_close_r)
D:/ST/STM32CubeIDE_1.13.1/STM32CubeIDE/plugins/com.st.stm32cube.ide.mcu.externaltools.gnu-tools-for-stm32.11.3.rel1.win32_1.1.0.202305231506/tools/bin/../lib/gcc/arm-none-eabi/11.3.1/../../../../arm-none-eabi/lib/thumb/v7e-m+fp/hard\libc_nano.a(libc_a-reent.o)
                              D:/ST/STM32CubeIDE_1.13.1/STM32CubeIDE/plugins/com.st.stm32cube.ide.mcu.externaltools.gnu-tools-for-stm32.11.3.rel1.win32_1.1.0.202305231506/tools/bin/../lib/gcc/arm-none-eabi/11.3.1/../../../../arm-none-eabi/lib/thumb/v7e-m+fp/hard\libc_nano.a(libc_a-closer.o) (errno)
D:/ST/STM32CubeIDE_1.13.1/STM32CubeIDE/plugins/com.st.stm32cube.ide.mcu.externaltools.gnu-tools-for-stm32.11.3.rel1.win32_1.1.0.202305231506/tools/bin/../lib/gcc/arm-none-eabi/11.3.1/../../../../arm-none-eabi/lib/thumb/v7e-m+fp/hard\libc_nano.a(libc_a-impure.o)
                              D:/ST/STM32CubeIDE_1.13.1/STM32CubeIDE/plugins/com.st.stm32cube.ide.mcu.externaltools.gnu-tools-for-stm32.11.3.rel1.win32_1.1.0.202305231506/tools/bin/../lib/gcc/arm-none-eabi/11.3.1/../../../../arm-none-eabi/lib/thumb/v7e-m+fp/hard\libc_nano.a(libc_a-reent.o) (_impure_ptr)
D:/ST/STM32CubeIDE_1.13.1/STM32CubeIDE/plugins/com.st.stm32cube.ide.mcu.externaltools.gnu-tools-for-stm32.11.3.rel1.win32_1.1.0.202305231506/tools/bin/../lib/gcc/arm-none-eabi/11.3.1/../../../../arm-none-eabi/lib/thumb/v7e-m+fp/hard\libc_nano.a(libc_a-lseekr.o)
[...]
Memory Configuration

Name             Origin             Length             Attributes
RAM              0x0000000020000000 0x0000000000008000 xrw
FLASH            0x0000000008000000 0x0000000000020000 xr
*default*        0x0000000000000000 0xffffffffffffffff

Linker script and memory map

LOAD D:/ST/STM32CubeIDE_1.13.1/STM32CubeIDE/plugins/com.st.stm32cube.ide.mcu.externaltools.gnu-tools-for-stm32.11.3.rel1.win32_1.1.0.202305231506/tools/bin/../lib/gcc/arm-none-eabi/11.3.1/thumb/v7e-m+fp/hard/crti.o
LOAD D:/ST/STM32CubeIDE_1.13.1/STM32CubeIDE/plugins/com.st.stm32cube.ide.mcu.externaltools.gnu-tools-for-stm32.11.3.rel1.win32_1.1.0.202305231506/tools/bin/../lib/gcc/arm-none-eabi/11.3.1/thumb/v7e-m+fp/hard/crtbegin.o
LOAD D:/ST/STM32CubeIDE_1.13.1/STM32CubeIDE/plugins/com.st.stm32cube.ide.mcu.externaltools.gnu-tools-for-stm32.11.3.rel1.win32_1.1.0.202305231506/tools/bin/../lib/gcc/arm-none-eabi/11.3.1/../../../../arm-none-eabi/lib/thumb/v7e-m+fp/hard/crt0.o
LOAD ./Core/Src/main.o
LOAD ./Core/Src/stm32g4xx_hal_msp.o
LOAD ./Core/Src/stm32g4xx_it.o
LOAD ./Core/Src/syscalls.o
LOAD ./Core/Src/sysmem.o
LOAD ./Core/Src/system_stm32g4xx.o
LOAD ./Core/Startup/startup_stm32g431rbtx.o
LOAD ./Drivers/STM32G4xx_HAL_Driver/Src/stm32g4xx_hal.o
LOAD ./Drivers/STM32G4xx_HAL_Driver/Src/stm32g4xx_hal_adc.o
LOAD ./Drivers/STM32G4xx_HAL_Driver/Src/stm32g4xx_hal_adc_ex.o
LOAD ./Drivers/STM32G4xx_HAL_Driver/Src/stm32g4xx_hal_cortex.o
LOAD ./Drivers/STM32G4xx_HAL_Driver/Src/stm32g4xx_hal_dma.o
LOAD ./Drivers/STM32G4xx_HAL_Driver/Src/stm32g4xx_hal_dma_ex.o
LOAD ./Drivers/STM32G4xx_HAL_Driver/Src/stm32g4xx_hal_exti.o
LOAD ./Drivers/STM32G4xx_HAL_Driver/Src/stm32g4xx_hal_flash.o
LOAD ./Drivers/STM32G4xx_HAL_Driver/Src/stm32g4xx_hal_flash_ex.o
LOAD ./Drivers/STM32G4xx_HAL_Driver/Src/stm32g4xx_hal_flash_ramfunc.o
LOAD ./Drivers/STM32G4xx_HAL_Driver/Src/stm32g4xx_hal_gpio.o
LOAD ./Drivers/STM32G4xx_HAL_Driver/Src/stm32g4xx_hal_pwr.o
LOAD ./Drivers/STM32G4xx_HAL_Driver/Src/stm32g4xx_hal_pwr_ex.o
LOAD ./Drivers/STM32G4xx_HAL_Driver/Src/stm32g4xx_hal_rcc.o
LOAD ./Drivers/STM32G4xx_HAL_Driver/Src/stm32g4xx_hal_rcc_ex.o
LOAD ./Drivers/STM32G4xx_HAL_Driver/Src/stm32g4xx_hal_tim.o
LOAD ./Drivers/STM32G4xx_HAL_Driver/Src/stm32g4xx_hal_tim_ex.o
LOAD ./Drivers/STM32G4xx_HAL_Driver/Src/stm32g4xx_hal_uart.o
LOAD ./Drivers/STM32G4xx_HAL_Driver/Src/stm32g4xx_hal_uart_ex.o
LOAD ./Drivers/STM32G4xx_HAL_Driver/Src/stm32g4xx_ll_adc.o
LOAD ./user_app/BEMF.o
LOAD ./user_app/PWM_Encoder.o
LOAD ./user_app/current_sample.o
LOAD ./user_app/debug.o
LOAD ./user_app/foc.o
LOAD ./user_app/motor_bsp.o
LOAD ./user_app/motor_function.o
LOAD ./user_app/test.o
START GROUP
LOAD D:/ST/STM32CubeIDE_1.13.1/STM32CubeIDE/plugins/com.st.stm32cube.ide.mcu.externaltools.gnu-tools-for-stm32.11.3.rel1.win32_1.1.0.202305231506/tools/bin/../lib/gcc/arm-none-eabi/11.3.1/../../../../arm-none-eabi/lib/thumb/v7e-m+fp/hard\libc_nano.a
LOAD D:/ST/STM32CubeIDE_1.13.1/STM32CubeIDE/plugins/com.st.stm32cube.ide.mcu.externaltools.gnu-tools-for-stm32.11.3.rel1.win32_1.1.0.202305231506/tools/bin/../lib/gcc/arm-none-eabi/11.3.1/../../../../arm-none-eabi/lib/thumb/v7e-m+fp/hard\libm.a
END GROUP
START GROUP
LOAD D:/ST/STM32CubeIDE_1.13.1/STM32CubeIDE/plugins/com.st.stm32cube.ide.mcu.externaltools.gnu-tools-for-stm32.11.3.rel1.win32_1.1.0.202305231506/tools/bin/../lib/gcc/arm-none-eabi/11.3.1/thumb/v7e-m+fp/hard\libgcc.a
LOAD D:/ST/STM32CubeIDE_1.13.1/STM32CubeIDE/plugins/com.st.stm32cube.ide.mcu.externaltools.gnu-tools-for-stm32.11.3.rel1.win32_1.1.0.202305231506/tools/bin/../lib/gcc/arm-none-eabi/11.3.1/../../../../arm-none-eabi/lib/thumb/v7e-m+fp/hard\libc_nano.a
END GROUP
START GROUP
LOAD D:/ST/STM32CubeIDE_1.13.1/STM32CubeIDE/plugins/com.st.stm32cube.ide.mcu.externaltools.gnu-tools-for-stm32.11.3.rel1.win32_1.1.0.202305231506/tools/bin/../lib/gcc/arm-none-eabi/11.3.1/thumb/v7e-m+fp/hard\libgcc.a
LOAD D:/ST/STM32CubeIDE_1.13.1/STM32CubeIDE/plugins/com.st.stm32cube.ide.mcu.externaltools.gnu-tools-for-stm32.11.3.rel1.win32_1.1.0.202305231506/tools/bin/../lib/gcc/arm-none-eabi/11.3.1/../../../../arm-none-eabi/lib/thumb/v7e-m+fp/hard\libc_nano.a
LOAD D:/ST/STM32CubeIDE_1.13.1/STM32CubeIDE/plugins/com.st.stm32cube.ide.mcu.externaltools.gnu-tools-for-stm32.11.3.rel1.win32_1.1.0.202305231506/tools/bin/../lib/gcc/arm-none-eabi/11.3.1/../../../../arm-none-eabi/lib/thumb/v7e-m+fp/hard\libnosys.a
END GROUP
START GROUP
LOAD D:/ST/STM32CubeIDE_1.13.1/STM32CubeIDE/plugins/com.st.stm32cube.ide.mcu.externaltools.gnu-tools-for-stm32.11.3.rel1.win32_1.1.0.202305231506/tools/bin/../lib/gcc/arm-none-eabi/11.3.1/thumb/v7e-m+fp/hard\libgcc.a
LOAD D:/ST/STM32CubeIDE_1.13.1/STM32CubeIDE/plugins/com.st.stm32cube.ide.mcu.externaltools.gnu-tools-for-stm32.11.3.rel1.win32_1.1.0.202305231506/tools/bin/../lib/gcc/arm-none-eabi/11.3.1/../../../../arm-none-eabi/lib/thumb/v7e-m+fp/hard\libc_nano.a
LOAD D:/ST/STM32CubeIDE_1.13.1/STM32CubeIDE/plugins/com.st.stm32cube.ide.mcu.externaltools.gnu-tools-for-stm32.11.3.rel1.win32_1.1.0.202305231506/tools/bin/../lib/gcc/arm-none-eabi/11.3.1/../../../../arm-none-eabi/lib/thumb/v7e-m+fp/hard\libnosys.a
END GROUP
LOAD D:/ST/STM32CubeIDE_1.13.1/STM32CubeIDE/plugins/com.st.stm32cube.ide.mcu.externaltools.gnu-tools-for-stm32.11.3.rel1.win32_1.1.0.202305231506/tools/bin/../lib/gcc/arm-none-eabi/11.3.1/thumb/v7e-m+fp/hard/crtend.o
LOAD D:/ST/STM32CubeIDE_1.13.1/STM32CubeIDE/plugins/com.st.stm32cube.ide.mcu.externaltools.gnu-tools-for-stm32.11.3.rel1.win32_1.1.0.202305231506/tools/bin/../lib/gcc/arm-none-eabi/11.3.1/thumb/v7e-m+fp/hard/crtn.o
                0x0000000020008000                _estack = (ORIGIN (RAM) + LENGTH (RAM))
                0x0000000000000200                _Min_Heap_Size = 0x200
                0x0000000000000400                _Min_Stack_Size = 0x400

.isr_vector     0x0000000008000000      0x1d8
                0x0000000008000000                . = ALIGN (0x4)
 *(.isr_vector)
 .isr_vector    0x0000000008000000      0x1d8 ./Core/Startup/startup_stm32g431rbtx.o
                0x0000000008000000                g_pfnVectors
                0x00000000080001d8                . = ALIGN (0x4)

.text           0x00000000080001d8     0xae08
                0x00000000080001d8                . = ALIGN (0x4)
 *(.text)
 .text          0x00000000080001d8       0x40 D:/ST/STM32CubeIDE_1.13.1/STM32CubeIDE/plugins/com.st.stm32cube.ide.mcu.externaltools.gnu-tools-for-stm32.11.3.rel1.win32_1.1.0.202305231506/tools/bin/../lib/gcc/arm-none-eabi/11.3.1/thumb/v7e-m+fp/hard/crtbegin.o
 .text          0x0000000008000218      0x254 D:/ST/STM32CubeIDE_1.13.1/STM32CubeIDE/plugins/com.st.stm32cube.ide.mcu.externaltools.gnu-tools-for-stm32.11.3.rel1.win32_1.1.0.202305231506/tools/bin/../lib/gcc/arm-none-eabi/11.3.1/thumb/v7e-m+fp/hard\libgcc.a(_arm_muldf3.o)
                0x0000000008000218                __muldf3
                0x0000000008000218                __aeabi_dmul
 .text          0x000000000800046c      0x378 D:/ST/STM32CubeIDE_1.13.1/STM32CubeIDE/plugins/com.st.stm32cube.ide.mcu.externaltools.gnu-tools-for-stm32.11.3.rel1.win32_1.1.0.202305231506/tools/bin/../lib/gcc/arm-none-eabi/11.3.1/thumb/v7e-m+fp/hard\libgcc.a(_arm_addsubdf3.o)
                0x000000000800046c                __aeabi_drsub
                0x0000000008000474                __aeabi_dsub
                0x0000000008000474                __subdf3
                0x0000000008000478                __aeabi_dadd
                0x0000000008000478                __adddf3
                0x00000000080006f0                __floatunsidf
                0x00000000080006f0                __aeabi_ui2d
                0x0000000008000710                __floatsidf
                0x0000000008000710                __aeabi_i2d
                0x0000000008000734                __aeabi_f2d
                0x0000000008000734                __extendsfdf2
                0x0000000008000778                __floatundidf
                0x0000000008000778                __aeabi_ul2d
                0x0000000008000788                __floatdidf
                0x0000000008000788                __aeabi_l2d
 .text          0x00000000080007e4      0x110 D:/ST/STM32CubeIDE_1.13.1/STM32CubeIDE/plugins/com.st.stm32cube.ide.mcu.externaltools.gnu-tools-for-stm32.11.3.rel1.win32_1.1.0.202305231506/tools/bin/../lib/gcc/arm-none-eabi/11.3.1/thumb/v7e-m+fp/hard\libgcc.a(_arm_cmpdf2.o)
                0x00000000080007e4                __gtdf2
                0x00000000080007e4                __gedf2
                0x00000000080007ec                __ltdf2
                0x00000000080007ec                __ledf2
                0x00000000080007f4                __nedf2
                0x00000000080007f4                __eqdf2
                0x00000000080007f4                __cmpdf2
                0x0000000008000870                __aeabi_cdrcmple
                0x0000000008000880                __aeabi_cdcmpeq
                0x0000000008000880                __aeabi_cdcmple
                0x0000000008000890                __aeabi_dcmpeq
                0x00000000080008a4                __aeabi_dcmplt
                0x00000000080008b8                __aeabi_dcmple
                0x00000000080008cc                __aeabi_dcmpge
                0x00000000080008e0                __aeabi_dcmpgt
 .text          0x00000000080008f4       0x50 D:/ST/STM32CubeIDE_1.13.1/STM32CubeIDE/plugins/com.st.stm32cube.ide.mcu.externaltools.gnu-tools-for-stm32.11.3.rel1.win32_1.1.0.202305231506/tools/bin/../lib/gcc/arm-none-eabi/11.3.1/thumb/v7e-m+fp/hard\libgcc.a(_arm_fixdfsi.o)
                0x00000000080008f4                __aeabi_d2iz
                0x00000000080008f4                __fixdfsi
 .text          0x0000000008000944       0xa0 D:/ST/STM32CubeIDE_1.13.1/STM32CubeIDE/plugins/com.st.stm32cube.ide.mcu.externaltools.gnu-tools-for-stm32.11.3.rel1.win32_1.1.0.202305231506/tools/bin/../lib/gcc/arm-none-eabi/11.3.1/thumb/v7e-m+fp/hard\libgcc.a(_arm_truncdfsf2.o)
                0x0000000008000944                __truncdfsf2
                0x0000000008000944                __aeabi_d2f
 .text          0x00000000080009e4       0x30 D:/ST/STM32CubeIDE_1.13.1/STM32CubeIDE/plugins/com.st.stm32cube.ide.mcu.externaltools.gnu-tools-for-stm32.11.3.rel1.win32_1.1.0.202305231506/tools/bin/../lib/gcc/arm-none-eabi/11.3.1/thumb/v7e-m+fp/hard\libgcc.a(_aeabi_uldivmod.o)
                0x00000000080009e4                __aeabi_uldivmod
 .text          0x0000000008000a14      0x2c8 D:/ST/STM32CubeIDE_1.13.1/STM32CubeIDE/plugins/com.st.stm32cube.ide.mcu.externaltools.gnu-tools-for-stm32.11.3.rel1.win32_1.1.0.202305231506/tools/bin/../lib/gcc/arm-none-eabi/11.3.1/thumb/v7e-m+fp/hard\libgcc.a(_udivmoddi4.o)
                0x0000000008000a14                __udivmoddi4
 .text          0x0000000008000cdc        0x4 D:/ST/STM32CubeIDE_1.13.1/STM32CubeIDE/plugins/com.st.stm32cube.ide.mcu.externaltools.gnu-tools-for-stm32.11.3.rel1.win32_1.1.0.202305231506/tools/bin/../lib/gcc/arm-none-eabi/11.3.1/thumb/v7e-m+fp/hard\libgcc.a(_dvmd_tls.o)
                0x0000000008000cdc                __aeabi_idiv0
                0x0000000008000cdc                __aeabi_ldiv0
 *(.text*)
 .text.main     0x0000000008000ce0       0x64 ./Core/Src/main.o
                0x0000000008000ce0                main
 .text.SystemClock_Config
                0x0000000008000d44       0xcc ./Core/Src/main.o
                0x0000000008000d44                SystemClock_Config
 .text.MX_ADC1_Init
                0x0000000008000e10      0x1d4 ./Core/Src/main.o
 .text.MX_ADC2_Init
                0x0000000008000fe4      0x130 ./Core/Src/main.o
 .text.MX_TIM1_Init
                0x0000000008001114      0x1f8 ./Core/Src/main.o
 .text.MX_TIM3_Init
                0x000000000800130c      0x138 ./Core/Src/main.o
 .text.MX_USART2_UART_Init
                0x0000000008001444       0x98 ./Core/Src/main.o
 .text.MX_GPIO_Init
                0x00000000080014dc       0xdc ./Core/Src/main.o
 .text.Error_Handler
                0x00000000080015b8        0xa ./Core/Src/main.o
                0x00000000080015b8                Error_Handler
 *fill*         0x00000000080015c2        0x2 
 .text.HAL_MspInit
                0x00000000080015c4       0x4c ./Core/Src/stm32g4xx_hal_msp.o
                0x00000000080015c4                HAL_MspInit
 .text.HAL_ADC_MspInit
                0x0000000008001610      0x150 ./Core/Src/stm32g4xx_hal_msp.o
                0x0000000008001610                HAL_ADC_MspInit
 .text.HAL_TIM_Base_MspInit
                0x0000000008001760      0x118 ./Core/Src/stm32g4xx_hal_msp.o
                0x0000000008001760                HAL_TIM_Base_MspInit
 .text.HAL_TIM_MspPostInit
                0x0000000008001878       0xd0 ./Core/Src/stm32g4xx_hal_msp.o
                0x0000000008001878                HAL_TIM_MspPostInit
 .text.HAL_UART_MspInit
                0x0000000008001948       0x94 ./Core/Src/stm32g4xx_hal_msp.o
                0x0000000008001948                HAL_UART_MspInit
 .text.NMI_Handler
                0x00000000080019dc        0x6 ./Core/Src/stm32g4xx_it.o
                0x00000000080019dc                NMI_Handler
 .text.HardFault_Handler
                0x00000000080019e2        0x6 ./Core/Src/stm32g4xx_it.o
                0x00000000080019e2                HardFault_Handler
 .text.MemManage_Handler
                0x00000000080019e8        0x6 ./Core/Src/stm32g4xx_it.o
                0x00000000080019e8                MemManage_Handler
 .text.BusFault_Handler
                0x00000000080019ee        0x6 ./Core/Src/stm32g4xx_it.o
                0x00000000080019ee                BusFault_Handler
 .text.UsageFault_Handler
                0x00000000080019f4        0x6 ./Core/Src/stm32g4xx_it.o
                0x00000000080019f4                UsageFault_Handler
 .text.SVC_Handler
                0x00000000080019fa        0xe ./Core/Src/stm32g4xx_it.o
                0x00000000080019fa                SVC_Handler
 .text.DebugMon_Handler
                0x0000000008001a08        0xe ./Core/Src/stm32g4xx_it.o
                0x0000000008001a08                DebugMon_Handler
 .text.PendSV_Handler
                0x0000000008001a16        0xe ./Core/Src/stm32g4xx_it.o
                0x0000000008001a16                PendSV_Handler
 .text.SysTick_Handler
                0x0000000008001a24        0xc ./Core/Src/stm32g4xx_it.o
                0x0000000008001a24                SysTick_Handler
 .text.ADC1_2_IRQHandler
                0x0000000008001a30       0x1c ./Core/Src/stm32g4xx_it.o
                0x0000000008001a30                ADC1_2_IRQHandler
 .text.TIM1_BRK_TIM15_IRQHandler
                0x0000000008001a4c       0x14 ./Core/Src/stm32g4xx_it.o
                0x0000000008001a4c                TIM1_BRK_TIM15_IRQHandler
 .text.TIM1_UP_TIM16_IRQHandler
                0x0000000008001a60       0x14 ./Core/Src/stm32g4xx_it.o
                0x0000000008001a60                TIM1_UP_TIM16_IRQHandler
 .text.TIM3_IRQHandler
                0x0000000008001a74       0x14 ./Core/Src/stm32g4xx_it.o
                0x0000000008001a74                TIM3_IRQHandler
 .text.USART2_IRQHandler
                0x0000000008001a88       0x14 ./Core/Src/stm32g4xx_it.o
                0x0000000008001a88                USART2_IRQHandler
 .text.SystemInit
                0x0000000008001a9c       0x2c ./Core/Src/system_stm32g4xx.o
                0x0000000008001a9c                SystemInit
 .text.Reset_Handler
                0x0000000008001ac8       0x50 ./Core/Startup/startup_stm32g431rbtx.o
                0x0000000008001ac8                Reset_Handler
 .text.Default_Handler
                0x0000000008001b18        0x2 ./Core/Startup/startup_stm32g431rbtx.o
                0x0000000008001b18                RTC_Alarm_IRQHandler
                0x0000000008001b18                EXTI2_IRQHandler
                0x0000000008001b18                TIM8_TRG_COM_IRQHandler
                0x0000000008001b18                TIM8_CC_IRQHandler
                0x0000000008001b18                TIM1_CC_IRQHandler
                0x0000000008001b18                USB_HP_IRQHandler
                0x0000000008001b18                CORDIC_IRQHandler
                0x0000000008001b18                EXTI3_IRQHandler
                0x0000000008001b18                I2C3_ER_IRQHandler
                0x0000000008001b18                EXTI0_IRQHandler
                0x0000000008001b18                I2C2_EV_IRQHandler
                0x0000000008001b18                FPU_IRQHandler
                0x0000000008001b18                FDCAN1_IT1_IRQHandler
                0x0000000008001b18                SPI1_IRQHandler
                0x0000000008001b18                TIM6_DAC_IRQHandler
                0x0000000008001b18                TIM8_UP_IRQHandler
                0x0000000008001b18                DMA2_Channel2_IRQHandler
                0x0000000008001b18                DMA1_Channel4_IRQHandler
                0x0000000008001b18                USART3_IRQHandler
                0x0000000008001b18                TIM4_IRQHandler
                0x0000000008001b18                DMA2_Channel1_IRQHandler
                0x0000000008001b18                I2C1_EV_IRQHandler
                0x0000000008001b18                DMA1_Channel6_IRQHandler
                0x0000000008001b18                UART4_IRQHandler
                0x0000000008001b18                DMA2_Channel4_IRQHandler
                0x0000000008001b18                RCC_IRQHandler
                0x0000000008001b18                DMA1_Channel1_IRQHandler
                0x0000000008001b18                Default_Handler
                0x0000000008001b18                RTC_TAMP_LSECSS_IRQHandler
                0x0000000008001b18                FMAC_IRQHandler
                0x0000000008001b18                EXTI15_10_IRQHandler
                0x0000000008001b18                TIM7_IRQHandler
                0x0000000008001b18                UCPD1_IRQHandler
                0x0000000008001b18                I2C3_EV_IRQHandler
                0x0000000008001b18                EXTI9_5_IRQHandler
                0x0000000008001b18                RTC_WKUP_IRQHandler
                0x0000000008001b18                PVD_PVM_IRQHandler
                0x0000000008001b18                SPI2_IRQHandler
                0x0000000008001b18                DMA2_Channel5_IRQHandler
                0x0000000008001b18                CRS_IRQHandler
                0x0000000008001b18                DMA1_Channel5_IRQHandler
                0x0000000008001b18                USB_LP_IRQHandler
                0x0000000008001b18                EXTI4_IRQHandler
                0x0000000008001b18                RNG_IRQHandler
                0x0000000008001b18                TIM1_TRG_COM_TIM17_IRQHandler
                0x0000000008001b18                DMA1_Channel3_IRQHandler
                0x0000000008001b18                WWDG_IRQHandler
                0x0000000008001b18                LPUART1_IRQHandler
                0x0000000008001b18                DMA2_Channel6_IRQHandler
                0x0000000008001b18                FDCAN1_IT0_IRQHandler
                0x0000000008001b18                TIM2_IRQHandler
                0x0000000008001b18                COMP1_2_3_IRQHandler
                0x0000000008001b18                EXTI1_IRQHandler
                0x0000000008001b18                I2C2_ER_IRQHandler
                0x0000000008001b18                DMA1_Channel2_IRQHandler
                0x0000000008001b18                TIM8_BRK_IRQHandler
                0x0000000008001b18                FLASH_IRQHandler
                0x0000000008001b18                USART1_IRQHandler
                0x0000000008001b18                SPI3_IRQHandler
                0x0000000008001b18                I2C1_ER_IRQHandler
                0x0000000008001b18                LPTIM1_IRQHandler
                0x0000000008001b18                DMAMUX_OVR_IRQHandler
                0x0000000008001b18                USBWakeUp_IRQHandler
                0x0000000008001b18                SAI1_IRQHandler
                0x0000000008001b18                DMA2_Channel3_IRQHandler
                0x0000000008001b18                COMP4_IRQHandler
 .text.HAL_Init
                0x0000000008001b1a       0x30 ./Drivers/STM32G4xx_HAL_Driver/Src/stm32g4xx_hal.o
                0x0000000008001b1a                HAL_Init
 *fill*         0x0000000008001b4a        0x2 
 .text.HAL_InitTick
                0x0000000008001b4c       0x74 ./Drivers/STM32G4xx_HAL_Driver/Src/stm32g4xx_hal.o
                0x0000000008001b4c                HAL_InitTick
 .text.HAL_IncTick
                0x0000000008001bc0       0x24 ./Drivers/STM32G4xx_HAL_Driver/Src/stm32g4xx_hal.o
                0x0000000008001bc0                HAL_IncTick
 .text.HAL_GetTick
                0x0000000008001be4       0x18 ./Drivers/STM32G4xx_HAL_Driver/Src/stm32g4xx_hal.o
                0x0000000008001be4                HAL_GetTick
 .text.HAL_Delay
                0x0000000008001bfc       0x44 ./Drivers/STM32G4xx_HAL_Driver/Src/stm32g4xx_hal.o
                0x0000000008001bfc                HAL_Delay
 .text.LL_ADC_SetCommonClock
                0x0000000008001c40       0x26 ./Drivers/STM32G4xx_HAL_Driver/Src/stm32g4xx_hal_adc.o
 .text.LL_ADC_SetCommonPathInternalCh
                0x0000000008001c66       0x26 ./Drivers/STM32G4xx_HAL_Driver/Src/stm32g4xx_hal_adc.o
 .text.LL_ADC_GetCommonPathInternalCh
                0x0000000008001c8c       0x1c ./Drivers/STM32G4xx_HAL_Driver/Src/stm32g4xx_hal_adc.o
 .text.LL_ADC_SetOffset
                0x0000000008001ca8       0x48 ./Drivers/STM32G4xx_HAL_Driver/Src/stm32g4xx_hal_adc.o
 .text.LL_ADC_GetOffsetChannel
                0x0000000008001cf0       0x2c ./Drivers/STM32G4xx_HAL_Driver/Src/stm32g4xx_hal_adc.o
 .text.LL_ADC_SetOffsetState
                0x0000000008001d1c       0x36 ./Drivers/STM32G4xx_HAL_Driver/Src/stm32g4xx_hal_adc.o
 .text.LL_ADC_SetOffsetSign
                0x0000000008001d52       0x36 ./Drivers/STM32G4xx_HAL_Driver/Src/stm32g4xx_hal_adc.o
 .text.LL_ADC_SetOffsetSaturation
                0x0000000008001d88       0x36 ./Drivers/STM32G4xx_HAL_Driver/Src/stm32g4xx_hal_adc.o
 .text.LL_ADC_SetSamplingTimeCommonConfig
                0x0000000008001dbe       0x26 ./Drivers/STM32G4xx_HAL_Driver/Src/stm32g4xx_hal_adc.o
 .text.LL_ADC_REG_IsTriggerSourceSWStart
                0x0000000008001de4       0x26 ./Drivers/STM32G4xx_HAL_Driver/Src/stm32g4xx_hal_adc.o
 .text.LL_ADC_REG_SetSequencerRanks
                0x0000000008001e0a       0x58 ./Drivers/STM32G4xx_HAL_Driver/Src/stm32g4xx_hal_adc.o
 .text.LL_ADC_INJ_IsTriggerSourceSWStart
                0x0000000008001e62       0x26 ./Drivers/STM32G4xx_HAL_Driver/Src/stm32g4xx_hal_adc.o
 .text.LL_ADC_SetChannelSamplingTime
                0x0000000008001e88       0x56 ./Drivers/STM32G4xx_HAL_Driver/Src/stm32g4xx_hal_adc.o
 *fill*         0x0000000008001ede        0x2 
 .text.LL_ADC_SetChannelSingleDiff
                0x0000000008001ee0       0x48 ./Drivers/STM32G4xx_HAL_Driver/Src/stm32g4xx_hal_adc.o
 .text.LL_ADC_GetMultimode
                0x0000000008001f28       0x1c ./Drivers/STM32G4xx_HAL_Driver/Src/stm32g4xx_hal_adc.o
 .text.LL_ADC_GetMultiDMATransfer
                0x0000000008001f44       0x1c ./Drivers/STM32G4xx_HAL_Driver/Src/stm32g4xx_hal_adc.o
 .text.LL_ADC_DisableDeepPowerDown
                0x0000000008001f60       0x24 ./Drivers/STM32G4xx_HAL_Driver/Src/stm32g4xx_hal_adc.o
 .text.LL_ADC_IsDeepPowerDownEnabled
                0x0000000008001f84       0x28 ./Drivers/STM32G4xx_HAL_Driver/Src/stm32g4xx_hal_adc.o
 .text.LL_ADC_EnableInternalRegulator
                0x0000000008001fac       0x28 ./Drivers/STM32G4xx_HAL_Driver/Src/stm32g4xx_hal_adc.o
 .text.LL_ADC_IsInternalRegulatorEnabled
                0x0000000008001fd4       0x28 ./Drivers/STM32G4xx_HAL_Driver/Src/stm32g4xx_hal_adc.o
 .text.LL_ADC_Enable
                0x0000000008001ffc       0x28 ./Drivers/STM32G4xx_HAL_Driver/Src/stm32g4xx_hal_adc.o
 .text.LL_ADC_IsEnabled
                0x0000000008002024       0x26 ./Drivers/STM32G4xx_HAL_Driver/Src/stm32g4xx_hal_adc.o
 .text.LL_ADC_REG_IsConversionOngoing
                0x000000000800204a       0x26 ./Drivers/STM32G4xx_HAL_Driver/Src/stm32g4xx_hal_adc.o
 .text.LL_ADC_INJ_IsConversionOngoing
                0x0000000008002070       0x26 ./Drivers/STM32G4xx_HAL_Driver/Src/stm32g4xx_hal_adc.o
 *fill*         0x0000000008002096        0x2 
 .text.HAL_ADC_Init
                0x0000000008002098      0x310 ./Drivers/STM32G4xx_HAL_Driver/Src/stm32g4xx_hal_adc.o
                0x0000000008002098                HAL_ADC_Init
 .text.HAL_ADC_IRQHandler
                0x00000000080023a8      0x434 ./Drivers/STM32G4xx_HAL_Driver/Src/stm32g4xx_hal_adc.o
                0x00000000080023a8                HAL_ADC_IRQHandler
 .text.HAL_ADC_ConvCpltCallback
                0x00000000080027dc       0x14 ./Drivers/STM32G4xx_HAL_Driver/Src/stm32g4xx_hal_adc.o
                0x00000000080027dc                HAL_ADC_ConvCpltCallback
 .text.HAL_ADC_LevelOutOfWindowCallback
                0x00000000080027f0       0x14 ./Drivers/STM32G4xx_HAL_Driver/Src/stm32g4xx_hal_adc.o
                0x00000000080027f0                HAL_ADC_LevelOutOfWindowCallback
 .text.HAL_ADC_ErrorCallback
                0x0000000008002804       0x14 ./Drivers/STM32G4xx_HAL_Driver/Src/stm32g4xx_hal_adc.o
                0x0000000008002804                HAL_ADC_ErrorCallback
 .text.HAL_ADC_ConfigChannel
                0x0000000008002818      0x7e0 ./Drivers/STM32G4xx_HAL_Driver/Src/stm32g4xx_hal_adc.o
                0x0000000008002818                HAL_ADC_ConfigChannel
 .text.ADC_Enable
                0x0000000008002ff8       0xb4 ./Drivers/STM32G4xx_HAL_Driver/Src/stm32g4xx_hal_adc.o
                0x0000000008002ff8                ADC_Enable
 .text.LL_ADC_SetCommonPathInternalCh
                0x00000000080030ac       0x26 ./Drivers/STM32G4xx_HAL_Driver/Src/stm32g4xx_hal_adc_ex.o
 .text.LL_ADC_GetCommonPathInternalCh
                0x00000000080030d2       0x1c ./Drivers/STM32G4xx_HAL_Driver/Src/stm32g4xx_hal_adc_ex.o
 *fill*         0x00000000080030ee        0x2 
 .text.LL_ADC_SetOffset
                0x00000000080030f0       0x48 ./Drivers/STM32G4xx_HAL_Driver/Src/stm32g4xx_hal_adc_ex.o
 .text.LL_ADC_GetOffsetChannel
                0x0000000008003138       0x2c ./Drivers/STM32G4xx_HAL_Driver/Src/stm32g4xx_hal_adc_ex.o
 .text.LL_ADC_SetOffsetState
                0x0000000008003164       0x36 ./Drivers/STM32G4xx_HAL_Driver/Src/stm32g4xx_hal_adc_ex.o
 .text.LL_ADC_SetOffsetSign
                0x000000000800319a       0x36 ./Drivers/STM32G4xx_HAL_Driver/Src/stm32g4xx_hal_adc_ex.o
 .text.LL_ADC_SetOffsetSaturation
                0x00000000080031d0       0x36 ./Drivers/STM32G4xx_HAL_Driver/Src/stm32g4xx_hal_adc_ex.o
 .text.LL_ADC_SetSamplingTimeCommonConfig
                0x0000000008003206       0x26 ./Drivers/STM32G4xx_HAL_Driver/Src/stm32g4xx_hal_adc_ex.o
 .text.LL_ADC_INJ_GetTrigAuto
                0x000000000800322c       0x1c ./Drivers/STM32G4xx_HAL_Driver/Src/stm32g4xx_hal_adc_ex.o
 .text.LL_ADC_SetChannelSamplingTime
                0x0000000008003248       0x56 ./Drivers/STM32G4xx_HAL_Driver/Src/stm32g4xx_hal_adc_ex.o
 *fill*         0x000000000800329e        0x2 
 .text.LL_ADC_SetChannelSingleDiff
                0x00000000080032a0       0x48 ./Drivers/STM32G4xx_HAL_Driver/Src/stm32g4xx_hal_adc_ex.o
 .text.LL_ADC_GetMultimode
                0x00000000080032e8       0x1c ./Drivers/STM32G4xx_HAL_Driver/Src/stm32g4xx_hal_adc_ex.o
 .text.LL_ADC_IsEnabled
                0x0000000008003304       0x26 ./Drivers/STM32G4xx_HAL_Driver/Src/stm32g4xx_hal_adc_ex.o
 .text.LL_ADC_REG_IsConversionOngoing
                0x000000000800332a       0x26 ./Drivers/STM32G4xx_HAL_Driver/Src/stm32g4xx_hal_adc_ex.o
 .text.LL_ADC_INJ_StartConversion
                0x0000000008003350       0x28 ./Drivers/STM32G4xx_HAL_Driver/Src/stm32g4xx_hal_adc_ex.o
 .text.LL_ADC_INJ_IsConversionOngoing
                0x0000000008003378       0x26 ./Drivers/STM32G4xx_HAL_Driver/Src/stm32g4xx_hal_adc_ex.o
 *fill*         0x000000000800339e        0x2 
 .text.HAL_ADCEx_InjectedStart
                0x00000000080033a0      0x160 ./Drivers/STM32G4xx_HAL_Driver/Src/stm32g4xx_hal_adc_ex.o
                0x00000000080033a0                HAL_ADCEx_InjectedStart
 .text.HAL_ADCEx_InjectedGetValue
                0x0000000008003500       0x70 ./Drivers/STM32G4xx_HAL_Driver/Src/stm32g4xx_hal_adc_ex.o
                0x0000000008003500                HAL_ADCEx_InjectedGetValue
 .text.HAL_ADCEx_InjectedQueueOverflowCallback
                0x0000000008003570       0x14 ./Drivers/STM32G4xx_HAL_Driver/Src/stm32g4xx_hal_adc_ex.o
                0x0000000008003570                HAL_ADCEx_InjectedQueueOverflowCallback
 .text.HAL_ADCEx_LevelOutOfWindow2Callback
                0x0000000008003584       0x14 ./Drivers/STM32G4xx_HAL_Driver/Src/stm32g4xx_hal_adc_ex.o
                0x0000000008003584                HAL_ADCEx_LevelOutOfWindow2Callback
 .text.HAL_ADCEx_LevelOutOfWindow3Callback
                0x0000000008003598       0x14 ./Drivers/STM32G4xx_HAL_Driver/Src/stm32g4xx_hal_adc_ex.o
                0x0000000008003598                HAL_ADCEx_LevelOutOfWindow3Callback
 .text.HAL_ADCEx_EndOfSamplingCallback
                0x00000000080035ac       0x14 ./Drivers/STM32G4xx_HAL_Driver/Src/stm32g4xx_hal_adc_ex.o
                0x00000000080035ac                HAL_ADCEx_EndOfSamplingCallback
 .text.HAL_ADCEx_InjectedConfigChannel
                0x00000000080035c0      0x9c0 ./Drivers/STM32G4xx_HAL_Driver/Src/stm32g4xx_hal_adc_ex.o
                0x00000000080035c0                HAL_ADCEx_InjectedConfigChannel
 .text.HAL_ADCEx_MultiModeConfigChannel
                0x0000000008003f80      0x140 ./Drivers/STM32G4xx_HAL_Driver/Src/stm32g4xx_hal_adc_ex.o
                0x0000000008003f80                HAL_ADCEx_MultiModeConfigChannel
 .text.__NVIC_SetPriorityGrouping
                0x00000000080040c0       0x48 ./Drivers/STM32G4xx_HAL_Driver/Src/stm32g4xx_hal_cortex.o
 .text.__NVIC_GetPriorityGrouping
                0x0000000008004108       0x1c ./Drivers/STM32G4xx_HAL_Driver/Src/stm32g4xx_hal_cortex.o
 .text.__NVIC_EnableIRQ
                0x0000000008004124       0x3c ./Drivers/STM32G4xx_HAL_Driver/Src/stm32g4xx_hal_cortex.o
 .text.__NVIC_SetPriority
                0x0000000008004160       0x54 ./Drivers/STM32G4xx_HAL_Driver/Src/stm32g4xx_hal_cortex.o
 .text.NVIC_EncodePriority
                0x00000000080041b4       0x66 ./Drivers/STM32G4xx_HAL_Driver/Src/stm32g4xx_hal_cortex.o
 *fill*         0x000000000800421a        0x2 
 .text.SysTick_Config
                0x000000000800421c       0x44 ./Drivers/STM32G4xx_HAL_Driver/Src/stm32g4xx_hal_cortex.o
 .text.HAL_NVIC_SetPriorityGrouping
                0x0000000008004260       0x16 ./Drivers/STM32G4xx_HAL_Driver/Src/stm32g4xx_hal_cortex.o
                0x0000000008004260                HAL_NVIC_SetPriorityGrouping
 .text.HAL_NVIC_SetPriority
                0x0000000008004276       0x34 ./Drivers/STM32G4xx_HAL_Driver/Src/stm32g4xx_hal_cortex.o
                0x0000000008004276                HAL_NVIC_SetPriority
 .text.HAL_NVIC_EnableIRQ
                0x00000000080042aa       0x1c ./Drivers/STM32G4xx_HAL_Driver/Src/stm32g4xx_hal_cortex.o
                0x00000000080042aa                HAL_NVIC_EnableIRQ
 .text.HAL_SYSTICK_Config
                0x00000000080042c6       0x18 ./Drivers/STM32G4xx_HAL_Driver/Src/stm32g4xx_hal_cortex.o
                0x00000000080042c6                HAL_SYSTICK_Config
 .text.HAL_DMA_Abort_IT
                0x00000000080042de       0xce ./Drivers/STM32G4xx_HAL_Driver/Src/stm32g4xx_hal_dma.o
                0x00000000080042de                HAL_DMA_Abort_IT
 .text.HAL_GPIO_Init
                0x00000000080043ac      0x304 ./Drivers/STM32G4xx_HAL_Driver/Src/stm32g4xx_hal_gpio.o
                0x00000000080043ac                HAL_GPIO_Init
 .text.HAL_GPIO_WritePin
                0x00000000080046b0       0x30 ./Drivers/STM32G4xx_HAL_Driver/Src/stm32g4xx_hal_gpio.o
                0x00000000080046b0                HAL_GPIO_WritePin
 .text.HAL_GPIO_TogglePin
                0x00000000080046e0       0x34 ./Drivers/STM32G4xx_HAL_Driver/Src/stm32g4xx_hal_gpio.o
                0x00000000080046e0                HAL_GPIO_TogglePin
 .text.HAL_PWREx_ControlVoltageScaling
                0x0000000008004714      0x148 ./Drivers/STM32G4xx_HAL_Driver/Src/stm32g4xx_hal_pwr_ex.o
                0x0000000008004714                HAL_PWREx_ControlVoltageScaling
 .text.HAL_PWREx_DisableUCPDDeadBattery
                0x000000000800485c       0x20 ./Drivers/STM32G4xx_HAL_Driver/Src/stm32g4xx_hal_pwr_ex.o
                0x000000000800485c                HAL_PWREx_DisableUCPDDeadBattery
 .text.HAL_RCC_OscConfig
                0x000000000800487c      0x630 ./Drivers/STM32G4xx_HAL_Driver/Src/stm32g4xx_hal_rcc.o
                0x000000000800487c                HAL_RCC_OscConfig
 .text.HAL_RCC_ClockConfig
                0x0000000008004eac      0x278 ./Drivers/STM32G4xx_HAL_Driver/Src/stm32g4xx_hal_rcc.o
                0x0000000008004eac                HAL_RCC_ClockConfig
 .text.HAL_RCC_GetSysClockFreq
                0x0000000008005124       0xc4 ./Drivers/STM32G4xx_HAL_Driver/Src/stm32g4xx_hal_rcc.o
                0x0000000008005124                HAL_RCC_GetSysClockFreq
 .text.HAL_RCC_GetHCLKFreq
                0x00000000080051e8       0x18 ./Drivers/STM32G4xx_HAL_Driver/Src/stm32g4xx_hal_rcc.o
                0x00000000080051e8                HAL_RCC_GetHCLKFreq
 .text.HAL_RCC_GetPCLK1Freq
                0x0000000008005200       0x2c ./Drivers/STM32G4xx_HAL_Driver/Src/stm32g4xx_hal_rcc.o
                0x0000000008005200                HAL_RCC_GetPCLK1Freq
 .text.HAL_RCC_GetPCLK2Freq
                0x000000000800522c       0x2c ./Drivers/STM32G4xx_HAL_Driver/Src/stm32g4xx_hal_rcc.o
                0x000000000800522c                HAL_RCC_GetPCLK2Freq
 .text.RCC_GetSysClockFreqFromPLLSource
                0x0000000008005258       0x8c ./Drivers/STM32G4xx_HAL_Driver/Src/stm32g4xx_hal_rcc.o
 .text.HAL_RCCEx_PeriphCLKConfig
                0x00000000080052e4      0x3e0 ./Drivers/STM32G4xx_HAL_Driver/Src/stm32g4xx_hal_rcc_ex.o
                0x00000000080052e4                HAL_RCCEx_PeriphCLKConfig
 .text.HAL_TIM_Base_Init
                0x00000000080056c4       0xae ./Drivers/STM32G4xx_HAL_Driver/Src/stm32g4xx_hal_tim.o
                0x00000000080056c4                HAL_TIM_Base_Init
 *fill*         0x0000000008005772        0x2 
 .text.HAL_TIM_Base_Start
                0x0000000008005774       0xc4 ./Drivers/STM32G4xx_HAL_Driver/Src/stm32g4xx_hal_tim.o
                0x0000000008005774                HAL_TIM_Base_Start
 .text.HAL_TIM_PWM_Init
                0x0000000008005838       0xae ./Drivers/STM32G4xx_HAL_Driver/Src/stm32g4xx_hal_tim.o
                0x0000000008005838                HAL_TIM_PWM_Init
 .text.HAL_TIM_PWM_MspInit
                0x00000000080058e6       0x14 ./Drivers/STM32G4xx_HAL_Driver/Src/stm32g4xx_hal_tim.o
                0x00000000080058e6                HAL_TIM_PWM_MspInit
 *fill*         0x00000000080058fa        0x2 
 .text.HAL_TIM_PWM_Start
                0x00000000080058fc      0x200 ./Drivers/STM32G4xx_HAL_Driver/Src/stm32g4xx_hal_tim.o
                0x00000000080058fc                HAL_TIM_PWM_Start
 .text.HAL_TIM_IC_Init
                0x0000000008005afc       0xae ./Drivers/STM32G4xx_HAL_Driver/Src/stm32g4xx_hal_tim.o
                0x0000000008005afc                HAL_TIM_IC_Init
 .text.HAL_TIM_IC_MspInit
                0x0000000008005baa       0x14 ./Drivers/STM32G4xx_HAL_Driver/Src/stm32g4xx_hal_tim.o
                0x0000000008005baa                HAL_TIM_IC_MspInit
 *fill*         0x0000000008005bbe        0x2 
 .text.HAL_TIM_IC_Start_IT
                0x0000000008005bc0      0x278 ./Drivers/STM32G4xx_HAL_Driver/Src/stm32g4xx_hal_tim.o
                0x0000000008005bc0                HAL_TIM_IC_Start_IT
 .text.HAL_TIM_IRQHandler
                0x0000000008005e38      0x2fe ./Drivers/STM32G4xx_HAL_Driver/Src/stm32g4xx_hal_tim.o
                0x0000000008005e38                HAL_TIM_IRQHandler
 .text.HAL_TIM_IC_ConfigChannel
                0x0000000008006136      0x128 ./Drivers/STM32G4xx_HAL_Driver/Src/stm32g4xx_hal_tim.o
                0x0000000008006136                HAL_TIM_IC_ConfigChannel
 *fill*         0x000000000800625e        0x2 
 .text.HAL_TIM_PWM_ConfigChannel
                0x0000000008006260      0x220 ./Drivers/STM32G4xx_HAL_Driver/Src/stm32g4xx_hal_tim.o
                0x0000000008006260                HAL_TIM_PWM_ConfigChannel
 .text.HAL_TIM_ConfigClockSource
                0x0000000008006480      0x1ec ./Drivers/STM32G4xx_HAL_Driver/Src/stm32g4xx_hal_tim.o
                0x0000000008006480                HAL_TIM_ConfigClockSource
 .text.HAL_TIM_SlaveConfigSynchro
                0x000000000800666c       0x84 ./Drivers/STM32G4xx_HAL_Driver/Src/stm32g4xx_hal_tim.o
                0x000000000800666c                HAL_TIM_SlaveConfigSynchro
 .text.HAL_TIM_ReadCapturedValue
                0x00000000080066f0       0x88 ./Drivers/STM32G4xx_HAL_Driver/Src/stm32g4xx_hal_tim.o
                0x00000000080066f0                HAL_TIM_ReadCapturedValue
 .text.HAL_TIM_PeriodElapsedCallback
                0x0000000008006778       0x14 ./Drivers/STM32G4xx_HAL_Driver/Src/stm32g4xx_hal_tim.o
                0x0000000008006778                HAL_TIM_PeriodElapsedCallback
 .text.HAL_TIM_OC_DelayElapsedCallback
                0x000000000800678c       0x14 ./Drivers/STM32G4xx_HAL_Driver/Src/stm32g4xx_hal_tim.o
                0x000000000800678c                HAL_TIM_OC_DelayElapsedCallback
 .text.HAL_TIM_PWM_PulseFinishedCallback
                0x00000000080067a0       0x14 ./Drivers/STM32G4xx_HAL_Driver/Src/stm32g4xx_hal_tim.o
                0x00000000080067a0                HAL_TIM_PWM_PulseFinishedCallback
 .text.HAL_TIM_TriggerCallback
                0x00000000080067b4       0x14 ./Drivers/STM32G4xx_HAL_Driver/Src/stm32g4xx_hal_tim.o
                0x00000000080067b4                HAL_TIM_TriggerCallback
 .text.TIM_Base_SetConfig
                0x00000000080067c8      0x120 ./Drivers/STM32G4xx_HAL_Driver/Src/stm32g4xx_hal_tim.o
                0x00000000080067c8                TIM_Base_SetConfig
 .text.TIM_OC1_SetConfig
                0x00000000080068e8      0x120 ./Drivers/STM32G4xx_HAL_Driver/Src/stm32g4xx_hal_tim.o
 .text.TIM_OC2_SetConfig
                0x0000000008006a08      0x114 ./Drivers/STM32G4xx_HAL_Driver/Src/stm32g4xx_hal_tim.o
                0x0000000008006a08                TIM_OC2_SetConfig
 .text.TIM_OC3_SetConfig
                0x0000000008006b1c      0x110 ./Drivers/STM32G4xx_HAL_Driver/Src/stm32g4xx_hal_tim.o
 .text.TIM_OC4_SetConfig
                0x0000000008006c2c      0x114 ./Drivers/STM32G4xx_HAL_Driver/Src/stm32g4xx_hal_tim.o
 .text.TIM_OC5_SetConfig
                0x0000000008006d40       0xc8 ./Drivers/STM32G4xx_HAL_Driver/Src/stm32g4xx_hal_tim.o
 .text.TIM_OC6_SetConfig
                0x0000000008006e08       0xcc ./Drivers/STM32G4xx_HAL_Driver/Src/stm32g4xx_hal_tim.o
 .text.TIM_SlaveTimer_SetConfig
                0x0000000008006ed4      0x180 ./Drivers/STM32G4xx_HAL_Driver/Src/stm32g4xx_hal_tim.o
 .text.TIM_TI1_SetConfig
                0x0000000008007054       0xd0 ./Drivers/STM32G4xx_HAL_Driver/Src/stm32g4xx_hal_tim.o
                0x0000000008007054                TIM_TI1_SetConfig
 .text.TIM_TI1_ConfigInputStage
                0x0000000008007124       0x5e ./Drivers/STM32G4xx_HAL_Driver/Src/stm32g4xx_hal_tim.o
 .text.TIM_TI2_SetConfig
                0x0000000008007182       0x7a ./Drivers/STM32G4xx_HAL_Driver/Src/stm32g4xx_hal_tim.o
 .text.TIM_TI2_ConfigInputStage
                0x00000000080071fc       0x60 ./Drivers/STM32G4xx_HAL_Driver/Src/stm32g4xx_hal_tim.o
 .text.TIM_TI3_SetConfig
                0x000000000800725c       0x78 ./Drivers/STM32G4xx_HAL_Driver/Src/stm32g4xx_hal_tim.o
 .text.TIM_TI4_SetConfig
                0x00000000080072d4       0x7a ./Drivers/STM32G4xx_HAL_Driver/Src/stm32g4xx_hal_tim.o
 .text.TIM_ITRx_SetConfig
                0x000000000800734e       0x3a ./Drivers/STM32G4xx_HAL_Driver/Src/stm32g4xx_hal_tim.o
 .text.TIM_ETR_SetConfig
                0x0000000008007388       0x40 ./Drivers/STM32G4xx_HAL_Driver/Src/stm32g4xx_hal_tim.o
                0x0000000008007388                TIM_ETR_SetConfig
 .text.TIM_CCxChannelCmd
                0x00000000080073c8       0x4a ./Drivers/STM32G4xx_HAL_Driver/Src/stm32g4xx_hal_tim.o
                0x00000000080073c8                TIM_CCxChannelCmd
 *fill*         0x0000000008007412        0x2 
 .text.HAL_TIMEx_PWMN_Start
                0x0000000008007414      0x168 ./Drivers/STM32G4xx_HAL_Driver/Src/stm32g4xx_hal_tim_ex.o
                0x0000000008007414                HAL_TIMEx_PWMN_Start
 .text.HAL_TIMEx_MasterConfigSynchronization
                0x000000000800757c      0x104 ./Drivers/STM32G4xx_HAL_Driver/Src/stm32g4xx_hal_tim_ex.o
                0x000000000800757c                HAL_TIMEx_MasterConfigSynchronization
 .text.HAL_TIMEx_ConfigBreakDeadTime
                0x0000000008007680      0x140 ./Drivers/STM32G4xx_HAL_Driver/Src/stm32g4xx_hal_tim_ex.o
                0x0000000008007680                HAL_TIMEx_ConfigBreakDeadTime
 .text.HAL_TIMEx_ConfigBreakInput
                0x00000000080077c0      0x1a4 ./Drivers/STM32G4xx_HAL_Driver/Src/stm32g4xx_hal_tim_ex.o
                0x00000000080077c0                HAL_TIMEx_ConfigBreakInput
 .text.HAL_TIMEx_EnableDeadTimePreload
                0x0000000008007964       0x26 ./Drivers/STM32G4xx_HAL_Driver/Src/stm32g4xx_hal_tim_ex.o
                0x0000000008007964                HAL_TIMEx_EnableDeadTimePreload
 .text.HAL_TIMEx_CommutCallback
                0x000000000800798a       0x14 ./Drivers/STM32G4xx_HAL_Driver/Src/stm32g4xx_hal_tim_ex.o
                0x000000000800798a                HAL_TIMEx_CommutCallback
 .text.HAL_TIMEx_BreakCallback
                0x000000000800799e       0x14 ./Drivers/STM32G4xx_HAL_Driver/Src/stm32g4xx_hal_tim_ex.o
                0x000000000800799e                HAL_TIMEx_BreakCallback
 .text.HAL_TIMEx_Break2Callback
                0x00000000080079b2       0x14 ./Drivers/STM32G4xx_HAL_Driver/Src/stm32g4xx_hal_tim_ex.o
                0x00000000080079b2                HAL_TIMEx_Break2Callback
 .text.HAL_TIMEx_EncoderIndexCallback
                0x00000000080079c6       0x14 ./Drivers/STM32G4xx_HAL_Driver/Src/stm32g4xx_hal_tim_ex.o
                0x00000000080079c6                HAL_TIMEx_EncoderIndexCallback
 .text.HAL_TIMEx_DirectionChangeCallback
                0x00000000080079da       0x14 ./Drivers/STM32G4xx_HAL_Driver/Src/stm32g4xx_hal_tim_ex.o
                0x00000000080079da                HAL_TIMEx_DirectionChangeCallback
 .text.HAL_TIMEx_IndexErrorCallback
                0x00000000080079ee       0x14 ./Drivers/STM32G4xx_HAL_Driver/Src/stm32g4xx_hal_tim_ex.o
                0x00000000080079ee                HAL_TIMEx_IndexErrorCallback
 .text.HAL_TIMEx_TransitionErrorCallback
                0x0000000008007a02       0x14 ./Drivers/STM32G4xx_HAL_Driver/Src/stm32g4xx_hal_tim_ex.o
                0x0000000008007a02                HAL_TIMEx_TransitionErrorCallback
 .text.TIM_CCxNChannelCmd
                0x0000000008007a16       0x4a ./Drivers/STM32G4xx_HAL_Driver/Src/stm32g4xx_hal_tim_ex.o
 .text.HAL_UART_Init
                0x0000000008007a60       0xa0 ./Drivers/STM32G4xx_HAL_Driver/Src/stm32g4xx_hal_uart.o
                0x0000000008007a60                HAL_UART_Init
 .text.HAL_UART_Transmit
                0x0000000008007b00      0x12c ./Drivers/STM32G4xx_HAL_Driver/Src/stm32g4xx_hal_uart.o
                0x0000000008007b00                HAL_UART_Transmit
 .text.HAL_UART_Transmit_IT
                0x0000000008007c2c      0x108 ./Drivers/STM32G4xx_HAL_Driver/Src/stm32g4xx_hal_uart.o
                0x0000000008007c2c                HAL_UART_Transmit_IT
 .text.HAL_UART_Receive_IT
                0x0000000008007d34      0x1b0 ./Drivers/STM32G4xx_HAL_Driver/Src/stm32g4xx_hal_uart.o
                0x0000000008007d34                HAL_UART_Receive_IT
 .text.HAL_UART_IRQHandler
                0x0000000008007ee4      0x2fc ./Drivers/STM32G4xx_HAL_Driver/Src/stm32g4xx_hal_uart.o
                0x0000000008007ee4                HAL_UART_IRQHandler
 .text.HAL_UART_TxCpltCallback
                0x00000000080081e0       0x14 ./Drivers/STM32G4xx_HAL_Driver/Src/stm32g4xx_hal_uart.o
                0x00000000080081e0                HAL_UART_TxCpltCallback
 .text.HAL_UART_ErrorCallback
                0x00000000080081f4       0x14 ./Drivers/STM32G4xx_HAL_Driver/Src/stm32g4xx_hal_uart.o
                0x00000000080081f4                HAL_UART_ErrorCallback
 .text.UART_SetConfig
                0x0000000008008208      0x5a4 ./Drivers/STM32G4xx_HAL_Driver/Src/stm32g4xx_hal_uart.o
                0x0000000008008208                UART_SetConfig
 .text.UART_AdvFeatureConfig
                0x00000000080087ac      0x144 ./Drivers/STM32G4xx_HAL_Driver/Src/stm32g4xx_hal_uart.o
                0x00000000080087ac                UART_AdvFeatureConfig
 .text.UART_CheckIdleState
                0x00000000080088f0       0x90 ./Drivers/STM32G4xx_HAL_Driver/Src/stm32g4xx_hal_uart.o
                0x00000000080088f0                UART_CheckIdleState
 .text.UART_WaitOnFlagUntilTimeout
                0x0000000008008980      0x100 ./Drivers/STM32G4xx_HAL_Driver/Src/stm32g4xx_hal_uart.o
                0x0000000008008980                UART_WaitOnFlagUntilTimeout
 .text.UART_EndRxTransfer
                0x0000000008008a80       0x46 ./Drivers/STM32G4xx_HAL_Driver/Src/stm32g4xx_hal_uart.o
 .text.UART_DMAAbortOnError
                0x0000000008008ac6       0x2c ./Drivers/STM32G4xx_HAL_Driver/Src/stm32g4xx_hal_uart.o
 .text.UART_TxISR_8BIT
                0x0000000008008af2       0x74 ./Drivers/STM32G4xx_HAL_Driver/Src/stm32g4xx_hal_uart.o
 .text.UART_TxISR_16BIT
                0x0000000008008b66       0x7e ./Drivers/STM32G4xx_HAL_Driver/Src/stm32g4xx_hal_uart.o
 .text.UART_TxISR_8BIT_FIFOEN
                0x0000000008008be4       0x9a ./Drivers/STM32G4xx_HAL_Driver/Src/stm32g4xx_hal_uart.o
 .text.UART_TxISR_16BIT_FIFOEN
                0x0000000008008c7e       0xa4 ./Drivers/STM32G4xx_HAL_Driver/Src/stm32g4xx_hal_uart.o
 .text.UART_EndTransmit_IT
                0x0000000008008d22       0x34 ./Drivers/STM32G4xx_HAL_Driver/Src/stm32g4xx_hal_uart.o
 .text.UART_RxISR_8BIT
                0x0000000008008d56       0xaa ./Drivers/STM32G4xx_HAL_Driver/Src/stm32g4xx_hal_uart.o
 .text.UART_RxISR_16BIT
                0x0000000008008e00       0xaa ./Drivers/STM32G4xx_HAL_Driver/Src/stm32g4xx_hal_uart.o
 *fill*         0x0000000008008eaa        0x2 
 .text.UART_RxISR_8BIT_FIFOEN
                0x0000000008008eac      0x108 ./Drivers/STM32G4xx_HAL_Driver/Src/stm32g4xx_hal_uart.o
 .text.UART_RxISR_16BIT_FIFOEN
                0x0000000008008fb4      0x108 ./Drivers/STM32G4xx_HAL_Driver/Src/stm32g4xx_hal_uart.o
 .text.HAL_UARTEx_WakeupCallback
                0x00000000080090bc       0x14 ./Drivers/STM32G4xx_HAL_Driver/Src/stm32g4xx_hal_uart_ex.o
                0x00000000080090bc                HAL_UARTEx_WakeupCallback
 .text.HAL_UARTEx_RxFifoFullCallback
                0x00000000080090d0       0x14 ./Drivers/STM32G4xx_HAL_Driver/Src/stm32g4xx_hal_uart_ex.o
                0x00000000080090d0                HAL_UARTEx_RxFifoFullCallback
 .text.HAL_UARTEx_TxFifoEmptyCallback
                0x00000000080090e4       0x14 ./Drivers/STM32G4xx_HAL_Driver/Src/stm32g4xx_hal_uart_ex.o
                0x00000000080090e4                HAL_UARTEx_TxFifoEmptyCallback
 .text.HAL_UARTEx_DisableFifoMode
                0x00000000080090f8       0x72 ./Drivers/STM32G4xx_HAL_Driver/Src/stm32g4xx_hal_uart_ex.o
                0x00000000080090f8                HAL_UARTEx_DisableFifoMode
 .text.HAL_UARTEx_SetTxFifoThreshold
                0x000000000800916a       0x7c ./Drivers/STM32G4xx_HAL_Driver/Src/stm32g4xx_hal_uart_ex.o
                0x000000000800916a                HAL_UARTEx_SetTxFifoThreshold
 .text.HAL_UARTEx_SetRxFifoThreshold
                0x00000000080091e6       0x7c ./Drivers/STM32G4xx_HAL_Driver/Src/stm32g4xx_hal_uart_ex.o
                0x00000000080091e6                HAL_UARTEx_SetRxFifoThreshold
 *fill*         0x0000000008009262        0x2 
 .text.UARTEx_SetNbDataToProcess
                0x0000000008009264       0xc8 ./Drivers/STM32G4xx_HAL_Driver/Src/stm32g4xx_hal_uart_ex.o
 .text.PWM_encoder_init
                0x000000000800932c       0x1c ./user_app/PWM_Encoder.o
                0x000000000800932c                PWM_encoder_init
 .text.HAL_TIM_IC_CaptureCallback
                0x0000000008009348       0x98 ./user_app/PWM_Encoder.o
                0x0000000008009348                HAL_TIM_IC_CaptureCallback
 .text.Get_PWM_Encoder_Angles
                0x00000000080093e0       0xb4 ./user_app/PWM_Encoder.o
                0x00000000080093e0                Get_PWM_Encoder_Angles
 .text.HAL_ADCEx_InjectedConvCpltCallback
                0x0000000008009494       0x84 ./user_app/current_sample.o
                0x0000000008009494                HAL_ADCEx_InjectedConvCpltCallback
 .text.uart_debug_init
                0x0000000008009518       0x28 ./user_app/debug.o
                0x0000000008009518                uart_debug_init
 .text.HAL_UART_RxCpltCallback
                0x0000000008009540       0x30 ./user_app/debug.o
                0x0000000008009540                HAL_UART_RxCpltCallback
 .text.FOC_hardware_init
                0x0000000008009570        0xc ./user_app/foc.o
                0x0000000008009570                FOC_hardware_init
 .text.inverseParkTransform
                0x000000000800957c       0xa6 ./user_app/foc.o
                0x000000000800957c                inverseParkTransform
 *fill*         0x0000000008009622        0x2 
 .text.SVPWM    0x0000000008009624      0x69c ./user_app/foc.o
                0x0000000008009624                SVPWM
 .text.PWM_ADC_init
                0x0000000008009cc0       0x88 ./user_app/motor_bsp.o
                0x0000000008009cc0                PWM_ADC_init
 .text.set_PWM_value
                0x0000000008009d48       0x3c ./user_app/motor_bsp.o
                0x0000000008009d48                set_PWM_value
 .text.Motor_Align
                0x0000000008009d84       0x6c ./user_app/motor_function.o
                0x0000000008009d84                Motor_Align
 .text.motor_open_loop_control
                0x0000000008009df0       0x54 ./user_app/motor_function.o
                0x0000000008009df0                motor_open_loop_control
 .text.memset   0x0000000008009e44       0x10 D:/ST/STM32CubeIDE_1.13.1/STM32CubeIDE/plugins/com.st.stm32cube.ide.mcu.externaltools.gnu-tools-for-stm32.11.3.rel1.win32_1.1.0.202305231506/tools/bin/../lib/gcc/arm-none-eabi/11.3.1/../../../../arm-none-eabi/lib/thumb/v7e-m+fp/hard\libc_nano.a(libc_a-memset.o)
                0x0000000008009e44                memset
 .text.__libc_init_array
                0x0000000008009e54       0x48 D:/ST/STM32CubeIDE_1.13.1/STM32CubeIDE/plugins/com.st.stm32cube.ide.mcu.externaltools.gnu-tools-for-stm32.11.3.rel1.win32_1.1.0.202305231506/tools/bin/../lib/gcc/arm-none-eabi/11.3.1/../../../../arm-none-eabi/lib/thumb/v7e-m+fp/hard\libc_nano.a(libc_a-init.o)
                0x0000000008009e54                __libc_init_array
 *fill*         0x0000000008009e9c        0x4 
 .text.cos      0x0000000008009ea0       0xa8 D:/ST/STM32CubeIDE_1.13.1/STM32CubeIDE/plugins/com.st.stm32cube.ide.mcu.externaltools.gnu-tools-for-stm32.11.3.rel1.win32_1.1.0.202305231506/tools/bin/../lib/gcc/arm-none-eabi/11.3.1/../../../../arm-none-eabi/lib/thumb/v7e-m+fp/hard\libm.a(libm_a-s_cos.o)
                0x0000000008009ea0                cos
 .text.sin      0x0000000008009f48       0xb0 D:/ST/STM32CubeIDE_1.13.1/STM32CubeIDE/plugins/com.st.stm32cube.ide.mcu.externaltools.gnu-tools-for-stm32.11.3.rel1.win32_1.1.0.202305231506/tools/bin/../lib/gcc/arm-none-eabi/11.3.1/../../../../arm-none-eabi/lib/thumb/v7e-m+fp/hard\libm.a(libm_a-s_sin.o)
                0x0000000008009f48                sin
 .text.__kernel_cos
                0x0000000008009ff8      0x18c D:/ST/STM32CubeIDE_1.13.1/STM32CubeIDE/plugins/com.st.stm32cube.ide.mcu.externaltools.gnu-tools-for-stm32.11.3.rel1.win32_1.1.0.202305231506/tools/bin/../lib/gcc/arm-none-eabi/11.3.1/../../../../arm-none-eabi/lib/thumb/v7e-m+fp/hard\libm.a(libm_a-k_cos.o)
                0x0000000008009ff8                __kernel_cos
 *fill*         0x000000000800a184        0x4 
 .text.__kernel_sin
                0x000000000800a188      0x17c D:/ST/STM32CubeIDE_1.13.1/STM32CubeIDE/plugins/com.st.stm32cube.ide.mcu.externaltools.gnu-tools-for-stm32.11.3.rel1.win32_1.1.0.202305231506/tools/bin/../lib/gcc/arm-none-eabi/11.3.1/../../../../arm-none-eabi/lib/thumb/v7e-m+fp/hard\libm.a(libm_a-k_sin.o)
                0x000000000800a188                __kernel_sin
 *fill*         0x000000000800a304        0x4 
 .text.__ieee754_rem_pio2
                0x000000000800a308      0x40c D:/ST/STM32CubeIDE_1.13.1/STM32CubeIDE/plugins/com.st.stm32cube.ide.mcu.externaltools.gnu-tools-for-stm32.11.3.rel1.win32_1.1.0.202305231506/tools/bin/../lib/gcc/arm-none-eabi/11.3.1/../../../../arm-none-eabi/lib/thumb/v7e-m+fp/hard\libm.a(libm_a-e_rem_pio2.o)
                0x000000000800a308                __ieee754_rem_pio2
 .text.fabs     0x000000000800a714       0x12 D:/ST/STM32CubeIDE_1.13.1/STM32CubeIDE/plugins/com.st.stm32cube.ide.mcu.externaltools.gnu-tools-for-stm32.11.3.rel1.win32_1.1.0.202305231506/tools/bin/../lib/gcc/arm-none-eabi/11.3.1/../../../../arm-none-eabi/lib/thumb/v7e-m+fp/hard\libm.a(libm_a-s_fabs.o)
                0x000000000800a714                fabs
 *fill*         0x000000000800a726        0x2 
 .text.__kernel_rem_pio2
                0x000000000800a728      0x69c D:/ST/STM32CubeIDE_1.13.1/STM32CubeIDE/plugins/com.st.stm32cube.ide.mcu.externaltools.gnu-tools-for-stm32.11.3.rel1.win32_1.1.0.202305231506/tools/bin/../lib/gcc/arm-none-eabi/11.3.1/../../../../arm-none-eabi/lib/thumb/v7e-m+fp/hard\libm.a(libm_a-k_rem_pio2.o)
                0x000000000800a728                __kernel_rem_pio2
 *fill*         0x000000000800adc4        0x4 
 .text.scalbn   0x000000000800adc8       0xfc D:/ST/STM32CubeIDE_1.13.1/STM32CubeIDE/plugins/com.st.stm32cube.ide.mcu.externaltools.gnu-tools-for-stm32.11.3.rel1.win32_1.1.0.202305231506/tools/bin/../lib/gcc/arm-none-eabi/11.3.1/../../../../arm-none-eabi/lib/thumb/v7e-m+fp/hard\libm.a(libm_a-s_scalbn.o)
                0x000000000800adc8                scalbn
 *fill*         0x000000000800aec4        0x4 
 .text.floor    0x000000000800aec8      0x100 D:/ST/STM32CubeIDE_1.13.1/STM32CubeIDE/plugins/com.st.stm32cube.ide.mcu.externaltools.gnu-tools-for-stm32.11.3.rel1.win32_1.1.0.202305231506/tools/bin/../lib/gcc/arm-none-eabi/11.3.1/../../../../arm-none-eabi/lib/thumb/v7e-m+fp/hard\libm.a(libm_a-s_floor.o)
                0x000000000800aec8                floor
 *(.glue_7)
 .glue_7        0x000000000800afc8        0x0 linker stubs
 *(.glue_7t)
 .glue_7t       0x000000000800afc8        0x0 linker stubs
 *(.eh_frame)
 .eh_frame      0x000000000800afc8        0x0 D:/ST/STM32CubeIDE_1.13.1/STM32CubeIDE/plugins/com.st.stm32cube.ide.mcu.externaltools.gnu-tools-for-stm32.11.3.rel1.win32_1.1.0.202305231506/tools/bin/../lib/gcc/arm-none-eabi/11.3.1/thumb/v7e-m+fp/hard/crtbegin.o
 *(.init)
 .init          0x000000000800afc8        0x4 D:/ST/STM32CubeIDE_1.13.1/STM32CubeIDE/plugins/com.st.stm32cube.ide.mcu.externaltools.gnu-tools-for-stm32.11.3.rel1.win32_1.1.0.202305231506/tools/bin/../lib/gcc/arm-none-eabi/11.3.1/thumb/v7e-m+fp/hard/crti.o
                0x000000000800afc8                _init
 .init          0x000000000800afcc        0x8 D:/ST/STM32CubeIDE_1.13.1/STM32CubeIDE/plugins/com.st.stm32cube.ide.mcu.externaltools.gnu-tools-for-stm32.11.3.rel1.win32_1.1.0.202305231506/tools/bin/../lib/gcc/arm-none-eabi/11.3.1/thumb/v7e-m+fp/hard/crtn.o
 *(.fini)
 .fini          0x000000000800afd4        0x4 D:/ST/STM32CubeIDE_1.13.1/STM32CubeIDE/plugins/com.st.stm32cube.ide.mcu.externaltools.gnu-tools-for-stm32.11.3.rel1.win32_1.1.0.202305231506/tools/bin/../lib/gcc/arm-none-eabi/11.3.1/thumb/v7e-m+fp/hard/crti.o
                0x000000000800afd4                _fini
 .fini          0x000000000800afd8        0x8 D:/ST/STM32CubeIDE_1.13.1/STM32CubeIDE/plugins/com.st.stm32cube.ide.mcu.externaltools.gnu-tools-for-stm32.11.3.rel1.win32_1.1.0.202305231506/tools/bin/../lib/gcc/arm-none-eabi/11.3.1/thumb/v7e-m+fp/hard/crtn.o
                0x000000000800afe0                . = ALIGN (0x4)
                0x000000000800afe0                _etext = .

.vfp11_veneer   0x000000000800afe0        0x0
 .vfp11_veneer  0x000000000800afe0        0x0 linker stubs

.v4_bx          0x000000000800afe0        0x0
 .v4_bx         0x000000000800afe0        0x0 linker stubs

.iplt           0x000000000800afe0        0x0
 .iplt          0x000000000800afe0        0x0 D:/ST/STM32CubeIDE_1.13.1/STM32CubeIDE/plugins/com.st.stm32cube.ide.mcu.externaltools.gnu-tools-for-stm32.11.3.rel1.win32_1.1.0.202305231506/tools/bin/../lib/gcc/arm-none-eabi/11.3.1/thumb/v7e-m+fp/hard/crtbegin.o

.rodata         0x000000000800afe0      0x218
                0x000000000800afe0                . = ALIGN (0x4)
 *(.rodata)
 .rodata        0x000000000800afe0       0x10 ./Drivers/STM32G4xx_HAL_Driver/Src/stm32g4xx_hal_uart_ex.o
 *(.rodata*)
 .rodata.AHBPrescTable
                0x000000000800aff0       0x10 ./Core/Src/system_stm32g4xx.o
                0x000000000800aff0                AHBPrescTable
 .rodata.APBPrescTable
                0x000000000800b000        0x8 ./Core/Src/system_stm32g4xx.o
                0x000000000800b000                APBPrescTable
 .rodata.UARTPrescTable
                0x000000000800b008       0x18 ./Drivers/STM32G4xx_HAL_Driver/Src/stm32g4xx_hal_uart.o
                0x000000000800b008                UARTPrescTable
 .rodata.npio2_hw
                0x000000000800b020       0x80 D:/ST/STM32CubeIDE_1.13.1/STM32CubeIDE/plugins/com.st.stm32cube.ide.mcu.externaltools.gnu-tools-for-stm32.11.3.rel1.win32_1.1.0.202305231506/tools/bin/../lib/gcc/arm-none-eabi/11.3.1/../../../../arm-none-eabi/lib/thumb/v7e-m+fp/hard\libm.a(libm_a-e_rem_pio2.o)
 .rodata.two_over_pi
                0x000000000800b0a0      0x108 D:/ST/STM32CubeIDE_1.13.1/STM32CubeIDE/plugins/com.st.stm32cube.ide.mcu.externaltools.gnu-tools-for-stm32.11.3.rel1.win32_1.1.0.202305231506/tools/bin/../lib/gcc/arm-none-eabi/11.3.1/../../../../arm-none-eabi/lib/thumb/v7e-m+fp/hard\libm.a(libm_a-e_rem_pio2.o)
 .rodata.PIo2   0x000000000800b1a8       0x40 D:/ST/STM32CubeIDE_1.13.1/STM32CubeIDE/plugins/com.st.stm32cube.ide.mcu.externaltools.gnu-tools-for-stm32.11.3.rel1.win32_1.1.0.202305231506/tools/bin/../lib/gcc/arm-none-eabi/11.3.1/../../../../arm-none-eabi/lib/thumb/v7e-m+fp/hard\libm.a(libm_a-k_rem_pio2.o)
 .rodata.init_jk
                0x000000000800b1e8       0x10 D:/ST/STM32CubeIDE_1.13.1/STM32CubeIDE/plugins/com.st.stm32cube.ide.mcu.externaltools.gnu-tools-for-stm32.11.3.rel1.win32_1.1.0.202305231506/tools/bin/../lib/gcc/arm-none-eabi/11.3.1/../../../../arm-none-eabi/lib/thumb/v7e-m+fp/hard\libm.a(libm_a-k_rem_pio2.o)
                0x000000000800b1f8                . = ALIGN (0x4)

.ARM.extab      0x000000000800b1f8        0x0
                0x000000000800b1f8                . = ALIGN (0x4)
 *(.ARM.extab* .gnu.linkonce.armextab.*)
                0x000000000800b1f8                . = ALIGN (0x4)

.ARM            0x000000000800b1f8        0x8
                0x000000000800b1f8                . = ALIGN (0x4)
                0x000000000800b1f8                __exidx_start = .
 *(.ARM.exidx*)
 .ARM.exidx     0x000000000800b1f8        0x8 D:/ST/STM32CubeIDE_1.13.1/STM32CubeIDE/plugins/com.st.stm32cube.ide.mcu.externaltools.gnu-tools-for-stm32.11.3.rel1.win32_1.1.0.202305231506/tools/bin/../lib/gcc/arm-none-eabi/11.3.1/thumb/v7e-m+fp/hard\libgcc.a(_udivmoddi4.o)
                0x000000000800b200                __exidx_end = .
                0x000000000800b200                . = ALIGN (0x4)

.rel.dyn        0x000000000800b200        0x0
 .rel.iplt      0x000000000800b200        0x0 D:/ST/STM32CubeIDE_1.13.1/STM32CubeIDE/plugins/com.st.stm32cube.ide.mcu.externaltools.gnu-tools-for-stm32.11.3.rel1.win32_1.1.0.202305231506/tools/bin/../lib/gcc/arm-none-eabi/11.3.1/thumb/v7e-m+fp/hard/crtbegin.o

.preinit_array  0x000000000800b200        0x0
                0x000000000800b200                . = ALIGN (0x4)
                0x000000000800b200                PROVIDE (__preinit_array_start = .)
 *(.preinit_array*)
                0x000000000800b200                PROVIDE (__preinit_array_end = .)
                0x000000000800b200                . = ALIGN (0x4)

.init_array     0x000000000800b200        0x4
                0x000000000800b200                . = ALIGN (0x4)
                0x000000000800b200                PROVIDE (__init_array_start = .)
 *(SORT_BY_NAME(.init_array.*))
 *(.init_array*)
 .init_array    0x000000000800b200        0x4 D:/ST/STM32CubeIDE_1.13.1/STM32CubeIDE/plugins/com.st.stm32cube.ide.mcu.externaltools.gnu-tools-for-stm32.11.3.rel1.win32_1.1.0.202305231506/tools/bin/../lib/gcc/arm-none-eabi/11.3.1/thumb/v7e-m+fp/hard/crtbegin.o
                0x000000000800b204                PROVIDE (__init_array_end = .)
                0x000000000800b204                . = ALIGN (0x4)

.fini_array     0x000000000800b204        0x4
                0x000000000800b204                . = ALIGN (0x4)
                [!provide]                        PROVIDE (__fini_array_start = .)
 *(SORT_BY_NAME(.fini_array.*))
 *(.fini_array*)
 .fini_array    0x000000000800b204        0x4 D:/ST/STM32CubeIDE_1.13.1/STM32CubeIDE/plugins/com.st.stm32cube.ide.mcu.externaltools.gnu-tools-for-stm32.11.3.rel1.win32_1.1.0.202305231506/tools/bin/../lib/gcc/arm-none-eabi/11.3.1/thumb/v7e-m+fp/hard/crtbegin.o
                [!provide]                        PROVIDE (__fini_array_end = .)
                0x000000000800b208                . = ALIGN (0x4)
                0x000000000800b208                _sidata = LOADADDR (.data)

.data           0x0000000020000000       0x10 load address 0x000000000800b208
                0x0000000020000000                . = ALIGN (0x4)
                0x0000000020000000                _sdata = .
 *(.data)
 *(.data*)
 .data.SystemCoreClock
                0x0000000020000000        0x4 ./Core/Src/system_stm32g4xx.o
                0x0000000020000000                SystemCoreClock
 .data.uwTickPrio
                0x0000000020000004        0x4 ./Drivers/STM32G4xx_HAL_Driver/Src/stm32g4xx_hal.o
                0x0000000020000004                uwTickPrio
 .data.uwTickFreq
                0x0000000020000008        0x4 ./Drivers/STM32G4xx_HAL_Driver/Src/stm32g4xx_hal.o
                0x0000000020000008                uwTickFreq
 .data.StaMessages
                0x000000002000000c        0x4 ./user_app/debug.o
                0x000000002000000c                StaMessages
 *(.RamFunc)
 *(.RamFunc*)
                0x0000000020000010                . = ALIGN (0x4)
                0x0000000020000010                _edata = .

.igot.plt       0x0000000020000010        0x0 load address 0x000000000800b218
 .igot.plt      0x0000000020000010        0x0 D:/ST/STM32CubeIDE_1.13.1/STM32CubeIDE/plugins/com.st.stm32cube.ide.mcu.externaltools.gnu-tools-for-stm32.11.3.rel1.win32_1.1.0.202305231506/tools/bin/../lib/gcc/arm-none-eabi/11.3.1/thumb/v7e-m+fp/hard/crtbegin.o
                0x0000000020000010                . = ALIGN (0x4)

.bss            0x0000000020000010      0x260 load address 0x000000000800b218
                0x0000000020000010                _sbss = .
                0x0000000020000010                __bss_start__ = _sbss
 *(.bss)
 .bss           0x0000000020000010       0x1c D:/ST/STM32CubeIDE_1.13.1/STM32CubeIDE/plugins/com.st.stm32cube.ide.mcu.externaltools.gnu-tools-for-stm32.11.3.rel1.win32_1.1.0.202305231506/tools/bin/../lib/gcc/arm-none-eabi/11.3.1/thumb/v7e-m+fp/hard/crtbegin.o
 *(.bss*)
 .bss.hadc1     0x000000002000002c       0x6c ./Core/Src/main.o
                0x000000002000002c                hadc1
 .bss.hadc2     0x0000000020000098       0x6c ./Core/Src/main.o
                0x0000000020000098                hadc2
 .bss.htim1     0x0000000020000104       0x4c ./Core/Src/main.o
                0x0000000020000104                htim1
 .bss.htim3     0x0000000020000150       0x4c ./Core/Src/main.o
                0x0000000020000150                htim3
 .bss.huart2    0x000000002000019c       0x8c ./Core/Src/main.o
                0x000000002000019c                huart2
 .bss.test      0x0000000020000228        0x4 ./Core/Src/main.o
                0x0000000020000228                test
 .bss.HAL_RCC_ADC12_CLK_ENABLED
                0x000000002000022c        0x4 ./Core/Src/stm32g4xx_hal_msp.o
 .bss.uwTick    0x0000000020000230        0x4 ./Drivers/STM32G4xx_HAL_Driver/Src/stm32g4xx_hal.o
                0x0000000020000230                uwTick
 .bss.pwm_encoder
                0x0000000020000234       0x20 ./user_app/PWM_Encoder.o
                0x0000000020000234                pwm_encoder
 .bss.PA1_adc_value
                0x0000000020000254        0x2 ./user_app/current_sample.o
                0x0000000020000254                PA1_adc_value
 .bss.PB11_adc_value
                0x0000000020000256        0x2 ./user_app/current_sample.o
                0x0000000020000256                PB11_adc_value
 .bss.PA0_adc_value
                0x0000000020000258        0x2 ./user_app/current_sample.o
                0x0000000020000258                PA0_adc_value
 .bss.PA7_adc_value
                0x000000002000025a        0x2 ./user_app/current_sample.o
                0x000000002000025a                PA7_adc_value
 .bss.RxBuffer  0x000000002000025c       0x14 ./user_app/debug.o
                0x000000002000025c                RxBuffer
 *(COMMON)
                0x0000000020000270                . = ALIGN (0x4)
                0x0000000020000270                _ebss = .
                0x0000000020000270                __bss_end__ = _ebss

._user_heap_stack
                0x0000000020000270      0x600 load address 0x000000000800b218
                0x0000000020000270                . = ALIGN (0x8)
                [!provide]                        PROVIDE (end = .)
                0x0000000020000270                PROVIDE (_end = .)
                0x0000000020000470                . = (. + _Min_Heap_Size)
 *fill*         0x0000000020000270      0x200 
                0x0000000020000870                . = (. + _Min_Stack_Size)
 *fill*         0x0000000020000470      0x400 
                0x0000000020000870                . = ALIGN (0x8)

/DISCARD/
 libc.a(*)
 libm.a(*)
 libgcc.a(*)

.ARM.attributes
                0x0000000000000000       0x30
 *(.ARM.attributes)
 .ARM.attributes
                0x0000000000000000       0x1e D:/ST/STM32CubeIDE_1.13.1/STM32CubeIDE/plugins/com.st.stm32cube.ide.mcu.externaltools.gnu-tools-for-stm32.11.3.rel1.win32_1.1.0.202305231506/tools/bin/../lib/gcc/arm-none-eabi/11.3.1/thumb/v7e-m+fp/hard/crti.o
 .ARM.attributes
                0x000000000000001e       0x34 D:/ST/STM32CubeIDE_1.13.1/STM32CubeIDE/plugins/com.st.stm32cube.ide.mcu.externaltools.gnu-tools-for-stm32.11.3.rel1.win32_1.1.0.202305231506/tools/bin/../lib/gcc/arm-none-eabi/11.3.1/thumb/v7e-m+fp/hard/crtbegin.o
 .ARM.attributes
                0x0000000000000052       0x34 ./Core/Src/main.o
 .ARM.attributes
                0x0000000000000086       0x34 ./Core/Src/stm32g4xx_hal_msp.o
 .ARM.attributes
                0x00000000000000ba       0x34 ./Core/Src/stm32g4xx_it.o
 .ARM.attributes
                0x00000000000000ee       0x34 ./Core/Src/system_stm32g4xx.o
 .ARM.attributes
                0x0000000000000122       0x21 ./Core/Startup/startup_stm32g431rbtx.o
 .ARM.attributes
                0x0000000000000143       0x34 ./Drivers/STM32G4xx_HAL_Driver/Src/stm32g4xx_hal.o
 .ARM.attributes
                0x0000000000000177       0x34 ./Drivers/STM32G4xx_HAL_Driver/Src/stm32g4xx_hal_adc.o
 .ARM.attributes
                0x00000000000001ab       0x34 ./Drivers/STM32G4xx_HAL_Driver/Src/stm32g4xx_hal_adc_ex.o
 .ARM.attributes
                0x00000000000001df       0x34 ./Drivers/STM32G4xx_HAL_Driver/Src/stm32g4xx_hal_cortex.o
 .ARM.attributes
                0x0000000000000213       0x34 ./Drivers/STM32G4xx_HAL_Driver/Src/stm32g4xx_hal_dma.o
 .ARM.attributes
                0x0000000000000247       0x34 ./Drivers/STM32G4xx_HAL_Driver/Src/stm32g4xx_hal_gpio.o
 .ARM.attributes
                0x000000000000027b       0x34 ./Drivers/STM32G4xx_HAL_Driver/Src/stm32g4xx_hal_pwr_ex.o
 .ARM.attributes
                0x00000000000002af       0x34 ./Drivers/STM32G4xx_HAL_Driver/Src/stm32g4xx_hal_rcc.o
 .ARM.attributes
                0x00000000000002e3       0x34 ./Drivers/STM32G4xx_HAL_Driver/Src/stm32g4xx_hal_rcc_ex.o
 .ARM.attributes
                0x0000000000000317       0x34 ./Drivers/STM32G4xx_HAL_Driver/Src/stm32g4xx_hal_tim.o
 .ARM.attributes
                0x000000000000034b       0x34 ./Drivers/STM32G4xx_HAL_Driver/Src/stm32g4xx_hal_tim_ex.o
 .ARM.attributes
                0x000000000000037f       0x34 ./Drivers/STM32G4xx_HAL_Driver/Src/stm32g4xx_hal_uart.o
 .ARM.attributes
                0x00000000000003b3       0x34 ./Drivers/STM32G4xx_HAL_Driver/Src/stm32g4xx_hal_uart_ex.o
 .ARM.attributes
                0x00000000000003e7       0x34 ./user_app/PWM_Encoder.o
 .ARM.attributes
                0x000000000000041b       0x34 ./user_app/current_sample.o
 .ARM.attributes
                0x000000000000044f       0x34 ./user_app/debug.o
 .ARM.attributes
                0x0000000000000483       0x34 ./user_app/foc.o
 .ARM.attributes
                0x00000000000004b7       0x34 ./user_app/motor_bsp.o
 .ARM.attributes
                0x00000000000004eb       0x34 ./user_app/motor_function.o
 .ARM.attributes
                0x000000000000051f       0x34 D:/ST/STM32CubeIDE_1.13.1/STM32CubeIDE/plugins/com.st.stm32cube.ide.mcu.externaltools.gnu-tools-for-stm32.11.3.rel1.win32_1.1.0.202305231506/tools/bin/../lib/gcc/arm-none-eabi/11.3.1/../../../../arm-none-eabi/lib/thumb/v7e-m+fp/hard\libc_nano.a(libc_a-memset.o)
 .ARM.attributes
                0x0000000000000553       0x34 D:/ST/STM32CubeIDE_1.13.1/STM32CubeIDE/plugins/com.st.stm32cube.ide.mcu.externaltools.gnu-tools-for-stm32.11.3.rel1.win32_1.1.0.202305231506/tools/bin/../lib/gcc/arm-none-eabi/11.3.1/../../../../arm-none-eabi/lib/thumb/v7e-m+fp/hard\libc_nano.a(libc_a-init.o)
 .ARM.attributes
                0x0000000000000587       0x34 D:/ST/STM32CubeIDE_1.13.1/STM32CubeIDE/plugins/com.st.stm32cube.ide.mcu.externaltools.gnu-tools-for-stm32.11.3.rel1.win32_1.1.0.202305231506/tools/bin/../lib/gcc/arm-none-eabi/11.3.1/../../../../arm-none-eabi/lib/thumb/v7e-m+fp/hard\libm.a(libm_a-s_cos.o)
 .ARM.attributes
                0x00000000000005bb       0x34 D:/ST/STM32CubeIDE_1.13.1/STM32CubeIDE/plugins/com.st.stm32cube.ide.mcu.externaltools.gnu-tools-for-stm32.11.3.rel1.win32_1.1.0.202305231506/tools/bin/../lib/gcc/arm-none-eabi/11.3.1/../../../../arm-none-eabi/lib/thumb/v7e-m+fp/hard\libm.a(libm_a-s_sin.o)
 .ARM.attributes
                0x00000000000005ef       0x34 D:/ST/STM32CubeIDE_1.13.1/STM32CubeIDE/plugins/com.st.stm32cube.ide.mcu.externaltools.gnu-tools-for-stm32.11.3.rel1.win32_1.1.0.202305231506/tools/bin/../lib/gcc/arm-none-eabi/11.3.1/../../../../arm-none-eabi/lib/thumb/v7e-m+fp/hard\libm.a(libm_a-k_cos.o)
 .ARM.attributes
                0x0000000000000623       0x34 D:/ST/STM32CubeIDE_1.13.1/STM32CubeIDE/plugins/com.st.stm32cube.ide.mcu.externaltools.gnu-tools-for-stm32.11.3.rel1.win32_1.1.0.202305231506/tools/bin/../lib/gcc/arm-none-eabi/11.3.1/../../../../arm-none-eabi/lib/thumb/v7e-m+fp/hard\libm.a(libm_a-k_sin.o)
 .ARM.attributes
                0x0000000000000657       0x34 D:/ST/STM32CubeIDE_1.13.1/STM32CubeIDE/plugins/com.st.stm32cube.ide.mcu.externaltools.gnu-tools-for-stm32.11.3.rel1.win32_1.1.0.202305231506/tools/bin/../lib/gcc/arm-none-eabi/11.3.1/../../../../arm-none-eabi/lib/thumb/v7e-m+fp/hard\libm.a(libm_a-e_rem_pio2.o)
 .ARM.attributes
                0x000000000000068b       0x34 D:/ST/STM32CubeIDE_1.13.1/STM32CubeIDE/plugins/com.st.stm32cube.ide.mcu.externaltools.gnu-tools-for-stm32.11.3.rel1.win32_1.1.0.202305231506/tools/bin/../lib/gcc/arm-none-eabi/11.3.1/../../../../arm-none-eabi/lib/thumb/v7e-m+fp/hard\libm.a(libm_a-s_fabs.o)
 .ARM.attributes
                0x00000000000006bf       0x34 D:/ST/STM32CubeIDE_1.13.1/STM32CubeIDE/plugins/com.st.stm32cube.ide.mcu.externaltools.gnu-tools-for-stm32.11.3.rel1.win32_1.1.0.202305231506/tools/bin/../lib/gcc/arm-none-eabi/11.3.1/../../../../arm-none-eabi/lib/thumb/v7e-m+fp/hard\libm.a(libm_a-k_rem_pio2.o)
 .ARM.attributes
                0x00000000000006f3       0x34 D:/ST/STM32CubeIDE_1.13.1/STM32CubeIDE/plugins/com.st.stm32cube.ide.mcu.externaltools.gnu-tools-for-stm32.11.3.rel1.win32_1.1.0.202305231506/tools/bin/../lib/gcc/arm-none-eabi/11.3.1/../../../../arm-none-eabi/lib/thumb/v7e-m+fp/hard\libm.a(libm_a-s_scalbn.o)
 .ARM.attributes
                0x0000000000000727       0x34 D:/ST/STM32CubeIDE_1.13.1/STM32CubeIDE/plugins/com.st.stm32cube.ide.mcu.externaltools.gnu-tools-for-stm32.11.3.rel1.win32_1.1.0.202305231506/tools/bin/../lib/gcc/arm-none-eabi/11.3.1/../../../../arm-none-eabi/lib/thumb/v7e-m+fp/hard\libm.a(libm_a-s_floor.o)
 .ARM.attributes
                0x000000000000075b       0x1e D:/ST/STM32CubeIDE_1.13.1/STM32CubeIDE/plugins/com.st.stm32cube.ide.mcu.externaltools.gnu-tools-for-stm32.11.3.rel1.win32_1.1.0.202305231506/tools/bin/../lib/gcc/arm-none-eabi/11.3.1/thumb/v7e-m+fp/hard\libgcc.a(_arm_muldf3.o)
 .ARM.attributes
                0x0000000000000779       0x1e D:/ST/STM32CubeIDE_1.13.1/STM32CubeIDE/plugins/com.st.stm32cube.ide.mcu.externaltools.gnu-tools-for-stm32.11.3.rel1.win32_1.1.0.202305231506/tools/bin/../lib/gcc/arm-none-eabi/11.3.1/thumb/v7e-m+fp/hard\libgcc.a(_arm_addsubdf3.o)
 .ARM.attributes
                0x0000000000000797       0x1e D:/ST/STM32CubeIDE_1.13.1/STM32CubeIDE/plugins/com.st.stm32cube.ide.mcu.externaltools.gnu-tools-for-stm32.11.3.rel1.win32_1.1.0.202305231506/tools/bin/../lib/gcc/arm-none-eabi/11.3.1/thumb/v7e-m+fp/hard\libgcc.a(_arm_cmpdf2.o)
 .ARM.attributes
                0x00000000000007b5       0x1e D:/ST/STM32CubeIDE_1.13.1/STM32CubeIDE/plugins/com.st.stm32cube.ide.mcu.externaltools.gnu-tools-for-stm32.11.3.rel1.win32_1.1.0.202305231506/tools/bin/../lib/gcc/arm-none-eabi/11.3.1/thumb/v7e-m+fp/hard\libgcc.a(_arm_fixdfsi.o)
 .ARM.attributes
                0x00000000000007d3       0x1e D:/ST/STM32CubeIDE_1.13.1/STM32CubeIDE/plugins/com.st.stm32cube.ide.mcu.externaltools.gnu-tools-for-stm32.11.3.rel1.win32_1.1.0.202305231506/tools/bin/../lib/gcc/arm-none-eabi/11.3.1/thumb/v7e-m+fp/hard\libgcc.a(_arm_truncdfsf2.o)
 .ARM.attributes
                0x00000000000007f1       0x1e D:/ST/STM32CubeIDE_1.13.1/STM32CubeIDE/plugins/com.st.stm32cube.ide.mcu.externaltools.gnu-tools-for-stm32.11.3.rel1.win32_1.1.0.202305231506/tools/bin/../lib/gcc/arm-none-eabi/11.3.1/thumb/v7e-m+fp/hard\libgcc.a(_aeabi_uldivmod.o)
 .ARM.attributes
                0x000000000000080f       0x34 D:/ST/STM32CubeIDE_1.13.1/STM32CubeIDE/plugins/com.st.stm32cube.ide.mcu.externaltools.gnu-tools-for-stm32.11.3.rel1.win32_1.1.0.202305231506/tools/bin/../lib/gcc/arm-none-eabi/11.3.1/thumb/v7e-m+fp/hard\libgcc.a(_udivmoddi4.o)
 .ARM.attributes
                0x0000000000000843       0x1e D:/ST/STM32CubeIDE_1.13.1/STM32CubeIDE/plugins/com.st.stm32cube.ide.mcu.externaltools.gnu-tools-for-stm32.11.3.rel1.win32_1.1.0.202305231506/tools/bin/../lib/gcc/arm-none-eabi/11.3.1/thumb/v7e-m+fp/hard\libgcc.a(_dvmd_tls.o)
 .ARM.attributes
                0x0000000000000861       0x1e D:/ST/STM32CubeIDE_1.13.1/STM32CubeIDE/plugins/com.st.stm32cube.ide.mcu.externaltools.gnu-tools-for-stm32.11.3.rel1.win32_1.1.0.202305231506/tools/bin/../lib/gcc/arm-none-eabi/11.3.1/thumb/v7e-m+fp/hard/crtn.o
OUTPUT(easy_FOC.elf elf32-littlearm)
LOAD linker stubs
LOAD D:/ST/STM32CubeIDE_1.13.1/STM32CubeIDE/plugins/com.st.stm32cube.ide.mcu.externaltools.gnu-tools-for-stm32.11.3.rel1.win32_1.1.0.202305231506/tools/bin/../lib/gcc/arm-none-eabi/11.3.1/../../../../arm-none-eabi/lib/thumb/v7e-m+fp/hard\libc.a
LOAD D:/ST/STM32CubeIDE_1.13.1/STM32CubeIDE/plugins/com.st.stm32cube.ide.mcu.externaltools.gnu-tools-for-stm32.11.3.rel1.win32_1.1.0.202305231506/tools/bin/../lib/gcc/arm-none-eabi/11.3.1/../../../../arm-none-eabi/lib/thumb/v7e-m+fp/hard\libm.a
LOAD D:/ST/STM32CubeIDE_1.13.1/STM32CubeIDE/plugins/com.st.stm32cube.ide.mcu.externaltools.gnu-tools-for-stm32.11.3.rel1.win32_1.1.0.202305231506/tools/bin/../lib/gcc/arm-none-eabi/11.3.1/thumb/v7e-m+fp/hard\libgcc.a

.comment        0x0000000000000000       0x43
 .comment       0x0000000000000000       0x43 D:/ST/STM32CubeIDE_1.13.1/STM32CubeIDE/plugins/com.st.stm32cube.ide.mcu.externaltools.gnu-tools-for-stm32.11.3.rel1.win32_1.1.0.202305231506/tools/bin/../lib/gcc/arm-none-eabi/11.3.1/thumb/v7e-m+fp/hard/crtbegin.o
                                         0x44 (size before relaxing)
 .comment       0x0000000000000043       0x44 ./Core/Src/main.o
 .comment       0x0000000000000043       0x44 ./Core/Src/stm32g4xx_hal_msp.o
 .comment       0x0000000000000043       0x44 ./Core/Src/stm32g4xx_it.o
 .comment       0x0000000000000043       0x44 ./Core/Src/system_stm32g4xx.o
 .comment       0x0000000000000043       0x44 ./Drivers/STM32G4xx_HAL_Driver/Src/stm32g4xx_hal.o
 .comment       0x0000000000000043       0x44 ./Drivers/STM32G4xx_HAL_Driver/Src/stm32g4xx_hal_adc.o
 .comment       0x0000000000000043       0x44 ./Drivers/STM32G4xx_HAL_Driver/Src/stm32g4xx_hal_adc_ex.o
 .comment       0x0000000000000043       0x44 ./Drivers/STM32G4xx_HAL_Driver/Src/stm32g4xx_hal_cortex.o
 .comment       0x0000000000000043       0x44 ./Drivers/STM32G4xx_HAL_Driver/Src/stm32g4xx_hal_dma.o
 .comment       0x0000000000000043       0x44 ./Drivers/STM32G4xx_HAL_Driver/Src/stm32g4xx_hal_gpio.o
 .comment       0x0000000000000043       0x44 ./Drivers/STM32G4xx_HAL_Driver/Src/stm32g4xx_hal_pwr_ex.o
 .comment       0x0000000000000043       0x44 ./Drivers/STM32G4xx_HAL_Driver/Src/stm32g4xx_hal_rcc.o
 .comment       0x0000000000000043       0x44 ./Drivers/STM32G4xx_HAL_Driver/Src/stm32g4xx_hal_rcc_ex.o
 .comment       0x0000000000000043       0x44 ./Drivers/STM32G4xx_HAL_Driver/Src/stm32g4xx_hal_tim.o
 .comment       0x0000000000000043       0x44 ./Drivers/STM32G4xx_HAL_Driver/Src/stm32g4xx_hal_tim_ex.o
 .comment       0x0000000000000043       0x44 ./Drivers/STM32G4xx_HAL_Driver/Src/stm32g4xx_hal_uart.o
 .comment       0x0000000000000043       0x44 ./Drivers/STM32G4xx_HAL_Driver/Src/stm32g4xx_hal_uart_ex.o
 .comment       0x0000000000000043       0x44 ./user_app/PWM_Encoder.o
 .comment       0x0000000000000043       0x44 ./user_app/current_sample.o
 .comment       0x0000000000000043       0x44 ./user_app/debug.o
 .comment       0x0000000000000043       0x44 ./user_app/foc.o
 .comment       0x0000000000000043       0x44 ./user_app/motor_bsp.o
 .comment       0x0000000000000043       0x44 ./user_app/motor_function.o

.debug_info     0x0000000000000000    0x17b07
 .debug_info    0x0000000000000000     0x1fe6 ./Core/Src/main.o
 .debug_info    0x0000000000001fe6     0x183b ./Core/Src/stm32g4xx_hal_msp.o
 .debug_info    0x0000000000003821     0x10bb ./Core/Src/stm32g4xx_it.o
 .debug_info    0x00000000000048dc      0x58e ./Core/Src/system_stm32g4xx.o
 .debug_info    0x0000000000004e6a       0x23 ./Core/Startup/startup_stm32g431rbtx.o
 .debug_info    0x0000000000004e8d      0xa9b ./Drivers/STM32G4xx_HAL_Driver/Src/stm32g4xx_hal.o
 .debug_info    0x0000000000005928     0x2025 ./Drivers/STM32G4xx_HAL_Driver/Src/stm32g4xx_hal_adc.o
 .debug_info    0x000000000000794d     0x1d67 ./Drivers/STM32G4xx_HAL_Driver/Src/stm32g4xx_hal_adc_ex.o
 .debug_info    0x00000000000096b4      0xcf3 ./Drivers/STM32G4xx_HAL_Driver/Src/stm32g4xx_hal_cortex.o
 .debug_info    0x000000000000a3a7      0x85f ./Drivers/STM32G4xx_HAL_Driver/Src/stm32g4xx_hal_dma.o
 .debug_info    0x000000000000ac06      0x763 ./Drivers/STM32G4xx_HAL_Driver/Src/stm32g4xx_hal_gpio.o
 .debug_info    0x000000000000b369      0x93f ./Drivers/STM32G4xx_HAL_Driver/Src/stm32g4xx_hal_pwr_ex.o
 .debug_info    0x000000000000bca8      0xb86 ./Drivers/STM32G4xx_HAL_Driver/Src/stm32g4xx_hal_rcc.o
 .debug_info    0x000000000000c82e      0xc15 ./Drivers/STM32G4xx_HAL_Driver/Src/stm32g4xx_hal_rcc_ex.o
 .debug_info    0x000000000000d443     0x2a8b ./Drivers/STM32G4xx_HAL_Driver/Src/stm32g4xx_hal_tim.o
 .debug_info    0x000000000000fece     0x1c7f ./Drivers/STM32G4xx_HAL_Driver/Src/stm32g4xx_hal_tim_ex.o
 .debug_info    0x0000000000011b4d     0x19e7 ./Drivers/STM32G4xx_HAL_Driver/Src/stm32g4xx_hal_uart.o
 .debug_info    0x0000000000013534      0xbb0 ./Drivers/STM32G4xx_HAL_Driver/Src/stm32g4xx_hal_uart_ex.o
 .debug_info    0x00000000000140e4      0xb08 ./user_app/PWM_Encoder.o
 .debug_info    0x0000000000014bec      0x8c2 ./user_app/current_sample.o
 .debug_info    0x00000000000154ae     0x1041 ./user_app/debug.o
 .debug_info    0x00000000000164ef      0x59a ./user_app/foc.o
 .debug_info    0x0000000000016a89      0xd10 ./user_app/motor_bsp.o
 .debug_info    0x0000000000017799      0x36e ./user_app/motor_function.o

.debug_abbrev   0x0000000000000000     0x331e
 .debug_abbrev  0x0000000000000000      0x2ef ./Core/Src/main.o
 .debug_abbrev  0x00000000000002ef      0x241 ./Core/Src/stm32g4xx_hal_msp.o
 .debug_abbrev  0x0000000000000530      0x1ef ./Core/Src/stm32g4xx_it.o
 .debug_abbrev  0x000000000000071f      0x11a ./Core/Src/system_stm32g4xx.o
 .debug_abbrev  0x0000000000000839       0x12 ./Core/Startup/startup_stm32g431rbtx.o
 .debug_abbrev  0x000000000000084b      0x242 ./Drivers/STM32G4xx_HAL_Driver/Src/stm32g4xx_hal.o
 .debug_abbrev  0x0000000000000a8d      0x2ca ./Drivers/STM32G4xx_HAL_Driver/Src/stm32g4xx_hal_adc.o
 .debug_abbrev  0x0000000000000d57      0x2ee ./Drivers/STM32G4xx_HAL_Driver/Src/stm32g4xx_hal_adc_ex.o
 .debug_abbrev  0x0000000000001045      0x31c ./Drivers/STM32G4xx_HAL_Driver/Src/stm32g4xx_hal_cortex.o
 .debug_abbrev  0x0000000000001361      0x1e2 ./Drivers/STM32G4xx_HAL_Driver/Src/stm32g4xx_hal_dma.o
 .debug_abbrev  0x0000000000001543      0x1cb ./Drivers/STM32G4xx_HAL_Driver/Src/stm32g4xx_hal_gpio.o
 .debug_abbrev  0x000000000000170e      0x22c ./Drivers/STM32G4xx_HAL_Driver/Src/stm32g4xx_hal_pwr_ex.o
 .debug_abbrev  0x000000000000193a      0x2c9 ./Drivers/STM32G4xx_HAL_Driver/Src/stm32g4xx_hal_rcc.o
 .debug_abbrev  0x0000000000001c03      0x258 ./Drivers/STM32G4xx_HAL_Driver/Src/stm32g4xx_hal_rcc_ex.o
 .debug_abbrev  0x0000000000001e5b      0x29f ./Drivers/STM32G4xx_HAL_Driver/Src/stm32g4xx_hal_tim.o
 .debug_abbrev  0x00000000000020fa      0x2bf ./Drivers/STM32G4xx_HAL_Driver/Src/stm32g4xx_hal_tim_ex.o
 .debug_abbrev  0x00000000000023b9      0x27c ./Drivers/STM32G4xx_HAL_Driver/Src/stm32g4xx_hal_uart.o
 .debug_abbrev  0x0000000000002635      0x231 ./Drivers/STM32G4xx_HAL_Driver/Src/stm32g4xx_hal_uart_ex.o
 .debug_abbrev  0x0000000000002866      0x224 ./user_app/PWM_Encoder.o
 .debug_abbrev  0x0000000000002a8a      0x186 ./user_app/current_sample.o
 .debug_abbrev  0x0000000000002c10      0x277 ./user_app/debug.o
 .debug_abbrev  0x0000000000002e87      0x1ad ./user_app/foc.o
 .debug_abbrev  0x0000000000003034      0x1d6 ./user_app/motor_bsp.o
 .debug_abbrev  0x000000000000320a      0x114 ./user_app/motor_function.o

.debug_aranges  0x0000000000000000     0x1568
 .debug_aranges
                0x0000000000000000       0x60 ./Core/Src/main.o
 .debug_aranges
                0x0000000000000060       0x58 ./Core/Src/stm32g4xx_hal_msp.o
 .debug_aranges
                0x00000000000000b8       0x88 ./Core/Src/stm32g4xx_it.o
 .debug_aranges
                0x0000000000000140       0x28 ./Core/Src/system_stm32g4xx.o
 .debug_aranges
                0x0000000000000168       0x28 ./Core/Startup/startup_stm32g431rbtx.o
 .debug_aranges
                0x0000000000000190      0x130 ./Drivers/STM32G4xx_HAL_Driver/Src/stm32g4xx_hal.o
 .debug_aranges
                0x00000000000002c0      0x248 ./Drivers/STM32G4xx_HAL_Driver/Src/stm32g4xx_hal_adc.o
 .debug_aranges
                0x0000000000000508      0x1c0 ./Drivers/STM32G4xx_HAL_Driver/Src/stm32g4xx_hal_adc_ex.o
 .debug_aranges
                0x00000000000006c8      0x118 ./Drivers/STM32G4xx_HAL_Driver/Src/stm32g4xx_hal_cortex.o
 .debug_aranges
                0x00000000000007e0       0x90 ./Drivers/STM32G4xx_HAL_Driver/Src/stm32g4xx_hal_dma.o
 .debug_aranges
                0x0000000000000870       0x58 ./Drivers/STM32G4xx_HAL_Driver/Src/stm32g4xx_hal_gpio.o
 .debug_aranges
                0x00000000000008c8      0x140 ./Drivers/STM32G4xx_HAL_Driver/Src/stm32g4xx_hal_pwr_ex.o
 .debug_aranges
                0x0000000000000a08       0x98 ./Drivers/STM32G4xx_HAL_Driver/Src/stm32g4xx_hal_rcc.o
 .debug_aranges
                0x0000000000000aa0       0xb0 ./Drivers/STM32G4xx_HAL_Driver/Src/stm32g4xx_hal_rcc_ex.o
 .debug_aranges
                0x0000000000000b50      0x3e0 ./Drivers/STM32G4xx_HAL_Driver/Src/stm32g4xx_hal_tim.o
 .debug_aranges
                0x0000000000000f30      0x240 ./Drivers/STM32G4xx_HAL_Driver/Src/stm32g4xx_hal_tim_ex.o
 .debug_aranges
                0x0000000000001170      0x230 ./Drivers/STM32G4xx_HAL_Driver/Src/stm32g4xx_hal_uart.o
 .debug_aranges
                0x00000000000013a0       0x88 ./Drivers/STM32G4xx_HAL_Driver/Src/stm32g4xx_hal_uart_ex.o
 .debug_aranges
                0x0000000000001428       0x38 ./user_app/PWM_Encoder.o
 .debug_aranges
                0x0000000000001460       0x20 ./user_app/current_sample.o
 .debug_aranges
                0x0000000000001480       0x48 ./user_app/debug.o
 .debug_aranges
                0x00000000000014c8       0x50 ./user_app/foc.o
 .debug_aranges
                0x0000000000001518       0x28 ./user_app/motor_bsp.o
 .debug_aranges
                0x0000000000001540       0x28 ./user_app/motor_function.o

.debug_rnglists
                0x0000000000000000     0x1073
 .debug_rnglists
                0x0000000000000000       0x4a ./Core/Src/main.o
 .debug_rnglists
                0x000000000000004a       0x43 ./Core/Src/stm32g4xx_hal_msp.o
 .debug_rnglists
                0x000000000000008d       0x61 ./Core/Src/stm32g4xx_it.o
 .debug_rnglists
                0x00000000000000ee       0x1a ./Core/Src/system_stm32g4xx.o
 .debug_rnglists
                0x0000000000000108       0x19 ./Core/Startup/startup_stm32g431rbtx.o
 .debug_rnglists
                0x0000000000000121       0xdf ./Drivers/STM32G4xx_HAL_Driver/Src/stm32g4xx_hal.o
 .debug_rnglists
                0x0000000000000200      0x1c0 ./Drivers/STM32G4xx_HAL_Driver/Src/stm32g4xx_hal_adc.o
 .debug_rnglists
                0x00000000000003c0      0x15a ./Drivers/STM32G4xx_HAL_Driver/Src/stm32g4xx_hal_adc_ex.o
 .debug_rnglists
                0x000000000000051a       0xce ./Drivers/STM32G4xx_HAL_Driver/Src/stm32g4xx_hal_cortex.o
 .debug_rnglists
                0x00000000000005e8       0x71 ./Drivers/STM32G4xx_HAL_Driver/Src/stm32g4xx_hal_dma.o
 .debug_rnglists
                0x0000000000000659       0x3f ./Drivers/STM32G4xx_HAL_Driver/Src/stm32g4xx_hal_gpio.o
 .debug_rnglists
                0x0000000000000698       0xf1 ./Drivers/STM32G4xx_HAL_Driver/Src/stm32g4xx_hal_pwr_ex.o
 .debug_rnglists
                0x0000000000000789       0x73 ./Drivers/STM32G4xx_HAL_Driver/Src/stm32g4xx_hal_rcc.o
 .debug_rnglists
                0x00000000000007fc       0x87 ./Drivers/STM32G4xx_HAL_Driver/Src/stm32g4xx_hal_rcc_ex.o
 .debug_rnglists
                0x0000000000000883      0x328 ./Drivers/STM32G4xx_HAL_Driver/Src/stm32g4xx_hal_tim.o
 .debug_rnglists
                0x0000000000000bab      0x1cb ./Drivers/STM32G4xx_HAL_Driver/Src/stm32g4xx_hal_tim_ex.o
 .debug_rnglists
                0x0000000000000d76      0x1bf ./Drivers/STM32G4xx_HAL_Driver/Src/stm32g4xx_hal_uart.o
 .debug_rnglists
                0x0000000000000f35       0x64 ./Drivers/STM32G4xx_HAL_Driver/Src/stm32g4xx_hal_uart_ex.o
 .debug_rnglists
                0x0000000000000f99       0x28 ./user_app/PWM_Encoder.o
 .debug_rnglists
                0x0000000000000fc1       0x14 ./user_app/current_sample.o
 .debug_rnglists
                0x0000000000000fd5       0x31 ./user_app/debug.o
 .debug_rnglists
                0x0000000000001006       0x3a ./user_app/foc.o
 .debug_rnglists
                0x0000000000001040       0x1a ./user_app/motor_bsp.o
 .debug_rnglists
                0x000000000000105a       0x19 ./user_app/motor_function.o

.debug_macro    0x0000000000000000    0x2148e
 .debug_macro   0x0000000000000000      0x309 ./Core/Src/main.o
 .debug_macro   0x0000000000000309      0xaa8 ./Core/Src/main.o
 .debug_macro   0x0000000000000db1      0x161 ./Core/Src/main.o
 .debug_macro   0x0000000000000f12       0x2e ./Core/Src/main.o
 .debug_macro   0x0000000000000f40       0x28 ./Core/Src/main.o
 .debug_macro   0x0000000000000f68       0x22 ./Core/Src/main.o
 .debug_macro   0x0000000000000f8a       0x8e ./Core/Src/main.o
 .debug_macro   0x0000000000001018       0x51 ./Core/Src/main.o
 .debug_macro   0x0000000000001069      0x103 ./Core/Src/main.o
 .debug_macro   0x000000000000116c       0x6a ./Core/Src/main.o
 .debug_macro   0x00000000000011d6      0x1df ./Core/Src/main.o
 .debug_macro   0x00000000000013b5       0x1c ./Core/Src/main.o
 .debug_macro   0x00000000000013d1       0x22 ./Core/Src/main.o
 .debug_macro   0x00000000000013f3       0xfb ./Core/Src/main.o
 .debug_macro   0x00000000000014ee     0x1011 ./Core/Src/main.o
 .debug_macro   0x00000000000024ff      0x11f ./Core/Src/main.o
 .debug_macro   0x000000000000261e    0x1138f ./Core/Src/main.o
 .debug_macro   0x00000000000139ad       0x43 ./Core/Src/main.o
 .debug_macro   0x00000000000139f0     0x34ed ./Core/Src/main.o
 .debug_macro   0x0000000000016edd      0x174 ./Core/Src/main.o
 .debug_macro   0x0000000000017051       0x5a ./Core/Src/main.o
 .debug_macro   0x00000000000170ab     0x13de ./Core/Src/main.o
 .debug_macro   0x0000000000018489      0x535 ./Core/Src/main.o
 .debug_macro   0x00000000000189be      0x137 ./Core/Src/main.o
 .debug_macro   0x0000000000018af5      0x289 ./Core/Src/main.o
 .debug_macro   0x0000000000018d7e      0x41d ./Core/Src/main.o
 .debug_macro   0x000000000001919b      0x18b ./Core/Src/main.o
 .debug_macro   0x0000000000019326       0x43 ./Core/Src/main.o
 .debug_macro   0x0000000000019369      0x23d ./Core/Src/main.o
 .debug_macro   0x00000000000195a6     0x10fd ./Core/Src/main.o
 .debug_macro   0x000000000001a6a3      0x72e ./Core/Src/main.o
 .debug_macro   0x000000000001add1      0x391 ./Core/Src/main.o
 .debug_macro   0x000000000001b162      0x212 ./Core/Src/main.o
 .debug_macro   0x000000000001b374      0x401 ./Core/Src/main.o
 .debug_macro   0x000000000001b775      0x107 ./Core/Src/main.o
 .debug_macro   0x000000000001b87c      0x122 ./Core/Src/main.o
 .debug_macro   0x000000000001b99e      0x3d1 ./Core/Src/main.o
 .debug_macro   0x000000000001bd6f      0xbbe ./Core/Src/main.o
 .debug_macro   0x000000000001c92d      0x47e ./Core/Src/main.o
 .debug_macro   0x000000000001cdab      0x662 ./Core/Src/main.o
 .debug_macro   0x000000000001d40d       0xa6 ./Core/Src/main.o
 .debug_macro   0x000000000001d4b3      0x307 ./Core/Src/main.o
 .debug_macro   0x000000000001d7ba       0xd0 ./Core/Src/main.o
 .debug_macro   0x000000000001d88a       0x61 ./Core/Src/main.o
 .debug_macro   0x000000000001d8eb       0x2a ./Core/Src/main.o
 .debug_macro   0x000000000001d915       0x43 ./Core/Src/main.o
 .debug_macro   0x000000000001d958       0x34 ./Core/Src/main.o
 .debug_macro   0x000000000001d98c       0x16 ./Core/Src/main.o
 .debug_macro   0x000000000001d9a2       0x35 ./Core/Src/main.o
 .debug_macro   0x000000000001d9d7      0x369 ./Core/Src/main.o
 .debug_macro   0x000000000001dd40       0x10 ./Core/Src/main.o
 .debug_macro   0x000000000001dd50       0x16 ./Core/Src/main.o
 .debug_macro   0x000000000001dd66       0x43 ./Core/Src/main.o
 .debug_macro   0x000000000001dda9       0x34 ./Core/Src/main.o
 .debug_macro   0x000000000001dddd       0x10 ./Core/Src/main.o
 .debug_macro   0x000000000001dded       0x58 ./Core/Src/main.o
 .debug_macro   0x000000000001de45       0x8e ./Core/Src/main.o
 .debug_macro   0x000000000001ded3       0x1c ./Core/Src/main.o
 .debug_macro   0x000000000001deef      0x177 ./Core/Src/main.o
 .debug_macro   0x000000000001e066       0x16 ./Core/Src/main.o
 .debug_macro   0x000000000001e07c       0x16 ./Core/Src/main.o
 .debug_macro   0x000000000001e092      0x147 ./Core/Src/main.o
 .debug_macro   0x000000000001e1d9       0x10 ./Core/Src/main.o
 .debug_macro   0x000000000001e1e9      0x200 ./Core/Src/stm32g4xx_hal_msp.o
 .debug_macro   0x000000000001e3e9      0x20a ./Core/Src/stm32g4xx_it.o
 .debug_macro   0x000000000001e5f3      0x1f7 ./Core/Src/system_stm32g4xx.o
 .debug_macro   0x000000000001e7ea      0x23f ./Drivers/STM32G4xx_HAL_Driver/Src/stm32g4xx_hal.o
 .debug_macro   0x000000000001ea29      0x20e ./Drivers/STM32G4xx_HAL_Driver/Src/stm32g4xx_hal_adc.o
 .debug_macro   0x000000000001ec37      0x1fd ./Drivers/STM32G4xx_HAL_Driver/Src/stm32g4xx_hal_adc_ex.o
 .debug_macro   0x000000000001ee34      0x1f1 ./Drivers/STM32G4xx_HAL_Driver/Src/stm32g4xx_hal_cortex.o
 .debug_macro   0x000000000001f025      0x1f1 ./Drivers/STM32G4xx_HAL_Driver/Src/stm32g4xx_hal_dma.o
 .debug_macro   0x000000000001f216      0x229 ./Drivers/STM32G4xx_HAL_Driver/Src/stm32g4xx_hal_gpio.o
 .debug_macro   0x000000000001f43f      0x21b ./Drivers/STM32G4xx_HAL_Driver/Src/stm32g4xx_hal_pwr_ex.o
 .debug_macro   0x000000000001f65a      0x22d ./Drivers/STM32G4xx_HAL_Driver/Src/stm32g4xx_hal_rcc.o
 .debug_macro   0x000000000001f887      0x21b ./Drivers/STM32G4xx_HAL_Driver/Src/stm32g4xx_hal_rcc_ex.o
 .debug_macro   0x000000000001faa2      0x1f9 ./Drivers/STM32G4xx_HAL_Driver/Src/stm32g4xx_hal_tim.o
 .debug_macro   0x000000000001fc9b      0x1f7 ./Drivers/STM32G4xx_HAL_Driver/Src/stm32g4xx_hal_tim_ex.o
 .debug_macro   0x000000000001fe92      0x21c ./Drivers/STM32G4xx_HAL_Driver/Src/stm32g4xx_hal_uart.o