Component: ARM Compiler 5.06 update 7 (build 960) Tool: armlink [4d3601]

==============================================================================

Section Cross References

    startup_stm32g431xx.o(RESET) refers to startup_stm32g431xx.o(STACK) for __initial_sp
    startup_stm32g431xx.o(RESET) refers to startup_stm32g431xx.o(.text) for Reset_Handler
    startup_stm32g431xx.o(RESET) refers to stm32g4xx_it.o(i.NMI_Handler) for NMI_Handler
    startup_stm32g431xx.o(RESET) refers to stm32g4xx_it.o(i.HardFault_Handler) for HardFault_Handler
    startup_stm32g431xx.o(RESET) refers to stm32g4xx_it.o(i.MemManage_Handler) for MemManage_Handler
    startup_stm32g431xx.o(RESET) refers to stm32g4xx_it.o(i.BusFault_Handler) for BusFault_Handler
    startup_stm32g431xx.o(RESET) refers to stm32g4xx_it.o(i.UsageFault_Handler) for UsageFault_Handler
    startup_stm32g431xx.o(RESET) refers to stm32g4xx_it.o(i.SVC_Handler) for SVC_Handler
    startup_stm32g431xx.o(RESET) refers to stm32g4xx_it.o(i.DebugMon_Handler) for DebugMon_Handler
    startup_stm32g431xx.o(RESET) refers to stm32g4xx_it.o(i.PendSV_Handler) for PendSV_Handler
    startup_stm32g431xx.o(RESET) refers to stm32g4xx_it.o(i.SysTick_Handler) for SysTick_Handler
    startup_stm32g431xx.o(RESET) refers to stm32g4xx_it.o(i.ADC1_2_IRQHandler) for ADC1_2_IRQHandler
    startup_stm32g431xx.o(RESET) refers to stm32g4xx_it.o(i.TIM1_BRK_TIM15_IRQHandler) for TIM1_BRK_TIM15_IRQHandler
    startup_stm32g431xx.o(RESET) refers to stm32g4xx_it.o(i.TIM1_UP_TIM16_IRQHandler) for TIM1_UP_TIM16_IRQHandler
    startup_stm32g431xx.o(RESET) refers to stm32g4xx_it.o(i.TIM3_IRQHandler) for TIM3_IRQHandler
    startup_stm32g431xx.o(RESET) refers to stm32g4xx_it.o(i.USART2_IRQHandler) for USART2_IRQHandler
    startup_stm32g431xx.o(.text) refers to system_stm32g4xx.o(i.SystemInit) for SystemInit
    startup_stm32g431xx.o(.text) refers to entry.o(.ARM.Collect$$$$00000000) for __main
    test.o(i.motor_six_steps) refers to main.o(.bss) for htim1
    test.o(i.test_PWM_ADC_init) refers to stm32g4xx_hal_tim.o(i.HAL_TIM_Base_Start) for HAL_TIM_Base_Start
    test.o(i.test_PWM_ADC_init) refers to stm32g4xx_hal_tim.o(i.HAL_TIM_PWM_Start) for HAL_TIM_PWM_Start
    test.o(i.test_PWM_ADC_init) refers to stm32g4xx_hal_tim_ex.o(i.HAL_TIMEx_PWMN_Start) for HAL_TIMEx_PWMN_Start
    test.o(i.test_PWM_ADC_init) refers to stm32g4xx_hal_adc_ex.o(i.HAL_ADCEx_InjectedStart) for HAL_ADCEx_InjectedStart
    test.o(i.test_PWM_ADC_init) refers to main.o(.bss) for htim1
    test.o(i.test_get_ADC_value) refers to stm32g4xx_hal_adc_ex.o(i.HAL_ADCEx_InjectedGetValue) for HAL_ADCEx_InjectedGetValue
    test.o(i.test_get_ADC_value) refers to main.o(.bss) for hadc1
    test.o(i.test_get_ADC_value) refers to test.o(.data) for PA1_adc_value
    test.o(i.test_pwm_control_motor) refers to test.o(i.motor_six_steps) for motor_six_steps
    test.o(i.test_pwm_control_motor) refers to stm32g4xx_hal.o(i.HAL_Delay) for HAL_Delay
    debug.o(i.HAL_UART_RxCpltCallback) refers to stm32g4xx_hal_uart.o(i.HAL_UART_Transmit) for HAL_UART_Transmit
    debug.o(i.HAL_UART_RxCpltCallback) refers to stm32g4xx_hal_uart.o(i.HAL_UART_Receive_IT) for HAL_UART_Receive_IT
    debug.o(i.HAL_UART_RxCpltCallback) refers to debug.o(.bss) for RxBuffer
    debug.o(i.HAL_UART_RxCpltCallback) refers to main.o(.bss) for huart2
    debug.o(i.fgetc) refers to stm32g4xx_hal_uart.o(i.HAL_UART_Receive) for HAL_UART_Receive
    debug.o(i.fgetc) refers to main.o(.bss) for huart2
    debug.o(i.fputc) refers to stm32g4xx_hal_uart.o(i.HAL_UART_Transmit) for HAL_UART_Transmit
    debug.o(i.fputc) refers to main.o(.bss) for huart2
    debug.o(i.uart_debug_init) refers to stm32g4xx_hal_uart.o(i.HAL_UART_Transmit_IT) for HAL_UART_Transmit_IT
    debug.o(i.uart_debug_init) refers to stm32g4xx_hal_uart.o(i.HAL_UART_Receive_IT) for HAL_UART_Receive_IT
    debug.o(i.uart_debug_init) refers to debug.o(.data) for StaMessages
    debug.o(i.uart_debug_init) refers to main.o(.bss) for huart2
    debug.o(i.uart_debug_init) refers to debug.o(.bss) for RxBuffer
    debug.o(i.vofa_FireWater_output) refers to f2d.o(.text) for __aeabi_f2d
    debug.o(i.vofa_FireWater_output) refers to printfa.o(i.__0printf) for __2printf
    debug.o(i.vofa_JustFloat_output) refers to stm32g4xx_hal_uart.o(i.HAL_UART_Transmit) for HAL_UART_Transmit
    debug.o(i.vofa_JustFloat_output) refers to main.o(.bss) for huart2
    main.o(i.MX_ADC1_Init) refers to memseta.o(.text) for __aeabi_memclr4
    main.o(i.MX_ADC1_Init) refers to stm32g4xx_hal_adc.o(i.HAL_ADC_Init) for HAL_ADC_Init
    main.o(i.MX_ADC1_Init) refers to main.o(i.Error_Handler) for Error_Handler
    main.o(i.MX_ADC1_Init) refers to stm32g4xx_hal_adc_ex.o(i.HAL_ADCEx_MultiModeConfigChannel) for HAL_ADCEx_MultiModeConfigChannel
    main.o(i.MX_ADC1_Init) refers to stm32g4xx_hal_adc.o(i.HAL_ADC_ConfigChannel) for HAL_ADC_ConfigChannel
[...]
    i.HAL_TIM_IC_MspInit                     0x08003806   Section        0  stm32g4xx_hal_tim.o(i.HAL_TIM_IC_MspInit)
    i.HAL_TIM_IC_Start_IT                    0x08003808   Section        0  stm32g4xx_hal_tim.o(i.HAL_TIM_IC_Start_IT)
    i.HAL_TIM_IRQHandler                     0x080039b0   Section        0  stm32g4xx_hal_tim.o(i.HAL_TIM_IRQHandler)
    i.HAL_TIM_MspPostInit                    0x08003bf0   Section        0  stm32g4xx_hal_msp.o(i.HAL_TIM_MspPostInit)
    i.HAL_TIM_OC_DelayElapsedCallback        0x08003ca4   Section        0  stm32g4xx_hal_tim.o(i.HAL_TIM_OC_DelayElapsedCallback)
    i.HAL_TIM_PWM_ConfigChannel              0x08003ca6   Section        0  stm32g4xx_hal_tim.o(i.HAL_TIM_PWM_ConfigChannel)
    i.HAL_TIM_PWM_Init                       0x08003e0e   Section        0  stm32g4xx_hal_tim.o(i.HAL_TIM_PWM_Init)
    i.HAL_TIM_PWM_MspInit                    0x08003e7c   Section        0  stm32g4xx_hal_tim.o(i.HAL_TIM_PWM_MspInit)
    i.HAL_TIM_PWM_PulseFinishedCallback      0x08003e7e   Section        0  stm32g4xx_hal_tim.o(i.HAL_TIM_PWM_PulseFinishedCallback)
    i.HAL_TIM_PWM_Start                      0x08003e80   Section        0  stm32g4xx_hal_tim.o(i.HAL_TIM_PWM_Start)
    i.HAL_TIM_PeriodElapsedCallback          0x08003fcc   Section        0  stm32g4xx_hal_tim.o(i.HAL_TIM_PeriodElapsedCallback)
    i.HAL_TIM_ReadCapturedValue              0x08003fce   Section        0  stm32g4xx_hal_tim.o(i.HAL_TIM_ReadCapturedValue)
    i.HAL_TIM_SlaveConfigSynchro             0x08004000   Section        0  stm32g4xx_hal_tim.o(i.HAL_TIM_SlaveConfigSynchro)
    i.HAL_TIM_TriggerCallback                0x0800406c   Section        0  stm32g4xx_hal_tim.o(i.HAL_TIM_TriggerCallback)
    i.HAL_UARTEx_DisableFifoMode             0x0800406e   Section        0  stm32g4xx_hal_uart_ex.o(i.HAL_UARTEx_DisableFifoMode)
    i.HAL_UARTEx_RxFifoFullCallback          0x080040bc   Section        0  stm32g4xx_hal_uart_ex.o(i.HAL_UARTEx_RxFifoFullCallback)
    i.HAL_UARTEx_SetRxFifoThreshold          0x080040be   Section        0  stm32g4xx_hal_uart_ex.o(i.HAL_UARTEx_SetRxFifoThreshold)
    i.HAL_UARTEx_SetTxFifoThreshold          0x0800411c   Section        0  stm32g4xx_hal_uart_ex.o(i.HAL_UARTEx_SetTxFifoThreshold)
    i.HAL_UARTEx_TxFifoEmptyCallback         0x0800417a   Section        0  stm32g4xx_hal_uart_ex.o(i.HAL_UARTEx_TxFifoEmptyCallback)
    i.HAL_UARTEx_WakeupCallback              0x0800417c   Section        0  stm32g4xx_hal_uart_ex.o(i.HAL_UARTEx_WakeupCallback)
    i.HAL_UART_ErrorCallback                 0x0800417e   Section        0  stm32g4xx_hal_uart.o(i.HAL_UART_ErrorCallback)
    i.HAL_UART_IRQHandler                    0x08004180   Section        0  stm32g4xx_hal_uart.o(i.HAL_UART_IRQHandler)
    i.HAL_UART_Init                          0x0800438c   Section        0  stm32g4xx_hal_uart.o(i.HAL_UART_Init)
    i.HAL_UART_MspInit                       0x08004404   Section        0  stm32g4xx_hal_msp.o(i.HAL_UART_MspInit)
    i.HAL_UART_Receive_IT                    0x08004488   Section        0  stm32g4xx_hal_uart.o(i.HAL_UART_Receive_IT)
    i.HAL_UART_RxCpltCallback                0x080045c4   Section        0  debug.o(i.HAL_UART_RxCpltCallback)
    i.HAL_UART_Transmit                      0x080045ec   Section        0  stm32g4xx_hal_uart.o(i.HAL_UART_Transmit)
    i.HAL_UART_Transmit_IT                   0x080046c4   Section        0  stm32g4xx_hal_uart.o(i.HAL_UART_Transmit_IT)
    i.HAL_UART_TxCpltCallback                0x0800477c   Section        0  stm32g4xx_hal_uart.o(i.HAL_UART_TxCpltCallback)
    i.HardFault_Handler                      0x0800477e   Section        0  stm32g4xx_it.o(i.HardFault_Handler)
    i.LL_ADC_Enable                          0x08004784   Section        0  stm32g4xx_hal_adc.o(i.LL_ADC_Enable)
    LL_ADC_Enable                            0x08004785   Thumb Code    12  stm32g4xx_hal_adc.o(i.LL_ADC_Enable)
    i.LL_ADC_GetMultimode                    0x08004794   Section        0  stm32g4xx_hal_adc.o(i.LL_ADC_GetMultimode)
    LL_ADC_GetMultimode                      0x08004795   Thumb Code    10  stm32g4xx_hal_adc.o(i.LL_ADC_GetMultimode)
    i.LL_ADC_GetOffsetChannel                0x0800479e   Section        0  stm32g4xx_hal_adc.o(i.LL_ADC_GetOffsetChannel)
    LL_ADC_GetOffsetChannel                  0x0800479f   Thumb Code    18  stm32g4xx_hal_adc.o(i.LL_ADC_GetOffsetChannel)
    i.LL_ADC_GetOffsetChannel                0x080047b0   Section        0  stm32g4xx_hal_adc_ex.o(i.LL_ADC_GetOffsetChannel)
    LL_ADC_GetOffsetChannel                  0x080047b1   Thumb Code    18  stm32g4xx_hal_adc_ex.o(i.LL_ADC_GetOffsetChannel)
    i.LL_ADC_INJ_GetTrigAuto                 0x080047c2   Section        0  stm32g4xx_hal_adc_ex.o(i.LL_ADC_INJ_GetTrigAuto)
    LL_ADC_INJ_GetTrigAuto                   0x080047c3   Thumb Code    10  stm32g4xx_hal_adc_ex.o(i.LL_ADC_INJ_GetTrigAuto)
    i.LL_ADC_INJ_IsConversionOngoing         0x080047cc   Section        0  stm32g4xx_hal_adc.o(i.LL_ADC_INJ_IsConversionOngoing)
    LL_ADC_INJ_IsConversionOngoing           0x080047cd   Thumb Code    10  stm32g4xx_hal_adc.o(i.LL_ADC_INJ_IsConversionOngoing)
    i.LL_ADC_INJ_IsConversionOngoing         0x080047d6   Section        0  stm32g4xx_hal_adc_ex.o(i.LL_ADC_INJ_IsConversionOngoing)
    LL_ADC_INJ_IsConversionOngoing           0x080047d7   Thumb Code    10  stm32g4xx_hal_adc_ex.o(i.LL_ADC_INJ_IsConversionOngoing)
    i.LL_ADC_INJ_StartConversion             0x080047e0   Section        0  stm32g4xx_hal_adc_ex.o(i.LL_ADC_INJ_StartConversion)
    LL_ADC_INJ_StartConversion               0x080047e1   Thumb Code    14  stm32g4xx_hal_adc_ex.o(i.LL_ADC_INJ_StartConversion)
    i.LL_ADC_IsEnabled                       0x080047f4   Section        0  stm32g4xx_hal_adc.o(i.LL_ADC_IsEnabled)
    LL_ADC_IsEnabled                         0x080047f5   Thumb Code    10  stm32g4xx_hal_adc.o(i.LL_ADC_IsEnabled)
    i.LL_ADC_IsEnabled                       0x080047fe   Section        0  stm32g4xx_hal_adc_ex.o(i.LL_ADC_IsEnabled)
    LL_ADC_IsEnabled                         0x080047ff   Thumb Code    10  stm32g4xx_hal_adc_ex.o(i.LL_ADC_IsEnabled)
    i.LL_ADC_IsInternalRegulatorEnabled      0x08004808   Section        0  stm32g4xx_hal_adc.o(i.LL_ADC_IsInternalRegulatorEnabled)
    LL_ADC_IsInternalRegulatorEnabled        0x08004809   Thumb Code    10  stm32g4xx_hal_adc.o(i.LL_ADC_IsInternalRegulatorEnabled)
    i.LL_ADC_REG_IsConversionOngoing         0x08004812   Section        0  stm32g4xx_hal_adc.o(i.LL_ADC_REG_IsConversionOngoing)
    LL_ADC_REG_IsConversionOngoing           0x08004813   Thumb Code    10  stm32g4xx_hal_adc.o(i.LL_ADC_REG_IsConversionOngoing)
    i.LL_ADC_REG_IsConversionOngoing         0x0800481c   Section        0  stm32g4xx_hal_adc_ex.o(i.LL_ADC_REG_IsConversionOngoing)
    LL_ADC_REG_IsConversionOngoing           0x0800481d   Thumb Code    10  stm32g4xx_hal_adc_ex.o(i.LL_ADC_REG_IsConversionOngoing)
    i.LL_ADC_REG_IsTriggerSourceSWStart      0x08004826   Section        0  stm32g4xx_hal_adc.o(i.LL_ADC_REG_IsTriggerSourceSWStart)
    LL_ADC_REG_IsTriggerSourceSWStart        0x08004827   Thumb Code    18  stm32g4xx_hal_adc.o(i.LL_ADC_REG_IsTriggerSourceSWStart)
    i.LL_ADC_SetChannelSamplingTime          0x08004838   Section        0  stm32g4xx_hal_adc.o(i.LL_ADC_SetChannelSamplingTime)
    LL_ADC_SetChannelSamplingTime            0x08004839   Thumb Code    40  stm32g4xx_hal_adc.o(i.LL_ADC_SetChannelSamplingTime)
    i.LL_ADC_SetChannelSamplingTime          0x08004860   Section        0  stm32g4xx_hal_adc_ex.o(i.LL_ADC_SetChannelSamplingTime)
    LL_ADC_SetChannelSamplingTime            0x08004861   Thumb Code    40  stm32g4xx_hal_adc_ex.o(i.LL_ADC_SetChannelSamplingTime)
    i.LL_ADC_SetCommonPathInternalCh         0x08004888   Section        0  stm32g4xx_hal_adc.o(i.LL_ADC_SetCommonPathInternalCh)
    LL_ADC_SetCommonPathInternalCh           0x08004889   Thumb Code    12  stm32g4xx_hal_adc.o(i.LL_ADC_SetCommonPathInternalCh)
    i.LL_ADC_SetCommonPathInternalCh         0x08004894   Section        0  stm32g4xx_hal_adc_ex.o(i.LL_ADC_SetCommonPathInternalCh)
    LL_ADC_SetCommonPathInternalCh           0x08004895   Thumb Code    12  stm32g4xx_hal_adc_ex.o(i.LL_ADC_SetCommonPathInternalCh)
    i.LL_ADC_SetOffsetState                  0x080048a0   Section        0  stm32g4xx_hal_adc.o(i.LL_ADC_SetOffsetState)
    LL_ADC_SetOffsetState                    0x080048a1   Thumb Code    22  stm32g4xx_hal_adc.o(i.LL_ADC_SetOffsetState)
    i.LL_ADC_SetOffsetState                  0x080048b6   Section        0  stm32g4xx_hal_adc_ex.o(i.LL_ADC_SetOffsetState)
    LL_ADC_SetOffsetState                    0x080048b7   Thumb Code    22  stm32g4xx_hal_adc_ex.o(i.LL_ADC_SetOffsetState)
    i.LL_ADC_SetSamplingTimeCommonConfig     0x080048cc   Section        0  stm32g4xx_hal_adc.o(i.LL_ADC_SetSamplingTimeCommonConfig)
    LL_ADC_SetSamplingTimeCommonConfig       0x080048cd   Thumb Code    12  stm32g4xx_hal_adc.o(i.LL_ADC_SetSamplingTimeCommonConfig)
    i.LL_ADC_SetSamplingTimeCommonConfig     0x080048d8   Section        0  stm32g4xx_hal_adc_ex.o(i.LL_ADC_SetSamplingTimeCommonConfig)
    LL_ADC_SetSamplingTimeCommonConfig       0x080048d9   Thumb Code    12  stm32g4xx_hal_adc_ex.o(i.LL_ADC_SetSamplingTimeCommonConfig)
    i.MX_ADC1_Init                           0x080048e4   Section        0  main.o(i.MX_ADC1_Init)
    MX_ADC1_Init                             0x080048e5   Thumb Code   332  main.o(i.MX_ADC1_Init)
    i.MX_ADC2_Init                           0x08004a40   Section        0  main.o(i.MX_ADC2_Init)
    MX_ADC2_Init                             0x08004a41   Thumb Code   210  main.o(i.MX_ADC2_Init)
    i.MX_GPIO_Init                           0x08004b20   Section        0  main.o(i.MX_GPIO_Init)
    MX_GPIO_Init                             0x08004b21   Thumb Code   194  main.o(i.MX_GPIO_Init)
    i.MX_TIM1_Init                           0x08004bec   Section        0  main.o(i.MX_TIM1_Init)
    MX_TIM1_Init                             0x08004bed   Thumb Code   344  main.o(i.MX_TIM1_Init)
    i.MX_TIM3_Init                           0x08004d4c   Section        0  main.o(i.MX_TIM3_Init)
    MX_TIM3_Init                             0x08004d4d   Thumb Code   212  main.o(i.MX_TIM3_Init)
    i.MX_USART2_UART_Init                    0x08004e28   Section        0  main.o(i.MX_USART2_UART_Init)
    MX_USART2_UART_Init                      0x08004e29   Thumb Code    98  main.o(i.MX_USART2_UART_Init)
    i.MemManage_Handler                      0x08004e94   Section        0  stm32g4xx_it.o(i.MemManage_Handler)
    i.Motor_Align                            0x08004e98   Section        0  motor_function.o(i.Motor_Align)
    i.NMI_Handler                            0x08004f04   Section        0  stm32g4xx_it.o(i.NMI_Handler)
    i.PWM_ADC_init                           0x08004f08   Section        0  motor_bsp.o(i.PWM_ADC_init)
    i.PWM_encoder_init                       0x08004f8c   Section        0  pwm_encoder.o(i.PWM_encoder_init)
    i.PendSV_Handler                         0x08004fa4   Section        0  stm32g4xx_it.o(i.PendSV_Handler)
    i.RCC_GetSysClockFreqFromPLLSource       0x08004fa8   Section        0  stm32g4xx_hal_rcc.o(i.RCC_GetSysClockFreqFromPLLSource)
    RCC_GetSysClockFreqFromPLLSource         0x08004fa9   Thumb Code    90  stm32g4xx_hal_rcc.o(i.RCC_GetSysClockFreqFromPLLSource)
    i.SVC_Handler                            0x08005010   Section        0  stm32g4xx_it.o(i.SVC_Handler)
    i.SVPWM                                  0x08005014   Section        0  foc.o(i.SVPWM)
    i.SysTick_Handler                        0x080054f8   Section        0  stm32g4xx_it.o(i.SysTick_Handler)
    i.SystemClock_Config                     0x08005500   Section        0  main.o(i.SystemClock_Config)
    i.SystemInit                             0x0800558c   Section        0  system_stm32g4xx.o(i.SystemInit)
    i.TIM1_BRK_TIM15_IRQHandler              0x080055a8   Section        0  stm32g4xx_it.o(i.TIM1_BRK_TIM15_IRQHandler)
    i.TIM1_UP_TIM16_IRQHandler               0x080055b8   Section        0  stm32g4xx_it.o(i.TIM1_UP_TIM16_IRQHandler)
    i.TIM3_IRQHandler                        0x080055c8   Section        0  stm32g4xx_it.o(i.TIM3_IRQHandler)
    i.TIM_Base_SetConfig                     0x080055d8   Section        0  stm32g4xx_hal_tim.o(i.TIM_Base_SetConfig)
    i.TIM_CCxChannelCmd                      0x08005694   Section        0  stm32g4xx_hal_tim.o(i.TIM_CCxChannelCmd)
    i.TIM_CCxNChannelCmd                     0x080056b6   Section        0  stm32g4xx_hal_tim_ex.o(i.TIM_CCxNChannelCmd)
    TIM_CCxNChannelCmd                       0x080056b7   Thumb Code    34  stm32g4xx_hal_tim_ex.o(i.TIM_CCxNChannelCmd)
    i.TIM_ETR_SetConfig                      0x080056d8   Section        0  stm32g4xx_hal_tim.o(i.TIM_ETR_SetConfig)
    i.TIM_ITRx_SetConfig                     0x080056f0   Section        0  stm32g4xx_hal_tim.o(i.TIM_ITRx_SetConfig)
    TIM_ITRx_SetConfig                       0x080056f1   Thumb Code    18  stm32g4xx_hal_tim.o(i.TIM_ITRx_SetConfig)
    i.TIM_OC1_SetConfig                      0x08005708   Section        0  stm32g4xx_hal_tim.o(i.TIM_OC1_SetConfig)
    TIM_OC1_SetConfig                        0x08005709   Thumb Code   146  stm32g4xx_hal_tim.o(i.TIM_OC1_SetConfig)
    i.TIM_OC2_SetConfig                      0x080057b4   Section        0  stm32g4xx_hal_tim.o(i.TIM_OC2_SetConfig)
    i.TIM_OC3_SetConfig                      0x08005868   Section        0  stm32g4xx_hal_tim.o(i.TIM_OC3_SetConfig)
    TIM_OC3_SetConfig                        0x08005869   Thumb Code   154  stm32g4xx_hal_tim.o(i.TIM_OC3_SetConfig)
    i.TIM_OC4_SetConfig                      0x0800591c   Section        0  stm32g4xx_hal_tim.o(i.TIM_OC4_SetConfig)
    TIM_OC4_SetConfig                        0x0800591d   Thumb Code   156  stm32g4xx_hal_tim.o(i.TIM_OC4_SetConfig)
    i.TIM_OC5_SetConfig                      0x080059d0   Section        0  stm32g4xx_hal_tim.o(i.TIM_OC5_SetConfig)
    TIM_OC5_SetConfig                        0x080059d1   Thumb Code    86  stm32g4xx_hal_tim.o(i.TIM_OC5_SetConfig)
    i.TIM_OC6_SetConfig                      0x08005a40   Section        0  stm32g4xx_hal_tim.o(i.TIM_OC6_SetConfig)
    TIM_OC6_SetConfig                        0x08005a41   Thumb Code    88  stm32g4xx_hal_tim.o(i.TIM_OC6_SetConfig)
    i.TIM_SlaveTimer_SetConfig               0x08005ab0   Section        0  stm32g4xx_hal_tim.o(i.TIM_SlaveTimer_SetConfig)
    TIM_SlaveTimer_SetConfig                 0x08005ab1   Thumb Code   240  stm32g4xx_hal_tim.o(i.TIM_SlaveTimer_SetConfig)
    i.TIM_TI1_ConfigInputStage               0x08005bac   Section        0  stm32g4xx_hal_tim.o(i.TIM_TI1_ConfigInputStage)
    TIM_TI1_ConfigInputStage                 0x08005bad   Thumb Code    38  stm32g4xx_hal_tim.o(i.TIM_TI1_ConfigInputStage)
    i.TIM_TI1_SetConfig                      0x08005bd4   Section        0  stm32g4xx_hal_tim.o(i.TIM_TI1_SetConfig)
    i.TIM_TI2_ConfigInputStage               0x08005c50   Section        0  stm32g4xx_hal_tim.o(i.TIM_TI2_ConfigInputStage)
    TIM_TI2_ConfigInputStage                 0x08005c51   Thumb Code    40  stm32g4xx_hal_tim.o(i.TIM_TI2_ConfigInputStage)
    i.TIM_TI2_SetConfig                      0x08005c78   Section        0  stm32g4xx_hal_tim.o(i.TIM_TI2_SetConfig)
    TIM_TI2_SetConfig                        0x08005c79   Thumb Code    58  stm32g4xx_hal_tim.o(i.TIM_TI2_SetConfig)
    i.TIM_TI3_SetConfig                      0x08005cb2   Section        0  stm32g4xx_hal_tim.o(i.TIM_TI3_SetConfig)
    TIM_TI3_SetConfig                        0x08005cb3   Thumb Code    56  stm32g4xx_hal_tim.o(i.TIM_TI3_SetConfig)
    i.TIM_TI4_SetConfig                      0x08005cea   Section        0  stm32g4xx_hal_tim.o(i.TIM_TI4_SetConfig)
    TIM_TI4_SetConfig                        0x08005ceb   Thumb Code    60  stm32g4xx_hal_tim.o(i.TIM_TI4_SetConfig)
    i.UARTEx_SetNbDataToProcess              0x08005d28   Section        0  stm32g4xx_hal_uart_ex.o(i.UARTEx_SetNbDataToProcess)
    UARTEx_SetNbDataToProcess                0x08005d29   Thumb Code    94  stm32g4xx_hal_uart_ex.o(i.UARTEx_SetNbDataToProcess)
    i.UART_AdvFeatureConfig                  0x08005d98   Section        0  stm32g4xx_hal_uart.o(i.UART_AdvFeatureConfig)
    i.UART_CheckIdleState                    0x08005e90   Section        0  stm32g4xx_hal_uart.o(i.UART_CheckIdleState)
    i.UART_DMAAbortOnError                   0x08005f04   Section        0  stm32g4xx_hal_uart.o(i.UART_DMAAbortOnError)
    UART_DMAAbortOnError                     0x08005f05   Thumb Code    24  stm32g4xx_hal_uart.o(i.UART_DMAAbortOnError)
    i.UART_EndRxTransfer                     0x08005f1c   Section        0  stm32g4xx_hal_uart.o(i.UART_EndRxTransfer)
    UART_EndRxTransfer                       0x08005f1d   Thumb Code    36  stm32g4xx_hal_uart.o(i.UART_EndRxTransfer)
    i.UART_EndTransmit_IT                    0x08005f44   Section        0  stm32g4xx_hal_uart.o(i.UART_EndTransmit_IT)
    UART_EndTransmit_IT                      0x08005f45   Thumb Code    34  stm32g4xx_hal_uart.o(i.UART_EndTransmit_IT)
    i.UART_RxISR_16BIT                       0x08005f66   Section        0  stm32g4xx_hal_uart.o(i.UART_RxISR_16BIT)
    UART_RxISR_16BIT                         0x08005f67   Thumb Code   112  stm32g4xx_hal_uart.o(i.UART_RxISR_16BIT)
    i.UART_RxISR_16BIT_FIFOEN                0x08005fd8   Section        0  stm32g4xx_hal_uart.o(i.UART_RxISR_16BIT_FIFOEN)
    UART_RxISR_16BIT_FIFOEN                  0x08005fd9   Thumb Code   170  stm32g4xx_hal_uart.o(i.UART_RxISR_16BIT_FIFOEN)
    i.UART_RxISR_8BIT                        0x0800608c   Section        0  stm32g4xx_hal_uart.o(i.UART_RxISR_8BIT)
    UART_RxISR_8BIT                          0x0800608d   Thumb Code   108  stm32g4xx_hal_uart.o(i.UART_RxISR_8BIT)
    i.UART_RxISR_8BIT_FIFOEN                 0x080060f8   Section        0  stm32g4xx_hal_uart.o(i.UART_RxISR_8BIT_FIFOEN)
    UART_RxISR_8BIT_FIFOEN                   0x080060f9   Thumb Code   170  stm32g4xx_hal_uart.o(i.UART_RxISR_8BIT_FIFOEN)
    i.UART_SetConfig                         0x080061ac   Section        0  stm32g4xx_hal_uart.o(i.UART_SetConfig)
    i.UART_TxISR_16BIT                       0x08006540   Section        0  stm32g4xx_hal_uart.o(i.UART_TxISR_16BIT)
    UART_TxISR_16BIT                         0x08006541   Thumb Code    70  stm32g4xx_hal_uart.o(i.UART_TxISR_16BIT)
    i.UART_TxISR_16BIT_FIFOEN                0x08006586   Section        0  stm32g4xx_hal_uart.o(i.UART_TxISR_16BIT_FIFOEN)
    UART_TxISR_16BIT_FIFOEN                  0x08006587   Thumb Code    98  stm32g4xx_hal_uart.o(i.UART_TxISR_16BIT_FIFOEN)
    i.UART_TxISR_8BIT                        0x080065e8   Section        0  stm32g4xx_hal_uart.o(i.UART_TxISR_8BIT)
    UART_TxISR_8BIT                          0x080065e9   Thumb Code    66  stm32g4xx_hal_uart.o(i.UART_TxISR_8BIT)
    i.UART_TxISR_8BIT_FIFOEN                 0x0800662a   Section        0  stm32g4xx_hal_uart.o(i.UART_TxISR_8BIT_FIFOEN)
    UART_TxISR_8BIT_FIFOEN                   0x0800662b   Thumb Code    92  stm32g4xx_hal_uart.o(i.UART_TxISR_8BIT_FIFOEN)
    i.UART_WaitOnFlagUntilTimeout            0x08006686   Section        0  stm32g4xx_hal_uart.o(i.UART_WaitOnFlagUntilTimeout)
    i.USART2_IRQHandler                      0x08006744   Section        0  stm32g4xx_it.o(i.USART2_IRQHandler)
    i.UsageFault_Handler                     0x08006754   Section        0  stm32g4xx_it.o(i.UsageFault_Handler)
    i.__ARM_fpclassify                       0x08006758   Section        0  fpclassify.o(i.__ARM_fpclassify)
    i.__NVIC_GetPriorityGrouping             0x08006788   Section        0  stm32g4xx_hal_cortex.o(i.__NVIC_GetPriorityGrouping)
    __NVIC_GetPriorityGrouping               0x08006789   Thumb Code    10  stm32g4xx_hal_cortex.o(i.__NVIC_GetPriorityGrouping)
    i.__NVIC_SetPriority                     0x08006798   Section        0  stm32g4xx_hal_cortex.o(i.__NVIC_SetPriority)
    __NVIC_SetPriority                       0x08006799   Thumb Code    32  stm32g4xx_hal_cortex.o(i.__NVIC_SetPriority)
    i.__hardfp_cos                           0x080067c0   Section        0  cos.o(i.__hardfp_cos)
    i.__hardfp_sin                           0x08006888   Section        0  sin.o(i.__hardfp_sin)
    i.__ieee754_rem_pio2                     0x08006950   Section        0  rred.o(i.__ieee754_rem_pio2)
    i.__kernel_cos                           0x08006d88   Section        0  cos_i.o(i.__kernel_cos)
    i.__kernel_poly                          0x08006ef8   Section        0  poly.o(i.__kernel_poly)
    i.__kernel_sin                           0x08006ff0   Section        0  sin_i.o(i.__kernel_sin)
    i.__mathlib_dbl_infnan                   0x08007120   Section        0  dunder.o(i.__mathlib_dbl_infnan)
    i.__mathlib_dbl_invalid                  0x08007138   Section        0  dunder.o(i.__mathlib_dbl_invalid)
    i.__mathlib_dbl_underflow                0x08007158   Section        0  dunder.o(i.__mathlib_dbl_underflow)
    i.__scatterload_copy                     0x08007178   Section       14  handlers.o(i.__scatterload_copy)
    i.__scatterload_null                     0x08007186   Section        2  handlers.o(i.__scatterload_null)
    i.__scatterload_zeroinit                 0x08007188   Section       14  handlers.o(i.__scatterload_zeroinit)
    i.__set_errno                            0x08007198   Section        0  errno.o(i.__set_errno)
    i.fabs                                   0x080071a4   Section        0  fabs.o(i.fabs)
    i.inverseParkTransform                   0x080071bc   Section        0  foc.o(i.inverseParkTransform)
    i.main                                   0x08007250   Section        0  main.o(i.main)
    i.motor_open_loop_control                0x080072a4   Section        0  motor_function.o(i.motor_open_loop_control)
    i.set_PWM_value                          0x080072f8   Section        0  motor_bsp.o(i.set_PWM_value)
    i.test_get_ADC_value                     0x08007310   Section        0  test.o(i.test_get_ADC_value)
    i.uart_debug_init                        0x08007360   Section        0  debug.o(i.uart_debug_init)
    .constdata                               0x08007384   Section       24  stm32g4xx_hal_uart.o(.constdata)
    .constdata                               0x0800739c   Section       24  system_stm32g4xx.o(.constdata)
    .constdata                               0x080073b8   Section       48  cos_i.o(.constdata)
    C                                        0x080073b8   Data          48  cos_i.o(.constdata)
    .constdata                               0x080073e8   Section      200  rred.o(.constdata)
    pio2s                                    0x080073e8   Data          48  rred.o(.constdata)
    twooverpi                                0x08007418   Data         152  rred.o(.constdata)
    .constdata                               0x080074b0   Section       40  sin_i.o(.constdata)
    S                                        0x080074b0   Data          40  sin_i.o(.constdata)
    .data                                    0x20000000   Section        8  test.o(.data)
    .data                                    0x20000008   Section        4  debug.o(.data)
    .data                                    0x2000000c   Section        4  stm32g4xx_hal_msp.o(.data)
    HAL_RCC_ADC12_CLK_ENABLED                0x2000000c   Data           4  stm32g4xx_hal_msp.o(.data)
    .data                                    0x20000010   Section       12  stm32g4xx_hal.o(.data)
    .data                                    0x2000001c   Section        4  system_stm32g4xx.o(.data)
    .data                                    0x20000020   Section        4  errno.o(.data)
    _errno                                   0x20000020   Data           4  errno.o(.data)
    .bss                                     0x20000024   Section       20  debug.o(.bss)
    .bss                                     0x20000038   Section      508  main.o(.bss)
    .bss                                     0x20000234   Section       32  pwm_encoder.o(.bss)
    STACK                                    0x20000258   Section     1024  startup_stm32g431xx.o(STACK)

    Global Symbols

    Symbol Name                              Value     Ov Type        Size  Object(Section)

    BuildAttributes$$THM_ISAv4$E$P$D$K$B$S$7EM$VFPi3$EXTD16$VFPS$VFMA$PE$A:L22UL41UL21$X:L11$S22US41US21$IEEE1$IW$USESV6$~STKCKD$USESV7$~SHL$OTIME$ROPI$IEEEX$EBA8$MICROLIB$REQ8$PRES8$EABIv2 0x00000000   Number         0  anon$$obj.o ABSOLUTE
    __ARM_use_no_argv                        0x00000000   Number         0  main.o ABSOLUTE
    _printf_a                                0x00000000   Number         0  stubs.o ABSOLUTE
    _printf_c                                0x00000000   Number         0  stubs.o ABSOLUTE
    _printf_charcount                        0x00000000   Number         0  stubs.o ABSOLUTE
    _printf_d                                0x00000000   Number         0  stubs.o ABSOLUTE
    _printf_e                                0x00000000   Number         0  stubs.o ABSOLUTE
    _printf_f                                0x00000000   Number         0  stubs.o ABSOLUTE
    _printf_flags                            0x00000000   Number         0  stubs.o ABSOLUTE
    _printf_fp_dec                           0x00000000   Number         0  stubs.o ABSOLUTE
    _printf_fp_hex                           0x00000000   Number         0  stubs.o ABSOLUTE
    _printf_g                                0x00000000   Number         0  stubs.o ABSOLUTE
    _printf_i                                0x00000000   Number         0  stubs.o ABSOLUTE
    _printf_int_dec                          0x00000000   Number         0  stubs.o ABSOLUTE
    _printf_l                                0x00000000   Number         0  stubs.o ABSOLUTE
    _printf_lc                               0x00000000   Number         0  stubs.o ABSOLUTE
    _printf_ll                               0x00000000   Number         0  stubs.o ABSOLUTE
    _printf_lld                              0x00000000   Number         0  stubs.o ABSOLUTE
    _printf_lli                              0x00000000   Number         0  stubs.o ABSOLUTE
    _printf_llo                              0x00000000   Number         0  stubs.o ABSOLUTE
    _printf_llu                              0x00000000   Number         0  stubs.o ABSOLUTE
    _printf_llx                              0x00000000   Number         0  stubs.o ABSOLUTE
    _printf_longlong_dec                     0x00000000   Number         0  stubs.o ABSOLUTE
    _printf_longlong_hex                     0x00000000   Number         0  stubs.o ABSOLUTE
    _printf_longlong_oct                     0x00000000   Number         0  stubs.o ABSOLUTE
    _printf_ls                               0x00000000   Number         0  stubs.o ABSOLUTE
    _printf_mbtowc                           0x00000000   Number         0  stubs.o ABSOLUTE
    _printf_n                                0x00000000   Number         0  stubs.o ABSOLUTE
    _printf_o                                0x00000000   Number         0  stubs.o ABSOLUTE
    _printf_p                                0x00000000   Number         0  stubs.o ABSOLUTE
    _printf_percent                          0x00000000   Number         0  stubs.o ABSOLUTE
    _printf_pre_padding                      0x00000000   Number         0  stubs.o ABSOLUTE
    _printf_return_value                     0x00000000   Number         0  stubs.o ABSOLUTE
    _printf_s                                0x00000000   Number         0  stubs.o ABSOLUTE
    _printf_sizespec                         0x00000000   Number         0  stubs.o ABSOLUTE
    _printf_str                              0x00000000   Number         0  stubs.o ABSOLUTE
    _printf_truncate_signed                  0x00000000   Number         0  stubs.o ABSOLUTE
    _printf_truncate_unsigned                0x00000000   Number         0  stubs.o ABSOLUTE
    _printf_u                                0x00000000   Number         0  stubs.o ABSOLUTE
    _printf_wc                               0x00000000   Number         0  stubs.o ABSOLUTE
    _printf_wctomb                           0x00000000   Number         0  stubs.o ABSOLUTE
    _printf_widthprec                        0x00000000   Number         0  stubs.o ABSOLUTE
    _printf_x                                0x00000000   Number         0  stubs.o ABSOLUTE
    __arm_fini_                               - Undefined Weak Reference
    __cpp_initialize__aeabi_                  - Undefined Weak Reference
    __cxa_finalize                            - Undefined Weak Reference
    __decompress                              - Undefined Weak Reference
    _clock_init                               - Undefined Weak Reference
    _microlib_exit                            - Undefined Weak Reference
    __Vectors_Size                           0x000001d8   Number         0  startup_stm32g431xx.o ABSOLUTE
    __Vectors                                0x08000000   Data           4  startup_stm32g431xx.o(RESET)
    __Vectors_End                            0x080001d8   Data           0  startup_stm32g431xx.o(RESET)
    __main                                   0x080001d9   Thumb Code     0  entry.o(.ARM.Collect$$$$00000000)
    _main_stk                                0x080001d9   Thumb Code     0  entry2.o(.ARM.Collect$$$$00000001)
    _main_scatterload                        0x080001dd   Thumb Code     0  entry5.o(.ARM.Collect$$$$00000004)
    __main_after_scatterload                 0x080001e1   Thumb Code     0  entry5.o(.ARM.Collect$$$$00000004)
    _main_clock                              0x080001e1   Thumb Code     0  entry7b.o(.ARM.Collect$$$$00000008)
    _main_cpp_init                           0x080001e1   Thumb Code     0  entry8b.o(.ARM.Collect$$$$0000000A)
    _main_init                               0x080001e1   Thumb Code     0  entry9a.o(.ARM.Collect$$$$0000000B)
    __rt_lib_shutdown_fini                   0x080001e9   Thumb Code     0  entry12b.o(.ARM.Collect$$$$0000000E)
    __rt_final_cpp                           0x080001ed   Thumb Code     0  entry10a.o(.ARM.Collect$$$$0000000F)
    __rt_final_exit                          0x080001ed   Thumb Code     0  entry11a.o(.ARM.Collect$$$$00000011)
    Reset_Handler                            0x080001f1   Thumb Code     8  startup_stm32g431xx.o(.text)
    COMP1_2_3_IRQHandler                     0x0800020b   Thumb Code     0  startup_stm32g431xx.o(.text)
    COMP4_IRQHandler                         0x0800020b   Thumb Code     0  startup_stm32g431xx.o(.text)
    CORDIC_IRQHandler                        0x0800020b   Thumb Code     0  startup_stm32g431xx.o(.text)
    CRS_IRQHandler                           0x0800020b   Thumb Code     0  startup_stm32g431xx.o(.text)
    DMA1_Channel1_IRQHandler                 0x0800020b   Thumb Code     0  startup_stm32g431xx.o(.text)
    DMA1_Channel2_IRQHandler                 0x0800020b   Thumb Code     0  startup_stm32g431xx.o(.text)
    DMA1_Channel3_IRQHandler                 0x0800020b   Thumb Code     0  startup_stm32g431xx.o(.text)
    DMA1_Channel4_IRQHandler                 0x0800020b   Thumb Code     0  startup_stm32g431xx.o(.text)
    DMA1_Channel5_IRQHandler                 0x0800020b   Thumb Code     0  startup_stm32g431xx.o(.text)
    DMA1_Channel6_IRQHandler                 0x0800020b   Thumb Code     0  startup_stm32g431xx.o(.text)
    DMA2_Channel1_IRQHandler                 0x0800020b   Thumb Code     0  startup_stm32g431xx.o(.text)
    DMA2_Channel2_IRQHandler                 0x0800020b   Thumb Code     0  startup_stm32g431xx.o(.text)
    DMA2_Channel3_IRQHandler                 0x0800020b   Thumb Code     0  startup_stm32g431xx.o(.text)
    DMA2_Channel4_IRQHandler                 0x0800020b   Thumb Code     0  startup_stm32g431xx.o(.text)
    DMA2_Channel5_IRQHandler                 0x0800020b   Thumb Code     0  startup_stm32g431xx.o(.text)
    DMA2_Channel6_IRQHandler                 0x0800020b   Thumb Code     0  startup_stm32g431xx.o(.text)
    DMAMUX_OVR_IRQHandler                    0x0800020b   Thumb Code     0  startup_stm32g431xx.o(.text)
    EXTI0_IRQHandler                         0x0800020b   Thumb Code     0  startup_stm32g431xx.o(.text)
    EXTI15_10_IRQHandler                     0x0800020b   Thumb Code     0  startup_stm32g431xx.o(.text)
    EXTI1_IRQHandler                         0x0800020b   Thumb Code     0  startup_stm32g431xx.o(.text)
    EXTI2_IRQHandler                         0x0800020b   Thumb Code     0  startup_stm32g431xx.o(.text)
    EXTI3_IRQHandler                         0x0800020b   Thumb Code     0  startup_stm32g431xx.o(.text)
    EXTI4_IRQHandler                         0x0800020b   Thumb Code     0  startup_stm32g431xx.o(.text)
    EXTI9_5_IRQHandler                       0x0800020b   Thumb Code     0  startup_stm32g431xx.o(.text)
    FDCAN1_IT0_IRQHandler                    0x0800020b   Thumb Code     0  startup_stm32g431xx.o(.text)
    FDCAN1_IT1_IRQHandler                    0x0800020b   Thumb Code     0  startup_stm32g431xx.o(.text)
    FLASH_IRQHandler                         0x0800020b   Thumb Code     0  startup_stm32g431xx.o(.text)
    FMAC_IRQHandler                          0x0800020b   Thumb Code     0  startup_stm32g431xx.o(.text)
    FPU_IRQHandler                           0x0800020b   Thumb Code     0  startup_stm32g431xx.o(.text)
    I2C1_ER_IRQHandler                       0x0800020b   Thumb Code     0  startup_stm32g431xx.o(.text)
    I2C1_EV_IRQHandler                       0x0800020b   Thumb Code     0  startup_stm32g431xx.o(.text)
    I2C2_ER_IRQHandler                       0x0800020b   Thumb Code     0  startup_stm32g431xx.o(.text)
    I2C2_EV_IRQHandler                       0x0800020b   Thumb Code     0  startup_stm32g431xx.o(.text)
    I2C3_ER_IRQHandler                       0x0800020b   Thumb Code     0  startup_stm32g431xx.o(.text)
    I2C3_EV_IRQHandler                       0x0800020b   Thumb Code     0  startup_stm32g431xx.o(.text)
    LPTIM1_IRQHandler                        0x0800020b   Thumb Code     0  startup_stm32g431xx.o(.text)
    LPUART1_IRQHandler                       0x0800020b   Thumb Code     0  startup_stm32g431xx.o(.text)
    PVD_PVM_IRQHandler                       0x0800020b   Thumb Code     0  startup_stm32g431xx.o(.text)
    RCC_IRQHandler                           0x0800020b   Thumb Code     0  startup_stm32g431xx.o(.text)
    RNG_IRQHandler                           0x0800020b   Thumb Code     0  startup_stm32g431xx.o(.text)
    RTC_Alarm_IRQHandler                     0x0800020b   Thumb Code     0  startup_stm32g431xx.o(.text)
    RTC_TAMP_LSECSS_IRQHandler               0x0800020b   Thumb Code     0  startup_stm32g431xx.o(.text)
    RTC_WKUP_IRQHandler                      0x0800020b   Thumb Code     0  startup_stm32g431xx.o(.text)
    SAI1_IRQHandler                          0x0800020b   Thumb Code     0  startup_stm32g431xx.o(.text)
    SPI1_IRQHandler                          0x0800020b   Thumb Code     0  startup_stm32g431xx.o(.text)
    SPI2_IRQHandler                          0x0800020b   Thumb Code     0  startup_stm32g431xx.o(.text)
    SPI3_IRQHandler                          0x0800020b   Thumb Code     0  startup_stm32g431xx.o(.text)
    TIM1_CC_IRQHandler                       0x0800020b   Thumb Code     0  startup_stm32g431xx.o(.text)
    TIM1_TRG_COM_TIM17_IRQHandler            0x0800020b   Thumb Code     0  startup_stm32g431xx.o(.text)
    TIM2_IRQHandler                          0x0800020b   Thumb Code     0  startup_stm32g431xx.o(.text)
    TIM4_IRQHandler                          0x0800020b   Thumb Code     0  startup_stm32g431xx.o(.text)
    TIM6_DAC_IRQHandler                      0x0800020b   Thumb Code     0  startup_stm32g431xx.o(.text)
    TIM7_IRQHandler                          0x0800020b   Thumb Code     0  startup_stm32g431xx.o(.text)
    TIM8_BRK_IRQHandler                      0x0800020b   Thumb Code     0  startup_stm32g431xx.o(.text)
    TIM8_CC_IRQHandler                       0x0800020b   Thumb Code     0  startup_stm32g431xx.o(.text)
    TIM8_TRG_COM_IRQHandler                  0x0800020b   Thumb Code     0  startup_stm32g431xx.o(.text)
    TIM8_UP_IRQHandler                       0x0800020b   Thumb Code     0  startup_stm32g431xx.o(.text)
    UART4_IRQHandler                         0x0800020b   Thumb Code     0  startup_stm32g431xx.o(.text)
    UCPD1_IRQHandler                         0x0800020b   Thumb Code     0  startup_stm32g431xx.o(.text)
    USART1_IRQHandler                        0x0800020b   Thumb Code     0  startup_stm32g431xx.o(.text)
    USART3_IRQHandler                        0x0800020b   Thumb Code     0  startup_stm32g431xx.o(.text)
    USBWakeUp_IRQHandler                     0x0800020b   Thumb Code     0  startup_stm32g431xx.o(.text)
    USB_HP_IRQHandler                        0x0800020b   Thumb Code     0  startup_stm32g431xx.o(.text)
    USB_LP_IRQHandler                        0x0800020b   Thumb Code     0  startup_stm32g431xx.o(.text)
    WWDG_IRQHandler                          0x0800020b   Thumb Code     0  startup_stm32g431xx.o(.text)
    __aeabi_uldivmod                         0x08000215   Thumb Code    98  uldiv.o(.text)
    __aeabi_memset                           0x08000277   Thumb Code    14  memseta.o(.text)
    __aeabi_memset4                          0x08000277   Thumb Code     0  memseta.o(.text)
    __aeabi_memset8                          0x08000277   Thumb Code     0  memseta.o(.text)
    __aeabi_memclr                           0x08000285   Thumb Code     4  memseta.o(.text)
    __aeabi_memclr4                          0x08000285   Thumb Code     0  memseta.o(.text)
    __aeabi_memclr8                          0x08000285   Thumb Code     0  memseta.o(.text)
    _memset$wrapper                          0x08000289   Thumb Code    18  memseta.o(.text)
    __aeabi_f2d                              0x0800029b   Thumb Code    38  f2d.o(.text)
    __aeabi_d2f                              0x080002c1   Thumb Code    56  d2f.o(.text)
    __aeabi_llsl                             0x080002f9   Thumb Code    30  llshl.o(.text)
    _ll_shift_l                              0x080002f9   Thumb Code     0  llshl.o(.text)
    __aeabi_llsr                             0x08000317   Thumb Code    32  llushr.o(.text)
    _ll_ushift_r                             0x08000317   Thumb Code     0  llushr.o(.text)
    __I$use$fp                               0x08000337   Thumb Code     0  iusefp.o(.text)
    _float_round                             0x08000337   Thumb Code    18  fepilogue.o(.text)
    _float_epilogue                          0x08000349   Thumb Code    92  fepilogue.o(.text)
    __aeabi_dadd                             0x080003a5   Thumb Code   322  dadd.o(.text)
    __aeabi_dsub                             0x080004e7   Thumb Code     6  dadd.o(.text)
    __aeabi_drsub                            0x080004ed   Thumb Code     6  dadd.o(.text)
    __aeabi_dmul                             0x080004f3   Thumb Code   228  dmul.o(.text)
    __aeabi_ddiv                             0x080005d7   Thumb Code   222  ddiv.o(.text)
    __scatterload                            0x080006b5   Thumb Code    28  init.o(.text)
    __scatterload_rt2                        0x080006b5   Thumb Code     0  init.o(.text)
    __aeabi_lasr                             0x080006d9   Thumb Code    36  llsshr.o(.text)
    _ll_sshift_r                             0x080006d9   Thumb Code     0  llsshr.o(.text)
    _double_round                            0x080006fd   Thumb Code    30  depilogue.o(.text)
    _double_epilogue                         0x0800071b   Thumb Code   156  depilogue.o(.text)
    __aeabi_i2d                              0x080007b7   Thumb Code    34  dflti.o(.text)
    __aeabi_ui2d                             0x080007d9   Thumb Code    26  dfltui.o(.text)
    __aeabi_d2iz                             0x080007f3   Thumb Code    62  dfixi.o(.text)
    ADC1_2_IRQHandler                        0x08000831   Thumb Code    30  stm32g4xx_it.o(i.ADC1_2_IRQHandler)
    ADC_Enable                               0x0800085d   Thumb Code   116  stm32g4xx_hal_adc.o(i.ADC_Enable)
    BusFault_Handler                         0x080008d5   Thumb Code     4  stm32g4xx_it.o(i.BusFault_Handler)
    DebugMon_Handler                         0x080008d9   Thumb Code     2  stm32g4xx_it.o(i.DebugMon_Handler)
    Error_Handler                            0x080008db   Thumb Code     6  main.o(i.Error_Handler)
    FOC_hardware_init                        0x080008e1   Thumb Code     8  foc.o(i.FOC_hardware_init)
    Get_PWM_Encoder_Angles                   0x080008e9   Thumb Code   132  pwm_encoder.o(i.Get_PWM_Encoder_Angles)
    HAL_ADCEx_EndOfSamplingCallback          0x08000981   Thumb Code     2  stm32g4xx_hal_adc_ex.o(i.HAL_ADCEx_EndOfSamplingCallback)
    HAL_ADCEx_InjectedConfigChannel          0x08000985   Thumb Code  1538  stm32g4xx_hal_adc_ex.o(i.HAL_ADCEx_InjectedConfigChannel)
    HAL_ADCEx_InjectedConvCpltCallback       0x08000fb1   Thumb Code     2  stm32g4xx_hal_adc_ex.o(i.HAL_ADCEx_InjectedConvCpltCallback)
    HAL_ADCEx_InjectedGetValue               0x08000fb3   Thumb Code    62  stm32g4xx_hal_adc_ex.o(i.HAL_ADCEx_InjectedGetValue)
    HAL_ADCEx_InjectedQueueOverflowCallback  0x08000ff1   Thumb Code     2  stm32g4xx_hal_adc_ex.o(i.HAL_ADCEx_InjectedQueueOverflowCallback)
    HAL_ADCEx_InjectedStart                  0x08000ff5   Thumb Code   254  stm32g4xx_hal_adc_ex.o(i.HAL_ADCEx_InjectedStart)
    HAL_ADCEx_LevelOutOfWindow2Callback      0x080010fd   Thumb Code     2  stm32g4xx_hal_adc_ex.o(i.HAL_ADCEx_LevelOutOfWindow2Callback)
    HAL_ADCEx_LevelOutOfWindow3Callback      0x080010ff   Thumb Code     2  stm32g4xx_hal_adc_ex.o(i.HAL_ADCEx_LevelOutOfWindow3Callback)
    HAL_ADCEx_MultiModeConfigChannel         0x08001101   Thumb Code   254  stm32g4xx_hal_adc_ex.o(i.HAL_ADCEx_MultiModeConfigChannel)
    HAL_ADC_ConfigChannel                    0x08001209   Thumb Code  1250  stm32g4xx_hal_adc.o(i.HAL_ADC_ConfigChannel)
    HAL_ADC_ConvCpltCallback                 0x08001711   Thumb Code     2  stm32g4xx_hal_adc.o(i.HAL_ADC_ConvCpltCallback)
    HAL_ADC_ErrorCallback                    0x08001713   Thumb Code     2  stm32g4xx_hal_adc.o(i.HAL_ADC_ErrorCallback)
    HAL_ADC_IRQHandler                       0x08001715   Thumb Code   808  stm32g4xx_hal_adc.o(i.HAL_ADC_IRQHandler)
    HAL_ADC_Init                             0x08001a45   Thumb Code   582  stm32g4xx_hal_adc.o(i.HAL_ADC_Init)
    HAL_ADC_LevelOutOfWindowCallback         0x08001ca9   Thumb Code     2  stm32g4xx_hal_adc.o(i.HAL_ADC_LevelOutOfWindowCallback)
    HAL_ADC_MspInit                          0x08001cad   Thumb Code   306  stm32g4xx_hal_msp.o(i.HAL_ADC_MspInit)
    HAL_DMA_Abort_IT                         0x08001df1   Thumb Code   148  stm32g4xx_hal_dma.o(i.HAL_DMA_Abort_IT)
    HAL_Delay                                0x08001e85   Thumb Code    36  stm32g4xx_hal.o(i.HAL_Delay)
    HAL_GPIO_Init                            0x08001ead   Thumb Code   438  stm32g4xx_hal_gpio.o(i.HAL_GPIO_Init)
    HAL_GPIO_TogglePin                       0x08002085   Thumb Code    20  stm32g4xx_hal_gpio.o(i.HAL_GPIO_TogglePin)
    HAL_GPIO_WritePin                        0x08002099   Thumb Code    10  stm32g4xx_hal_gpio.o(i.HAL_GPIO_WritePin)
    HAL_GetTick                              0x080020a5   Thumb Code     6  stm32g4xx_hal.o(i.HAL_GetTick)
    HAL_IncTick                              0x080020b1   Thumb Code    16  stm32g4xx_hal.o(i.HAL_IncTick)
    HAL_Init                                 0x080020c9   Thumb Code    30  stm32g4xx_hal.o(i.HAL_Init)
    HAL_InitTick                             0x080020e9   Thumb Code    74  stm32g4xx_hal.o(i.HAL_InitTick)
    HAL_MspInit                              0x08002141   Thumb Code    68  stm32g4xx_hal_msp.o(i.HAL_MspInit)
    HAL_NVIC_EnableIRQ                       0x08002189   Thumb Code    40  stm32g4xx_hal_cortex.o(i.HAL_NVIC_EnableIRQ)
    HAL_NVIC_SetPriority                     0x080021b1   Thumb Code   122  stm32g4xx_hal_cortex.o(i.HAL_NVIC_SetPriority)
    HAL_NVIC_SetPriorityGrouping             0x0800222d   Thumb Code    32  stm32g4xx_hal_cortex.o(i.HAL_NVIC_SetPriorityGrouping)
    HAL_PWREx_ControlVoltageScaling          0x08002255   Thumb Code   268  stm32g4xx_hal_pwr_ex.o(i.HAL_PWREx_ControlVoltageScaling)
    HAL_PWREx_DisableUCPDDeadBattery         0x0800236d   Thumb Code    14  stm32g4xx_hal_pwr_ex.o(i.HAL_PWREx_DisableUCPDDeadBattery)
    HAL_RCCEx_PeriphCLKConfig                0x08002381   Thumb Code   872  stm32g4xx_hal_rcc_ex.o(i.HAL_RCCEx_PeriphCLKConfig)
    HAL_RCC_ClockConfig                      0x080026f1   Thumb Code   522  stm32g4xx_hal_rcc.o(i.HAL_RCC_ClockConfig)
    HAL_RCC_GetHCLKFreq                      0x08002915   Thumb Code     6  stm32g4xx_hal_rcc.o(i.HAL_RCC_GetHCLKFreq)
    HAL_RCC_GetPCLK1Freq                     0x08002921   Thumb Code    26  stm32g4xx_hal_rcc.o(i.HAL_RCC_GetPCLK1Freq)
    HAL_RCC_GetPCLK2Freq                     0x08002945   Thumb Code    26  stm32g4xx_hal_rcc.o(i.HAL_RCC_GetPCLK2Freq)
    HAL_RCC_GetSysClockFreq                  0x08002969   Thumb Code   138  stm32g4xx_hal_rcc.o(i.HAL_RCC_GetSysClockFreq)
    HAL_RCC_OscConfig                        0x08002a01   Thumb Code  1370  stm32g4xx_hal_rcc.o(i.HAL_RCC_OscConfig)
    HAL_SYSTICK_Config                       0x08002f69   Thumb Code    52  stm32g4xx_hal_cortex.o(i.HAL_SYSTICK_Config)
    HAL_TIMEx_Break2Callback                 0x08002f9d   Thumb Code     2  stm32g4xx_hal_tim_ex.o(i.HAL_TIMEx_Break2Callback)
    HAL_TIMEx_BreakCallback                  0x08002f9f   Thumb Code     2  stm32g4xx_hal_tim_ex.o(i.HAL_TIMEx_BreakCallback)
    HAL_TIMEx_CommutCallback                 0x08002fa1   Thumb Code     2  stm32g4xx_hal_tim_ex.o(i.HAL_TIMEx_CommutCallback)
    HAL_TIMEx_ConfigBreakDeadTime            0x08002fa5   Thumb Code   224  stm32g4xx_hal_tim_ex.o(i.HAL_TIMEx_ConfigBreakDeadTime)
    HAL_TIMEx_ConfigBreakInput               0x0800308d   Thumb Code   212  stm32g4xx_hal_tim_ex.o(i.HAL_TIMEx_ConfigBreakInput)
    HAL_TIMEx_DirectionChangeCallback        0x08003161   Thumb Code     2  stm32g4xx_hal_tim_ex.o(i.HAL_TIMEx_DirectionChangeCallback)
    HAL_TIMEx_EnableDeadTimePreload          0x08003163   Thumb Code    18  stm32g4xx_hal_tim_ex.o(i.HAL_TIMEx_EnableDeadTimePreload)
    HAL_TIMEx_EncoderIndexCallback           0x08003175   Thumb Code     2  stm32g4xx_hal_tim_ex.o(i.HAL_TIMEx_EncoderIndexCallback)
    HAL_TIMEx_IndexErrorCallback             0x08003177   Thumb Code     2  stm32g4xx_hal_tim_ex.o(i.HAL_TIMEx_IndexErrorCallback)
    HAL_TIMEx_MasterConfigSynchronization    0x08003179   Thumb Code   158  stm32g4xx_hal_tim_ex.o(i.HAL_TIMEx_MasterConfigSynchronization)
    HAL_TIMEx_PWMN_Start                     0x08003231   Thumb Code   206  stm32g4xx_hal_tim_ex.o(i.HAL_TIMEx_PWMN_Start)
    HAL_TIMEx_TransitionErrorCallback        0x08003319   Thumb Code     2  stm32g4xx_hal_tim_ex.o(i.HAL_TIMEx_TransitionErrorCallback)
    HAL_TIM_Base_Init                        0x0800331b   Thumb Code   110  stm32g4xx_hal_tim.o(i.HAL_TIM_Base_Init)
    HAL_TIM_Base_MspInit                     0x08003389   Thumb Code   250  stm32g4xx_hal_msp.o(i.HAL_TIM_Base_MspInit)
    HAL_TIM_Base_Start                       0x08003491   Thumb Code   118  stm32g4xx_hal_tim.o(i.HAL_TIM_Base_Start)
    HAL_TIM_ConfigClockSource                0x08003521   Thumb Code   296  stm32g4xx_hal_tim.o(i.HAL_TIM_ConfigClockSource)
    HAL_TIM_IC_CaptureCallback               0x08003651   Thumb Code   104  pwm_encoder.o(i.HAL_TIM_IC_CaptureCallback)
    HAL_TIM_IC_ConfigChannel                 0x080036c5   Thumb Code   212  stm32g4xx_hal_tim.o(i.HAL_TIM_IC_ConfigChannel)
    HAL_TIM_IC_Init                          0x08003799   Thumb Code   110  stm32g4xx_hal_tim.o(i.HAL_TIM_IC_Init)
    HAL_TIM_IC_MspInit                       0x08003807   Thumb Code     2  stm32g4xx_hal_tim.o(i.HAL_TIM_IC_MspInit)
    HAL_TIM_IC_Start_IT                      0x08003809   Thumb Code   400  stm32g4xx_hal_tim.o(i.HAL_TIM_IC_Start_IT)
    HAL_TIM_IRQHandler                       0x080039b1   Thumb Code   576  stm32g4xx_hal_tim.o(i.HAL_TIM_IRQHandler)
    HAL_TIM_MspPostInit                      0x08003bf1   Thumb Code   166  stm32g4xx_hal_msp.o(i.HAL_TIM_MspPostInit)
    HAL_TIM_OC_DelayElapsedCallback          0x08003ca5   Thumb Code     2  stm32g4xx_hal_tim.o(i.HAL_TIM_OC_DelayElapsedCallback)
    HAL_TIM_PWM_ConfigChannel                0x08003ca7   Thumb Code   360  stm32g4xx_hal_tim.o(i.HAL_TIM_PWM_ConfigChannel)
    HAL_TIM_PWM_Init                         0x08003e0f   Thumb Code   110  stm32g4xx_hal_tim.o(i.HAL_TIM_PWM_Init)
    HAL_TIM_PWM_MspInit                      0x08003e7d   Thumb Code     2  stm32g4xx_hal_tim.o(i.HAL_TIM_PWM_MspInit)
    HAL_TIM_PWM_PulseFinishedCallback        0x08003e7f   Thumb Code     2  stm32g4xx_hal_tim.o(i.HAL_TIM_PWM_PulseFinishedCallback)
    HAL_TIM_PWM_Start                        0x08003e81   Thumb Code   298  stm32g4xx_hal_tim.o(i.HAL_TIM_PWM_Start)
    HAL_TIM_PeriodElapsedCallback            0x08003fcd   Thumb Code     2  stm32g4xx_hal_tim.o(i.HAL_TIM_PeriodElapsedCallback)
    HAL_TIM_ReadCapturedValue                0x08003fcf   Thumb Code    50  stm32g4xx_hal_tim.o(i.HAL_TIM_ReadCapturedValue)
    HAL_TIM_SlaveConfigSynchro               0x08004001   Thumb Code   108  stm32g4xx_hal_tim.o(i.HAL_TIM_SlaveConfigSynchro)
    HAL_TIM_TriggerCallback                  0x0800406d   Thumb Code     2  stm32g4xx_hal_tim.o(i.HAL_TIM_TriggerCallback)
    HAL_UARTEx_DisableFifoMode               0x0800406f   Thumb Code    78  stm32g4xx_hal_uart_ex.o(i.HAL_UARTEx_DisableFifoMode)
    HAL_UARTEx_RxFifoFullCallback            0x080040bd   Thumb Code     2  stm32g4xx_hal_uart_ex.o(i.HAL_UARTEx_RxFifoFullCallback)
    HAL_UARTEx_SetRxFifoThreshold            0x080040bf   Thumb Code    94  stm32g4xx_hal_uart_ex.o(i.HAL_UARTEx_SetRxFifoThreshold)
    HAL_UARTEx_SetTxFifoThreshold            0x0800411d   Thumb Code    94  stm32g4xx_hal_uart_ex.o(i.HAL_UARTEx_SetTxFifoThreshold)
    HAL_UARTEx_TxFifoEmptyCallback           0x0800417b   Thumb Code     2  stm32g4xx_hal_uart_ex.o(i.HAL_UARTEx_TxFifoEmptyCallback)
    HAL_UARTEx_WakeupCallback                0x0800417d   Thumb Code     2  stm32g4xx_hal_uart_ex.o(i.HAL_UARTEx_WakeupCallback)
    HAL_UART_ErrorCallback                   0x0800417f   Thumb Code     2  stm32g4xx_hal_uart.o(i.HAL_UART_ErrorCallback)
    HAL_UART_IRQHandler                      0x08004181   Thumb Code   512  stm32g4xx_hal_uart.o(i.HAL_UART_IRQHandler)
    HAL_UART_Init                            0x0800438d   Thumb Code   120  stm32g4xx_hal_uart.o(i.HAL_UART_Init)
    HAL_UART_MspInit                         0x08004405   Thumb Code   124  stm32g4xx_hal_msp.o(i.HAL_UART_MspInit)
    HAL_UART_Receive_IT                      0x08004489   Thumb Code   300  stm32g4xx_hal_uart.o(i.HAL_UART_Receive_IT)
    HAL_UART_RxCpltCallback                  0x080045c5   Thumb Code    30  debug.o(i.HAL_UART_RxCpltCallback)
    HAL_UART_Transmit                        0x080045ed   Thumb Code   214  stm32g4xx_hal_uart.o(i.HAL_UART_Transmit)
    HAL_UART_Transmit_IT                     0x080046c5   Thumb Code   168  stm32g4xx_hal_uart.o(i.HAL_UART_Transmit_IT)
    HAL_UART_TxCpltCallback                  0x0800477d   Thumb Code     2  stm32g4xx_hal_uart.o(i.HAL_UART_TxCpltCallback)
    HardFault_Handler                        0x0800477f   Thumb Code     4  stm32g4xx_it.o(i.HardFault_Handler)
    MemManage_Handler                        0x08004e95   Thumb Code     4  stm32g4xx_it.o(i.MemManage_Handler)
    Motor_Align                              0x08004e99   Thumb Code    94  motor_function.o(i.Motor_Align)
    NMI_Handler                              0x08004f05   Thumb Code     4  stm32g4xx_it.o(i.NMI_Handler)
    PWM_ADC_init                             0x08004f09   Thumb Code   120  motor_bsp.o(i.PWM_ADC_init)
    PWM_encoder_init                         0x08004f8d   Thumb Code    20  pwm_encoder.o(i.PWM_encoder_init)
    PendSV_Handler                           0x08004fa5   Thumb Code     2  stm32g4xx_it.o(i.PendSV_Handler)
    SVC_Handler                              0x08005011   Thumb Code     2  stm32g4xx_it.o(i.SVC_Handler)
    SVPWM                                    0x08005015   Thumb Code  1246  foc.o(i.SVPWM)
    SysTick_Handler                          0x080054f9   Thumb Code     8  stm32g4xx_it.o(i.SysTick_Handler)
    SystemClock_Config                       0x08005501   Thumb Code   140  main.o(i.SystemClock_Config)
    SystemInit                               0x0800558d   Thumb Code    24  system_stm32g4xx.o(i.SystemInit)
    TIM1_BRK_TIM15_IRQHandler                0x080055a9   Thumb Code    10  stm32g4xx_it.o(i.TIM1_BRK_TIM15_IRQHandler)
    TIM1_UP_TIM16_IRQHandler                 0x080055b9   Thumb Code    10  stm32g4xx_it.o(i.TIM1_UP_TIM16_IRQHandler)
    TIM3_IRQHandler                          0x080055c9   Thumb Code    10  stm32g4xx_it.o(i.TIM3_IRQHandler)
    TIM_Base_SetConfig                       0x080055d9   Thumb Code   158  stm32g4xx_hal_tim.o(i.TIM_Base_SetConfig)
    TIM_CCxChannelCmd                        0x08005695   Thumb Code    34  stm32g4xx_hal_tim.o(i.TIM_CCxChannelCmd)
    TIM_ETR_SetConfig                        0x080056d9   Thumb Code    22  stm32g4xx_hal_tim.o(i.TIM_ETR_SetConfig)
    TIM_OC2_SetConfig                        0x080057b5   Thumb Code   156  stm32g4xx_hal_tim.o(i.TIM_OC2_SetConfig)
    TIM_TI1_SetConfig                        0x08005bd5   Thumb Code   102  stm32g4xx_hal_tim.o(i.TIM_TI1_SetConfig)
    UART_AdvFeatureConfig                    0x08005d99   Thumb Code   248  stm32g4xx_hal_uart.o(i.UART_AdvFeatureConfig)
    UART_CheckIdleState                      0x08005e91   Thumb Code   116  stm32g4xx_hal_uart.o(i.UART_CheckIdleState)
    UART_SetConfig                           0x080061ad   Thumb Code   874  stm32g4xx_hal_uart.o(i.UART_SetConfig)
    UART_WaitOnFlagUntilTimeout              0x08006687   Thumb Code   190  stm32g4xx_hal_uart.o(i.UART_WaitOnFlagUntilTimeout)
    USART2_IRQHandler                        0x08006745   Thumb Code    10  stm32g4xx_it.o(i.USART2_IRQHandler)
    UsageFault_Handler                       0x08006755   Thumb Code     4  stm32g4xx_it.o(i.UsageFault_Handler)
    __ARM_fpclassify                         0x08006759   Thumb Code    48  fpclassify.o(i.__ARM_fpclassify)
    __hardfp_cos                             0x080067c1   Thumb Code   180  cos.o(i.__hardfp_cos)
    __hardfp_sin                             0x08006889   Thumb Code   180  sin.o(i.__hardfp_sin)
    __ieee754_rem_pio2                       0x08006951   Thumb Code   938  rred.o(i.__ieee754_rem_pio2)
    __kernel_cos                             0x08006d89   Thumb Code   322  cos_i.o(i.__kernel_cos)
    __kernel_poly                            0x08006ef9   Thumb Code   248  poly.o(i.__kernel_poly)
    __kernel_sin                             0x08006ff1   Thumb Code   280  sin_i.o(i.__kernel_sin)
    __mathlib_dbl_infnan                     0x08007121   Thumb Code    20  dunder.o(i.__mathlib_dbl_infnan)
    __mathlib_dbl_invalid                    0x08007139   Thumb Code    24  dunder.o(i.__mathlib_dbl_invalid)
    __mathlib_dbl_underflow                  0x08007159   Thumb Code    24  dunder.o(i.__mathlib_dbl_underflow)
    __scatterload_copy                       0x08007179   Thumb Code    14  handlers.o(i.__scatterload_copy)
    __scatterload_null                       0x08007187   Thumb Code     2  handlers.o(i.__scatterload_null)
    __scatterload_zeroinit                   0x08007189   Thumb Code    14  handlers.o(i.__scatterload_zeroinit)
    __set_errno                              0x08007199   Thumb Code     6  errno.o(i.__set_errno)
    fabs                                     0x080071a5   Thumb Code    24  fabs.o(i.fabs)
    inverseParkTransform                     0x080071bd   Thumb Code   148  foc.o(i.inverseParkTransform)
    main                                     0x08007251   Thumb Code    82  main.o(i.main)
    motor_open_loop_control                  0x080072a5   Thumb Code    74  motor_function.o(i.motor_open_loop_control)
    set_PWM_value                            0x080072f9   Thumb Code    20  motor_bsp.o(i.set_PWM_value)
    test_get_ADC_value                       0x08007311   Thumb Code    56  test.o(i.test_get_ADC_value)
    uart_debug_init                          0x08007361   Thumb Code    24  debug.o(i.uart_debug_init)
    UARTPrescTable                           0x08007384   Data          24  stm32g4xx_hal_uart.o(.constdata)
    AHBPrescTable                            0x0800739c   Data          16  system_stm32g4xx.o(.constdata)
    APBPrescTable                            0x080073ac   Data           8  system_stm32g4xx.o(.constdata)
    Region$$Table$$Base                      0x080074d8   Number         0  anon$$obj.o(Region$$Table)
    Region$$Table$$Limit                     0x080074f8   Number         0  anon$$obj.o(Region$$Table)
    PA1_adc_value                            0x20000000   Data           2  test.o(.data)
    PB11_adc_value                           0x20000002   Data           2  test.o(.data)
    PA0_adc_value                            0x20000004   Data           2  test.o(.data)
    PA7_adc_value                            0x20000006   Data           2  test.o(.data)
    StaMessages                              0x20000008   Data           4  debug.o(.data)
    uwTick                                   0x20000010   Data           4  stm32g4xx_hal.o(.data)
    uwTickPrio                               0x20000014   Data           4  stm32g4xx_hal.o(.data)
    uwTickFreq                               0x20000018   Data           4  stm32g4xx_hal.o(.data)
    SystemCoreClock                          0x2000001c   Data           4  system_stm32g4xx.o(.data)
    RxBuffer                                 0x20000024   Data          20  debug.o(.bss)
    hadc1                                    0x20000038   Data         108  main.o(.bss)
    hadc2                                    0x200000a4   Data         108  main.o(.bss)
    htim1                                    0x20000110   Data          76  main.o(.bss)
    htim3                                    0x2000015c   Data          76  main.o(.bss)
    huart2                                   0x200001a8   Data         140  main.o(.bss)
    pwm_encoder                              0x20000234   Data          32  pwm_encoder.o(.bss)
    __initial_sp                             0x20000658   Data           0  startup_stm32g431xx.o(STACK)



==============================================================================

Memory Map of the image

  Image Entry point : 0x080001d9

  Load Region LR_IROM1 (Base: 0x08000000, Size: 0x0000751c, Max: 0x00020000, ABSOLUTE)

    Execution Region ER_IROM1 (Exec base: 0x08000000, Load base: 0x08000000, Size: 0x000074f8, Max: 0x00020000, ABSOLUTE)

    Exec Addr    Load Addr    Size         Type   Attr      Idx    E Section Name        Object

    0x08000000   0x08000000   0x000001d8   Data   RO            3    RESET               startup_stm32g431xx.o
    0x080001d8   0x080001d8   0x00000000   Code   RO         4457  * .ARM.Collect$$$$00000000  mc_w.l(entry.o)
    0x080001d8   0x080001d8   0x00000004   Code   RO         4757    .ARM.Collect$$$$00000001  mc_w.l(entry2.o)
    0x080001dc   0x080001dc   0x00000004   Code   RO         4760    .ARM.Collect$$$$00000004  mc_w.l(entry5.o)
    0x080001e0   0x080001e0   0x00000000   Code   RO         4762    .ARM.Collect$$$$00000008  mc_w.l(entry7b.o)
    0x080001e0   0x080001e0   0x00000000   Code   RO         4764    .ARM.Collect$$$$0000000A  mc_w.l(entry8b.o)
    0x080001e0   0x080001e0   0x00000008   Code   RO         4765    .ARM.Collect$$$$0000000B  mc_w.l(entry9a.o)
    0x080001e8   0x080001e8   0x00000004   Code   RO         4772    .ARM.Collect$$$$0000000E  mc_w.l(entry12b.o)
    0x080001ec   0x080001ec   0x00000000   Code   RO         4767    .ARM.Collect$$$$0000000F  mc_w.l(entry10a.o)
    0x080001ec   0x080001ec   0x00000000   Code   RO         4769    .ARM.Collect$$$$00000011  mc_w.l(entry11a.o)
    0x080001ec   0x080001ec   0x00000004   Code   RO         4758    .ARM.Collect$$$$00002712  mc_w.l(entry2.o)
    0x080001f0   0x080001f0   0x00000024   Code   RO            4    .text               startup_stm32g431xx.o
    0x08000214   0x08000214   0x00000062   Code   RO         4460    .text               mc_w.l(uldiv.o)
    0x08000276   0x08000276   0x00000024   Code   RO         4462    .text               mc_w.l(memseta.o)
    0x0800029a   0x0800029a   0x00000026   Code   RO         4725    .text               mf_w.l(f2d.o)
    0x080002c0   0x080002c0   0x00000038   Code   RO         4727    .text               mf_w.l(d2f.o)
    0x080002f8   0x080002f8   0x0000001e   Code   RO         4776    .text               mc_w.l(llshl.o)
    0x08000316   0x08000316   0x00000020   Code   RO         4778    .text               mc_w.l(llushr.o)
    0x08000336   0x08000336   0x00000000   Code   RO         4787    .text               mc_w.l(iusefp.o)
    0x08000336   0x08000336   0x0000006e   Code   RO         4788    .text               mf_w.l(fepilogue.o)
    0x080003a4   0x080003a4   0x0000014e   Code   RO         4790    .text               mf_w.l(dadd.o)
    0x080004f2   0x080004f2   0x000000e4   Code   RO         4792    .text               mf_w.l(dmul.o)
    0x080005d6   0x080005d6   0x000000de   Code   RO         4794    .text               mf_w.l(ddiv.o)
    0x080006b4   0x080006b4   0x00000024   Code   RO         4812    .text               mc_w.l(init.o)
    0x080006d8   0x080006d8   0x00000024   Code   RO         4814    .text               mc_w.l(llsshr.o)
    0x080006fc   0x080006fc   0x000000ba   Code   RO         4816    .text               mf_w.l(depilogue.o)
    0x080007b6   0x080007b6   0x00000022   Code   RO         4818    .text               mf_w.l(dflti.o)
    0x080007d8   0x080007d8   0x0000001a   Code   RO         4820    .text               mf_w.l(dfltui.o)
    0x080007f2   0x080007f2   0x0000003e   Code   RO         4822    .text               mf_w.l(dfixi.o)
    0x08000830   0x08000830   0x0000002c   Code   RO          333    i.ADC1_2_IRQHandler  stm32g4xx_it.o
    0x0800085c   0x0800085c   0x00000078   Code   RO          512    i.ADC_Enable        stm32g4xx_hal_adc.o
    0x080008d4   0x080008d4   0x00000004   Code   RO          334    i.BusFault_Handler  stm32g4xx_it.o
    0x080008d8   0x080008d8   0x00000002   Code   RO          335    i.DebugMon_Handler  stm32g4xx_it.o
    0x080008da   0x080008da   0x00000006   Code   RO          249    i.Error_Handler     main.o
    0x080008e0   0x080008e0   0x00000008   Code   RO         4257    i.FOC_hardware_init  foc.o
    0x080008e8   0x080008e8   0x00000098   Code   RO         4357    i.Get_PWM_Encoder_Angles  pwm_encoder.o
    0x08000980   0x08000980   0x00000002   Code   RO          789    i.HAL_ADCEx_EndOfSamplingCallback  stm32g4xx_hal_adc_ex.o
    0x08000982   0x08000982   0x00000002   PAD
    0x08000984   0x08000984   0x0000062c   Code   RO          791    i.HAL_ADCEx_InjectedConfigChannel  stm32g4xx_hal_adc_ex.o
    0x08000fb0   0x08000fb0   0x00000002   Code   RO          792    i.HAL_ADCEx_InjectedConvCpltCallback  stm32g4xx_hal_adc_ex.o
    0x08000fb2   0x08000fb2   0x0000003e   Code   RO          793    i.HAL_ADCEx_InjectedGetValue  stm32g4xx_hal_adc_ex.o
    0x08000ff0   0x08000ff0   0x00000002   Code   RO          795    i.HAL_ADCEx_InjectedQueueOverflowCallback  stm32g4xx_hal_adc_ex.o
    0x08000ff2   0x08000ff2   0x00000002   PAD
    0x08000ff4   0x08000ff4   0x00000108   Code   RO          796    i.HAL_ADCEx_InjectedStart  stm32g4xx_hal_adc_ex.o
    0x080010fc   0x080010fc   0x00000002   Code   RO          800    i.HAL_ADCEx_LevelOutOfWindow2Callback  stm32g4xx_hal_adc_ex.o
    0x080010fe   0x080010fe   0x00000002   Code   RO          801    i.HAL_ADCEx_LevelOutOfWindow3Callback  stm32g4xx_hal_adc_ex.o
    0x08001100   0x08001100   0x00000108   Code   RO          802    i.HAL_ADCEx_MultiModeConfigChannel  stm32g4xx_hal_adc_ex.o
    0x08001208   0x08001208   0x00000508   Code   RO          514    i.HAL_ADC_ConfigChannel  stm32g4xx_hal_adc.o
    0x08001710   0x08001710   0x00000002   Code   RO          515    i.HAL_ADC_ConvCpltCallback  stm32g4xx_hal_adc.o
    0x08001712   0x08001712   0x00000002   Code   RO          518    i.HAL_ADC_ErrorCallback  stm32g4xx_hal_adc.o
    0x08001714   0x08001714   0x00000330   Code   RO          522    i.HAL_ADC_IRQHandler  stm32g4xx_hal_adc.o
    0x08001a44   0x08001a44   0x00000264   Code   RO          523    i.HAL_ADC_Init      stm32g4xx_hal_adc.o
    0x08001ca8   0x08001ca8   0x00000002   Code   RO          524    i.HAL_ADC_LevelOutOfWindowCallback  stm32g4xx_hal_adc.o
    0x08001caa   0x08001caa   0x00000002   PAD
    0x08001cac   0x08001cac   0x00000144   Code   RO          440    i.HAL_ADC_MspInit   stm32g4xx_hal_msp.o
    0x08001df0   0x08001df0   0x00000094   Code   RO         1916    i.HAL_DMA_Abort_IT  stm32g4xx_hal_dma.o
    0x08001e84   0x08001e84   0x00000028   Code   RO         1026    i.HAL_Delay         stm32g4xx_hal.o
    0x08001eac   0x08001eac   0x000001d8   Code   RO         1777    i.HAL_GPIO_Init     stm32g4xx_hal_gpio.o
    0x08002084   0x08002084   0x00000014   Code   RO         1780    i.HAL_GPIO_TogglePin  stm32g4xx_hal_gpio.o
    0x08002098   0x08002098   0x0000000a   Code   RO         1781    i.HAL_GPIO_WritePin  stm32g4xx_hal_gpio.o
    0x080020a2   0x080020a2   0x00000002   PAD
    0x080020a4   0x080020a4   0x0000000c   Code   RO         1030    i.HAL_GetTick       stm32g4xx_hal.o
    0x080020b0   0x080020b0   0x00000018   Code   RO         1033    i.HAL_IncTick       stm32g4xx_hal.o
    0x080020c8   0x080020c8   0x0000001e   Code   RO         1034    i.HAL_Init          stm32g4xx_hal.o
    0x080020e6   0x080020e6   0x00000002   PAD
    0x080020e8   0x080020e8   0x00000058   Code   RO         1035    i.HAL_InitTick      stm32g4xx_hal.o
    0x08002140   0x08002140   0x00000048   Code   RO          441    i.HAL_MspInit       stm32g4xx_hal_msp.o
    0x08002188   0x08002188   0x00000028   Code   RO         2424    i.HAL_NVIC_EnableIRQ  stm32g4xx_hal_cortex.o
    0x080021b0   0x080021b0   0x0000007a   Code   RO         2430    i.HAL_NVIC_SetPriority  stm32g4xx_hal_cortex.o
    0x0800222a   0x0800222a   0x00000002   PAD
    0x0800222c   0x0800222c   0x00000028   Code   RO         2431    i.HAL_NVIC_SetPriorityGrouping  stm32g4xx_hal_cortex.o
    0x08002254   0x08002254   0x00000118   Code   RO         2180    i.HAL_PWREx_ControlVoltageScaling  stm32g4xx_hal_pwr_ex.o
    0x0800236c   0x0800236c   0x00000014   Code   RO         2192    i.HAL_PWREx_DisableUCPDDeadBattery  stm32g4xx_hal_pwr_ex.o
    0x08002380   0x08002380   0x00000370   Code   RO         1384    i.HAL_RCCEx_PeriphCLKConfig  stm32g4xx_hal_rcc_ex.o
    0x080026f0   0x080026f0   0x00000224   Code   RO         1254    i.HAL_RCC_ClockConfig  stm32g4xx_hal_rcc.o
    0x08002914   0x08002914   0x0000000c   Code   RO         1260    i.HAL_RCC_GetHCLKFreq  stm32g4xx_hal_rcc.o
    0x08002920   0x08002920   0x00000024   Code   RO         1262    i.HAL_RCC_GetPCLK1Freq  stm32g4xx_hal_rcc.o
    0x08002944   0x08002944   0x00000024   Code   RO         1263    i.HAL_RCC_GetPCLK2Freq  stm32g4xx_hal_rcc.o
    0x08002968   0x08002968   0x00000098   Code   RO         1264    i.HAL_RCC_GetSysClockFreq  stm32g4xx_hal_rcc.o
    0x08002a00   0x08002a00   0x00000568   Code   RO         1267    i.HAL_RCC_OscConfig  stm32g4xx_hal_rcc.o
    0x08002f68   0x08002f68   0x00000034   Code   RO         2435    i.HAL_SYSTICK_Config  stm32g4xx_hal_cortex.o
    0x08002f9c   0x08002f9c   0x00000002   Code   RO         3286    i.HAL_TIMEx_Break2Callback  stm32g4xx_hal_tim_ex.o
    0x08002f9e   0x08002f9e   0x00000002   Code   RO         3287    i.HAL_TIMEx_BreakCallback  stm32g4xx_hal_tim_ex.o
    0x08002fa0   0x08002fa0   0x00000002   Code   RO         3288    i.HAL_TIMEx_CommutCallback  stm32g4xx_hal_tim_ex.o
    0x08002fa2   0x08002fa2   0x00000002   PAD
    0x08002fa4   0x08002fa4   0x000000e8   Code   RO         3291    i.HAL_TIMEx_ConfigBreakDeadTime  stm32g4xx_hal_tim_ex.o
    0x0800308c   0x0800308c   0x000000d4   Code   RO         3292    i.HAL_TIMEx_ConfigBreakInput  stm32g4xx_hal_tim_ex.o
    0x08003160   0x08003160   0x00000002   Code   RO         3299    i.HAL_TIMEx_DirectionChangeCallback  stm32g4xx_hal_tim_ex.o
    0x08003162   0x08003162   0x00000012   Code   RO         3309    i.HAL_TIMEx_EnableDeadTimePreload  stm32g4xx_hal_tim_ex.o
    0x08003174   0x08003174   0x00000002   Code   RO         3313    i.HAL_TIMEx_EncoderIndexCallback  stm32g4xx_hal_tim_ex.o
    0x08003176   0x08003176   0x00000002   Code   RO         3327    i.HAL_TIMEx_IndexErrorCallback  stm32g4xx_hal_tim_ex.o
    0x08003178   0x08003178   0x000000b8   Code   RO         3328    i.HAL_TIMEx_MasterConfigSynchronization  stm32g4xx_hal_tim_ex.o
    0x08003230   0x08003230   0x000000e8   Code   RO         3340    i.HAL_TIMEx_PWMN_Start  stm32g4xx_hal_tim_ex.o
    0x08003318   0x08003318   0x00000002   Code   RO         3349    i.HAL_TIMEx_TransitionErrorCallback  stm32g4xx_hal_tim_ex.o
    0x0800331a   0x0800331a   0x0000006e   Code   RO         2561    i.HAL_TIM_Base_Init  stm32g4xx_hal_tim.o
    0x08003388   0x08003388   0x00000108   Code   RO          443    i.HAL_TIM_Base_MspInit  stm32g4xx_hal_msp.o
    0x08003490   0x08003490   0x00000090   Code   RO         2564    i.HAL_TIM_Base_Start  stm32g4xx_hal_tim.o
    0x08003520   0x08003520   0x00000130   Code   RO         2570    i.HAL_TIM_ConfigClockSource  stm32g4xx_hal_tim.o
    0x08003650   0x08003650   0x00000074   Code   RO         4358    i.HAL_TIM_IC_CaptureCallback  pwm_encoder.o
    0x080036c4   0x080036c4   0x000000d4   Code   RO         2597    i.HAL_TIM_IC_ConfigChannel  stm32g4xx_hal_tim.o
    0x08003798   0x08003798   0x0000006e   Code   RO         2600    i.HAL_TIM_IC_Init   stm32g4xx_hal_tim.o
    0x08003806   0x08003806   0x00000002   Code   RO         2602    i.HAL_TIM_IC_MspInit  stm32g4xx_hal_tim.o
    0x08003808   0x08003808   0x000001a8   Code   RO         2605    i.HAL_TIM_IC_Start_IT  stm32g4xx_hal_tim.o
    0x080039b0   0x080039b0   0x00000240   Code   RO         2609    i.HAL_TIM_IRQHandler  stm32g4xx_hal_tim.o
    0x08003bf0   0x08003bf0   0x000000b4   Code   RO          444    i.HAL_TIM_MspPostInit  stm32g4xx_hal_msp.o
    0x08003ca4   0x08003ca4   0x00000002   Code   RO         2612    i.HAL_TIM_OC_DelayElapsedCallback  stm32g4xx_hal_tim.o
    0x08003ca6   0x08003ca6   0x00000168   Code   RO         2633    i.HAL_TIM_PWM_ConfigChannel  stm32g4xx_hal_tim.o
    0x08003e0e   0x08003e0e   0x0000006e   Code   RO         2636    i.HAL_TIM_PWM_Init  stm32g4xx_hal_tim.o
    0x08003e7c   0x08003e7c   0x00000002   Code   RO         2638    i.HAL_TIM_PWM_MspInit  stm32g4xx_hal_tim.o
    0x08003e7e   0x08003e7e   0x00000002   Code   RO         2639    i.HAL_TIM_PWM_PulseFinishedCallback  stm32g4xx_hal_tim.o
    0x08003e80   0x08003e80   0x0000014c   Code   RO         2641    i.HAL_TIM_PWM_Start  stm32g4xx_hal_tim.o
    0x08003fcc   0x08003fcc   0x00000002   Code   RO         2647    i.HAL_TIM_PeriodElapsedCallback  stm32g4xx_hal_tim.o
    0x08003fce   0x08003fce   0x00000032   Code   RO         2649    i.HAL_TIM_ReadCapturedValue  stm32g4xx_hal_tim.o
    0x08004000   0x08004000   0x0000006c   Code   RO         2650    i.HAL_TIM_SlaveConfigSynchro  stm32g4xx_hal_tim.o
    0x0800406c   0x0800406c   0x00000002   Code   RO         2652    i.HAL_TIM_TriggerCallback  stm32g4xx_hal_tim.o
    0x0800406e   0x0800406e   0x0000004e   Code   RO         4122    i.HAL_UARTEx_DisableFifoMode  stm32g4xx_hal_uart_ex.o
    0x080040bc   0x080040bc   0x00000002   Code   RO         4126    i.HAL_UARTEx_RxFifoFullCallback  stm32g4xx_hal_uart_ex.o
    0x080040be   0x080040be   0x0000005e   Code   RO         4127    i.HAL_UARTEx_SetRxFifoThreshold  stm32g4xx_hal_uart_ex.o
    0x0800411c   0x0800411c   0x0000005e   Code   RO         4128    i.HAL_UARTEx_SetTxFifoThreshold  stm32g4xx_hal_uart_ex.o
    0x0800417a   0x0800417a   0x00000002   Code   RO         4130    i.HAL_UARTEx_TxFifoEmptyCallback  stm32g4xx_hal_uart_ex.o
    0x0800417c   0x0800417c   0x00000002   Code   RO         4131    i.HAL_UARTEx_WakeupCallback  stm32g4xx_hal_uart_ex.o
    0x0800417e   0x0800417e   0x00000002   Code   RO         3739    i.HAL_UART_ErrorCallback  stm32g4xx_hal_uart.o
    0x08004180   0x08004180   0x0000020c   Code   RO         3742    i.HAL_UART_IRQHandler  stm32g4xx_hal_uart.o
    0x0800438c   0x0800438c   0x00000078   Code   RO         3743    i.HAL_UART_Init     stm32g4xx_hal_uart.o
    0x08004404   0x08004404   0x00000084   Code   RO          446    i.HAL_UART_MspInit  stm32g4xx_hal_msp.o
    0x08004488   0x08004488   0x0000013c   Code   RO         3748    i.HAL_UART_Receive_IT  stm32g4xx_hal_uart.o
    0x080045c4   0x080045c4   0x00000028   Code   RO          176    i.HAL_UART_RxCpltCallback  debug.o
    0x080045ec   0x080045ec   0x000000d6   Code   RO         3752    i.HAL_UART_Transmit  stm32g4xx_hal_uart.o
    0x080046c2   0x080046c2   0x00000002   PAD
    0x080046c4   0x080046c4   0x000000b8   Code   RO         3754    i.HAL_UART_Transmit_IT  stm32g4xx_hal_uart.o
    0x0800477c   0x0800477c   0x00000002   Code   RO         3755    i.HAL_UART_TxCpltCallback  stm32g4xx_hal_uart.o
    0x0800477e   0x0800477e   0x00000004   Code   RO          336    i.HardFault_Handler  stm32g4xx_it.o
    0x08004782   0x08004782   0x00000002   PAD
    0x08004784   0x08004784   0x00000010   Code   RO          537    i.LL_ADC_Enable     stm32g4xx_hal_adc.o
    0x08004794   0x08004794   0x0000000a   Code   RO          538    i.LL_ADC_GetMultimode  stm32g4xx_hal_adc.o
    0x0800479e   0x0800479e   0x00000012   Code   RO          539    i.LL_ADC_GetOffsetChannel  stm32g4xx_hal_adc.o
    0x080047b0   0x080047b0   0x00000012   Code   RO          810    i.LL_ADC_GetOffsetChannel  stm32g4xx_hal_adc_ex.o
    0x080047c2   0x080047c2   0x0000000a   Code   RO          811    i.LL_ADC_INJ_GetTrigAuto  stm32g4xx_hal_adc_ex.o
    0x080047cc   0x080047cc   0x0000000a   Code   RO          540    i.LL_ADC_INJ_IsConversionOngoing  stm32g4xx_hal_adc.o
    0x080047d6   0x080047d6   0x0000000a   Code   RO          812    i.LL_ADC_INJ_IsConversionOngoing  stm32g4xx_hal_adc_ex.o
    0x080047e0   0x080047e0   0x00000014   Code   RO          813    i.LL_ADC_INJ_StartConversion  stm32g4xx_hal_adc_ex.o
    0x080047f4   0x080047f4   0x0000000a   Code   RO          542    i.LL_ADC_IsEnabled  stm32g4xx_hal_adc.o
    0x080047fe   0x080047fe   0x0000000a   Code   RO          814    i.LL_ADC_IsEnabled  stm32g4xx_hal_adc_ex.o
    0x08004808   0x08004808   0x0000000a   Code   RO          543    i.LL_ADC_IsInternalRegulatorEnabled  stm32g4xx_hal_adc.o
    0x08004812   0x08004812   0x0000000a   Code   RO          544    i.LL_ADC_REG_IsConversionOngoing  stm32g4xx_hal_adc.o
    0x0800481c   0x0800481c   0x0000000a   Code   RO          815    i.LL_ADC_REG_IsConversionOngoing  stm32g4xx_hal_adc_ex.o
    0x08004826   0x08004826   0x00000012   Code   RO          545    i.LL_ADC_REG_IsTriggerSourceSWStart  stm32g4xx_hal_adc.o
    0x08004838   0x08004838   0x00000028   Code   RO          548    i.LL_ADC_SetChannelSamplingTime  stm32g4xx_hal_adc.o
    0x08004860   0x08004860   0x00000028   Code   RO          816    i.LL_ADC_SetChannelSamplingTime  stm32g4xx_hal_adc_ex.o
    0x08004888   0x08004888   0x0000000c   Code   RO          549    i.LL_ADC_SetCommonPathInternalCh  stm32g4xx_hal_adc.o
    0x08004894   0x08004894   0x0000000c   Code   RO          817    i.LL_ADC_SetCommonPathInternalCh  stm32g4xx_hal_adc_ex.o
    0x080048a0   0x080048a0   0x00000016   Code   RO          550    i.LL_ADC_SetOffsetState  stm32g4xx_hal_adc.o
    0x080048b6   0x080048b6   0x00000016   Code   RO          818    i.LL_ADC_SetOffsetState  stm32g4xx_hal_adc_ex.o
    0x080048cc   0x080048cc   0x0000000c   Code   RO          551    i.LL_ADC_SetSamplingTimeCommonConfig  stm32g4xx_hal_adc.o
    0x080048d8   0x080048d8   0x0000000c   Code   RO          819    i.LL_ADC_SetSamplingTimeCommonConfig  stm32g4xx_hal_adc_ex.o
    0x080048e4   0x080048e4   0x0000015c   Code   RO          250    i.MX_ADC1_Init      main.o
    0x08004a40   0x08004a40   0x000000e0   Code   RO          251    i.MX_ADC2_Init      main.o
    0x08004b20   0x08004b20   0x000000cc   Code   RO          252    i.MX_GPIO_Init      main.o
    0x08004bec   0x08004bec   0x00000160   Code   RO          253    i.MX_TIM1_Init      main.o
    0x08004d4c   0x08004d4c   0x000000dc   Code   RO          254    i.MX_TIM3_Init      main.o
    0x08004e28   0x08004e28   0x0000006c   Code   RO          255    i.MX_USART2_UART_Init  main.o
    0x08004e94   0x08004e94   0x00000004   Code   RO          337    i.MemManage_Handler  stm32g4xx_it.o
    0x08004e98   0x08004e98   0x0000006c   Code   RO         4406    i.Motor_Align       motor_function.o
    0x08004f04   0x08004f04   0x00000004   Code   RO          338    i.NMI_Handler       stm32g4xx_it.o
    0x08004f08   0x08004f08   0x00000084   Code   RO         4326    i.PWM_ADC_init      motor_bsp.o
    0x08004f8c   0x08004f8c   0x00000018   Code   RO         4359    i.PWM_encoder_init  pwm_encoder.o
    0x08004fa4   0x08004fa4   0x00000002   Code   RO          339    i.PendSV_Handler    stm32g4xx_it.o
    0x08004fa6   0x08004fa6   0x00000002   PAD
    0x08004fa8   0x08004fa8   0x00000068   Code   RO         1268    i.RCC_GetSysClockFreqFromPLLSource  stm32g4xx_hal_rcc.o
    0x08005010   0x08005010   0x00000002   Code   RO          340    i.SVC_Handler       stm32g4xx_it.o
    0x08005012   0x08005012   0x00000002   PAD
    0x08005014   0x08005014   0x000004e4   Code   RO         4259    i.SVPWM             foc.o
    0x080054f8   0x080054f8   0x00000008   Code   RO          341    i.SysTick_Handler   stm32g4xx_it.o
    0x08005500   0x08005500   0x0000008c   Code   RO          256    i.SystemClock_Config  main.o
    0x0800558c   0x0800558c   0x0000001c   Code   RO         4221    i.SystemInit        system_stm32g4xx.o
    0x080055a8   0x080055a8   0x00000010   Code   RO          342    i.TIM1_BRK_TIM15_IRQHandler  stm32g4xx_it.o
    0x080055b8   0x080055b8   0x00000010   Code   RO          343    i.TIM1_UP_TIM16_IRQHandler  stm32g4xx_it.o
    0x080055c8   0x080055c8   0x00000010   Code   RO          344    i.TIM3_IRQHandler   stm32g4xx_it.o
    0x080055d8   0x080055d8   0x000000bc   Code   RO         2654    i.TIM_Base_SetConfig  stm32g4xx_hal_tim.o
    0x08005694   0x08005694   0x00000022   Code   RO         2655    i.TIM_CCxChannelCmd  stm32g4xx_hal_tim.o
    0x080056b6   0x080056b6   0x00000022   Code   RO         3352    i.TIM_CCxNChannelCmd  stm32g4xx_hal_tim_ex.o
    0x080056d8   0x080056d8   0x00000016   Code   RO         2665    i.TIM_ETR_SetConfig  stm32g4xx_hal_tim.o
    0x080056ee   0x080056ee   0x00000002   PAD
    0x080056f0   0x080056f0   0x00000018   Code   RO         2666    i.TIM_ITRx_SetConfig  stm32g4xx_hal_tim.o
    0x08005708   0x08005708   0x000000ac   Code   RO         2667    i.TIM_OC1_SetConfig  stm32g4xx_hal_tim.o
    0x080057b4   0x080057b4   0x000000b4   Code   RO         2668    i.TIM_OC2_SetConfig  stm32g4xx_hal_tim.o
    0x08005868   0x08005868   0x000000b4   Code   RO         2669    i.TIM_OC3_SetConfig  stm32g4xx_hal_tim.o
    0x0800591c   0x0800591c   0x000000b4   Code   RO         2670    i.TIM_OC4_SetConfig  stm32g4xx_hal_tim.o
    0x080059d0   0x080059d0   0x00000070   Code   RO         2671    i.TIM_OC5_SetConfig  stm32g4xx_hal_tim.o
    0x08005a40   0x08005a40   0x00000070   Code   RO         2672    i.TIM_OC6_SetConfig  stm32g4xx_hal_tim.o
    0x08005ab0   0x08005ab0   0x000000fc   Code   RO         2673    i.TIM_SlaveTimer_SetConfig  stm32g4xx_hal_tim.o
    0x08005bac   0x08005bac   0x00000026   Code   RO         2674    i.TIM_TI1_ConfigInputStage  stm32g4xx_hal_tim.o
    0x08005bd2   0x08005bd2   0x00000002   PAD
    0x08005bd4   0x08005bd4   0x0000007c   Code   RO         2675    i.TIM_TI1_SetConfig  stm32g4xx_hal_tim.o
    0x08005c50   0x08005c50   0x00000028   Code   RO         2676    i.TIM_TI2_ConfigInputStage  stm32g4xx_hal_tim.o
    0x08005c78   0x08005c78   0x0000003a   Code   RO         2677    i.TIM_TI2_SetConfig  stm32g4xx_hal_tim.o
    0x08005cb2   0x08005cb2   0x00000038   Code   RO         2678    i.TIM_TI3_SetConfig  stm32g4xx_hal_tim.o
    0x08005cea   0x08005cea   0x0000003c   Code   RO         2679    i.TIM_TI4_SetConfig  stm32g4xx_hal_tim.o
    0x08005d26   0x08005d26   0x00000002   PAD
    0x08005d28   0x08005d28   0x00000070   Code   RO         4132    i.UARTEx_SetNbDataToProcess  stm32g4xx_hal_uart_ex.o
    0x08005d98   0x08005d98   0x000000f8   Code   RO         3757    i.UART_AdvFeatureConfig  stm32g4xx_hal_uart.o
    0x08005e90   0x08005e90   0x00000074   Code   RO         3758    i.UART_CheckIdleState  stm32g4xx_hal_uart.o
    0x08005f04   0x08005f04   0x00000018   Code   RO         3759    i.UART_DMAAbortOnError  stm32g4xx_hal_uart.o
    0x08005f1c   0x08005f1c   0x00000028   Code   RO         3769    i.UART_EndRxTransfer  stm32g4xx_hal_uart.o
    0x08005f44   0x08005f44   0x00000022   Code   RO         3770    i.UART_EndTransmit_IT  stm32g4xx_hal_uart.o
    0x08005f66   0x08005f66   0x00000070   Code   RO         3772    i.UART_RxISR_16BIT  stm32g4xx_hal_uart.o
    0x08005fd6   0x08005fd6   0x00000002   PAD
    0x08005fd8   0x08005fd8   0x000000b4   Code   RO         3773    i.UART_RxISR_16BIT_FIFOEN  stm32g4xx_hal_uart.o
    0x0800608c   0x0800608c   0x0000006c   Code   RO         3774    i.UART_RxISR_8BIT   stm32g4xx_hal_uart.o
    0x080060f8   0x080060f8   0x000000b4   Code   RO         3775    i.UART_RxISR_8BIT_FIFOEN  stm32g4xx_hal_uart.o
    0x080061ac   0x080061ac   0x00000394   Code   RO         3776    i.UART_SetConfig    stm32g4xx_hal_uart.o
    0x08006540   0x08006540   0x00000046   Code   RO         3777    i.UART_TxISR_16BIT  stm32g4xx_hal_uart.o
    0x08006586   0x08006586   0x00000062   Code   RO         3778    i.UART_TxISR_16BIT_FIFOEN  stm32g4xx_hal_uart.o
    0x080065e8   0x080065e8   0x00000042   Code   RO         3779    i.UART_TxISR_8BIT   stm32g4xx_hal_uart.o
    0x0800662a   0x0800662a   0x0000005c   Code   RO         3780    i.UART_TxISR_8BIT_FIFOEN  stm32g4xx_hal_uart.o
    0x08006686   0x08006686   0x000000be   Code   RO         3781    i.UART_WaitOnFlagUntilTimeout  stm32g4xx_hal_uart.o
    0x08006744   0x08006744   0x00000010   Code   RO          345    i.USART2_IRQHandler  stm32g4xx_it.o
    0x08006754   0x08006754   0x00000004   Code   RO          346    i.UsageFault_Handler  stm32g4xx_it.o
    0x08006758   0x08006758   0x00000030   Code   RO         4808    i.__ARM_fpclassify  m_wm.l(fpclassify.o)
    0x08006788   0x08006788   0x00000010   Code   RO         2437    i.__NVIC_GetPriorityGrouping  stm32g4xx_hal_cortex.o
    0x08006798   0x08006798   0x00000028   Code   RO         2438    i.__NVIC_SetPriority  stm32g4xx_hal_cortex.o
    0x080067c0   0x080067c0   0x000000c8   Code   RO         4433    i.__hardfp_cos      m_wm.l(cos.o)
    0x08006888   0x08006888   0x000000c8   Code   RO         4445    i.__hardfp_sin      m_wm.l(sin.o)
    0x08006950   0x08006950   0x00000438   Code   RO         4746    i.__ieee754_rem_pio2  m_wm.l(rred.o)
    0x08006d88   0x08006d88   0x00000170   Code   RO         4729    i.__kernel_cos      m_wm.l(cos_i.o)
    0x08006ef8   0x08006ef8   0x000000f8   Code   RO         4810    i.__kernel_poly     m_wm.l(poly.o)
    0x08006ff0   0x08006ff0   0x00000130   Code   RO         4751    i.__kernel_sin      m_wm.l(sin_i.o)
    0x08007120   0x08007120   0x00000014   Code   RO         4733    i.__mathlib_dbl_infnan  m_wm.l(dunder.o)
    0x08007134   0x08007134   0x00000004   PAD
    0x08007138   0x08007138   0x00000020   Code   RO         4735    i.__mathlib_dbl_invalid  m_wm.l(dunder.o)
    0x08007158   0x08007158   0x00000020   Code   RO         4738    i.__mathlib_dbl_underflow  m_wm.l(dunder.o)
    0x08007178   0x08007178   0x0000000e   Code   RO         4826    i.__scatterload_copy  mc_w.l(handlers.o)
    0x08007186   0x08007186   0x00000002   Code   RO         4827    i.__scatterload_null  mc_w.l(handlers.o)
    0x08007188   0x08007188   0x0000000e   Code   RO         4828    i.__scatterload_zeroinit  mc_w.l(handlers.o)
    0x08007196   0x08007196   0x00000002   PAD
    0x08007198   0x08007198   0x0000000c   Code   RO         4782    i.__set_errno       mc_w.l(errno.o)
    0x080071a4   0x080071a4   0x00000018   Code   RO         4804    i.fabs              m_wm.l(fabs.o)
    0x080071bc   0x080071bc   0x00000094   Code   RO         4261    i.inverseParkTransform  foc.o
    0x08007250   0x08007250   0x00000052   Code   RO          257    i.main              main.o
    0x080072a2   0x080072a2   0x00000002   PAD
    0x080072a4   0x080072a4   0x00000054   Code   RO         4407    i.motor_open_loop_control  motor_function.o
    0x080072f8   0x080072f8   0x00000018   Code   RO         4327    i.set_PWM_value     motor_bsp.o
    0x08007310   0x08007310   0x00000050   Code   RO           15    i.test_get_ADC_value  test.o
    0x08007360   0x08007360   0x00000024   Code   RO          179    i.uart_debug_init   debug.o
    0x08007384   0x08007384   0x00000018   Data   RO         3782    .constdata          stm32g4xx_hal_uart.o
    0x0800739c   0x0800739c   0x00000018   Data   RO         4222    .constdata          system_stm32g4xx.o
    0x080073b4   0x080073b4   0x00000004   PAD
    0x080073b8   0x080073b8   0x00000030   Data   RO         4730    .constdata          m_wm.l(cos_i.o)
    0x080073e8   0x080073e8   0x000000c8   Data   RO         4748    .constdata          m_wm.l(rred.o)
    0x080074b0   0x080074b0   0x00000028   Data   RO         4752    .constdata          m_wm.l(sin_i.o)
    0x080074d8   0x080074d8   0x00000020   Data   RO         4824    Region$$Table       anon$$obj.o


    Execution Region RW_IRAM1 (Exec base: 0x20000000, Load base: 0x080074f8, Size: 0x00000658, Max: 0x00008000, ABSOLUTE)

    Exec Addr    Load Addr    Size         Type   Attr      Idx    E Section Name        Object

    0x20000000   0x080074f8   0x00000008   Data   RW           17    .data               test.o
    0x20000008   0x08007500   0x00000004   Data   RW          183    .data               debug.o
    0x2000000c   0x08007504   0x00000004   Data   RW          447    .data               stm32g4xx_hal_msp.o
    0x20000010   0x08007508   0x0000000c   Data   RW         1054    .data               stm32g4xx_hal.o
    0x2000001c   0x08007514   0x00000004   Data   RW         4223    .data               system_stm32g4xx.o
    0x20000020   0x08007518   0x00000004   Data   RW         4783    .data               mc_w.l(errno.o)
    0x20000024        -       0x00000014   Zero   RW          182    .bss                debug.o
    0x20000038        -       0x000001fc   Zero   RW          258    .bss                main.o
    0x20000234        -       0x00000020   Zero   RW         4361    .bss                pwm_encoder.o
    0x20000254   0x0800751c   0x00000004   PAD
    0x20000258        -       0x00000400   Zero   RW            1    STACK               startup_stm32g431xx.o


==============================================================================

Image component sizes


      Code (inc. data)   RO Data    RW Data    ZI Data      Debug   Object Name

        76         22          0          4         20       1876   debug.o
      1408         22          0          0          0       3723   foc.o
      1684         66          0          0        508       8111   main.o
       156         16          0          0          0       1191   motor_bsp.o
       192         24          0          0          0       1564   motor_function.o
       292         36          0          0         32       2987   pwm_encoder.o
        36          8        472          0       1024        880   startup_stm32g431xx.o
       194         32          0         12          0       4637   stm32g4xx_hal.o
      3030         98          0          0          0      81623   stm32g4xx_hal_adc.o
      2344         84          0          0          0      80733   stm32g4xx_hal_adc_ex.o
       310         22          0          0          0      34663   stm32g4xx_hal_cortex.o
       148          0          0          0          0       1187   stm32g4xx_hal_dma.o
       502         34          0          0          0       3093   stm32g4xx_hal_gpio.o
       972         58          0          4          0       4664   stm32g4xx_hal_msp.o
       300         18          0          0          0       1501   stm32g4xx_hal_pwr_ex.o
      2272        108          0          0          0       7316   stm32g4xx_hal_rcc.o
       880          8          0          0          0       1968   stm32g4xx_hal_rcc_ex.o
      4684        320          0          0          0      28605   stm32g4xx_hal_tim.o
       926         60          0          0          0      10470   stm32g4xx_hal_tim_ex.o
      3836        130         24          0          0      37568   stm32g4xx_hal_uart.o
       384         18          0          0          0       5774   stm32g4xx_hal_uart_ex.o
       142         38          0          0          0       7375   stm32g4xx_it.o
        28          4         24          4          0       1295   system_stm32g4xx.o
        80         24          0          8          0     670945   test.o

    ----------------------------------------------------------------------
     24908       1250        556         32       1588    1003749   Object Totals
         0          0         32          0          0          0   (incl. Generated)
        32          0          4          0          4          0   (incl. Padding)

    ----------------------------------------------------------------------

      Code (inc. data)   RO Data    RW Data    ZI Data      Debug   Library Member Name

       200         20          0          0          0        164   cos.o
       368         46         48          0          0        200   cos_i.o
        84         16          0          0          0        372   dunder.o
        24          0          0          0          0        124   fabs.o
        48          0          0          0          0        124   fpclassify.o
       248          0          0          0          0        152   poly.o
      1080        142        200          0          0        188   rred.o
       200         20          0          0          0        164   sin.o
       304         24         40          0          0        208   sin_i.o
         0          0          0          0          0          0   entry.o
         0          0          0          0          0          0   entry10a.o
         0          0          0          0          0          0   entry11a.o
         4          0          0          0          0          0   entry12b.o
         8          4          0          0          0          0   entry2.o
         4          0          0          0          0          0   entry5.o
         0          0          0          0          0          0   entry7b.o
         0          0          0          0          0          0   entry8b.o
         8          4          0          0          0          0   entry9a.o
        12          6          0          4          0         68   errno.o
        30          0          0          0          0          0   handlers.o
        36          8          0          0          0         68   init.o
         0          0          0          0          0          0   iusefp.o
        30          0          0          0          0         68   llshl.o
        36          0          0          0          0         68   llsshr.o
        32          0          0          0          0         68   llushr.o
        36          0          0          0          0        108   memseta.o
        98          0          0          0          0         92   uldiv.o
        56          0          0          0          0         88   d2f.o
       334          0          0          0          0        148   dadd.o
       222          0          0          0          0        100   ddiv.o
       186          0          0          0          0        176   depilogue.o
        62          0          0          0          0         80   dfixi.o
        34          0          0          0          0         76   dflti.o
        26          0          0          0          0         76   dfltui.o
       228          0          0          0          0         96   dmul.o
        38          0          0          0          0         68   f2d.o
       110          0          0          0          0        168   fepilogue.o

    ----------------------------------------------------------------------
      4192        290        288          4          0       3312   Library Totals
         6          0          0          0          0          0   (incl. Padding)

    ----------------------------------------------------------------------

      Code (inc. data)   RO Data    RW Data    ZI Data      Debug   Library Name

      2556        268        288          0          0       1696   m_wm.l
       334         22          0          4          0        540   mc_w.l
      1296          0          0          0          0       1076   mf_w.l

    ----------------------------------------------------------------------
      4192        290        288          4          0       3312   Library Totals

    ----------------------------------------------------------------------

==============================================================================


      Code (inc. data)   RO Data    RW Data    ZI Data      Debug   

     29100       1540        844         36       1588     987937   Grand Totals
     29100       1540        844         36       1588     987937   ELF Image Totals
     29100       1540        844         36          0          0   ROM Totals

==============================================================================

    Total RO  Size (Code + RO Data)                29944 (  29.24kB)
    Total RW  Size (RW Data + ZI Data)              1624 (   1.59kB)
    Total ROM Size (Code + RO Data + RW Data)      29980 (  29.28kB)

==============================================================================

