../Core/Src/main.c:90:5:main	8	static
../Core/Src/main.c:154:6:SystemClock_Config	88	static
../Core/Src/main.c:200:13:MX_ADC1_Init	112	static
../Core/Src/main.c:325:13:MX_ADC2_Init	104	static
../Core/Src/main.c:414:13:MX_I2C3_Init	8	static
../Core/Src/main.c:462:13:MX_TIM1_Init	128	static
../Core/Src/main.c:566:13:MX_TIM2_Init	40	static
../Core/Src/main.c:611:13:MX_TIM3_Init	72	static
../Core/Src/main.c:684:13:MX_USART2_UART_Init	8	static
../Core/Src/main.c:732:13:MX_GPIO_Init	48	static
../Core/Src/main.c:776:6:Error_Handler	4	static,ignoring_inline_asm
