../Core/Src/main.c:90:5:main	8	static
../Core/Src/main.c:163:6:SystemClock_Config	88	static
../Core/Src/main.c:209:13:MX_ADC1_Init	112	static
../Core/Src/main.c:334:13:MX_ADC2_Init	104	static
../Core/Src/main.c:423:13:MX_I2C3_Init	8	static
../Core/Src/main.c:471:13:MX_TIM1_Init	128	static
../Core/Src/main.c:575:13:MX_TIM2_Init	40	static
../Core/Src/main.c:620:13:MX_TIM3_Init	72	static
../Core/Src/main.c:693:13:MX_USART2_UART_Init	8	static
../Core/Src/main.c:741:13:MX_GPIO_Init	48	static
../Core/Src/main.c:785:6:Error_Handler	4	static,ignoring_inline_asm
